Archive member included to satisfy reference by file (symbol)

d:/gnu arm embedded toolchain/10 2021.10/bin/../lib/gcc/arm-none-eabi/10.3.1/../../../../arm-none-eabi/lib/thumb/v7e-m+dp/hard\libc_nano.a(lib_a-exit.o)
                              d:/gnu arm embedded toolchain/10 2021.10/bin/../lib/gcc/arm-none-eabi/10.3.1/../../../../arm-none-eabi/lib/thumb/v7e-m+dp/hard/crt0.o (exit)
d:/gnu arm embedded toolchain/10 2021.10/bin/../lib/gcc/arm-none-eabi/10.3.1/../../../../arm-none-eabi/lib/thumb/v7e-m+dp/hard\libc_nano.a(lib_a-impure.o)
                              d:/gnu arm embedded toolchain/10 2021.10/bin/../lib/gcc/arm-none-eabi/10.3.1/../../../../arm-none-eabi/lib/thumb/v7e-m+dp/hard\libc_nano.a(lib_a-exit.o) (_global_impure_ptr)
d:/gnu arm embedded toolchain/10 2021.10/bin/../lib/gcc/arm-none-eabi/10.3.1/../../../../arm-none-eabi/lib/thumb/v7e-m+dp/hard\libc_nano.a(lib_a-init.o)
                              d:/gnu arm embedded toolchain/10 2021.10/bin/../lib/gcc/arm-none-eabi/10.3.1/../../../../arm-none-eabi/lib/thumb/v7e-m+dp/hard/crt0.o (__libc_init_array)
d:/gnu arm embedded toolchain/10 2021.10/bin/../lib/gcc/arm-none-eabi/10.3.1/../../../../arm-none-eabi/lib/thumb/v7e-m+dp/hard\libc_nano.a(lib_a-malloc.o)
                              CMakeFiles/hello_world.elf.dir/F_/NXP/ref/SDK_2.6.0_EVKB-IMXRT1050/SDK_2.6.0_EVKB-IMXRT1050/devices/MIMXRT1052/drivers/fsl_common.c.obj (malloc)
d:/gnu arm embedded toolchain/10 2021.10/bin/../lib/gcc/arm-none-eabi/10.3.1/../../../../arm-none-eabi/lib/thumb/v7e-m+dp/hard\libc_nano.a(lib_a-memset.o)
                              d:/gnu arm embedded toolchain/10 2021.10/bin/../lib/gcc/arm-none-eabi/10.3.1/../../../../arm-none-eabi/lib/thumb/v7e-m+dp/hard/crt0.o (memset)
d:/gnu arm embedded toolchain/10 2021.10/bin/../lib/gcc/arm-none-eabi/10.3.1/../../../../arm-none-eabi/lib/thumb/v7e-m+dp/hard\libc_nano.a(lib_a-nano-freer.o)
                              d:/gnu arm embedded toolchain/10 2021.10/bin/../lib/gcc/arm-none-eabi/10.3.1/../../../../arm-none-eabi/lib/thumb/v7e-m+dp/hard\libc_nano.a(lib_a-malloc.o) (_free_r)
d:/gnu arm embedded toolchain/10 2021.10/bin/../lib/gcc/arm-none-eabi/10.3.1/../../../../arm-none-eabi/lib/thumb/v7e-m+dp/hard\libc_nano.a(lib_a-nano-mallocr.o)
                              d:/gnu arm embedded toolchain/10 2021.10/bin/../lib/gcc/arm-none-eabi/10.3.1/../../../../arm-none-eabi/lib/thumb/v7e-m+dp/hard\libc_nano.a(lib_a-malloc.o) (_malloc_r)
d:/gnu arm embedded toolchain/10 2021.10/bin/../lib/gcc/arm-none-eabi/10.3.1/../../../../arm-none-eabi/lib/thumb/v7e-m+dp/hard\libc_nano.a(lib_a-sbrkr.o)
                              d:/gnu arm embedded toolchain/10 2021.10/bin/../lib/gcc/arm-none-eabi/10.3.1/../../../../arm-none-eabi/lib/thumb/v7e-m+dp/hard\libc_nano.a(lib_a-nano-mallocr.o) (_sbrk_r)
d:/gnu arm embedded toolchain/10 2021.10/bin/../lib/gcc/arm-none-eabi/10.3.1/../../../../arm-none-eabi/lib/thumb/v7e-m+dp/hard\libc_nano.a(lib_a-strlen.o)
                              CMakeFiles/hello_world.elf.dir/e80b1e64208fade1e56dcc745157207a/SDK_2.6.0_EVKB-IMXRT1050/devices/MIMXRT1052/utilities/str/fsl_str.c.obj (strlen)
d:/gnu arm embedded toolchain/10 2021.10/bin/../lib/gcc/arm-none-eabi/10.3.1/../../../../arm-none-eabi/lib/thumb/v7e-m+dp/hard\libc_nano.a(lib_a-mlock.o)
                              d:/gnu arm embedded toolchain/10 2021.10/bin/../lib/gcc/arm-none-eabi/10.3.1/../../../../arm-none-eabi/lib/thumb/v7e-m+dp/hard\libc_nano.a(lib_a-nano-freer.o) (__malloc_lock)
d:/gnu arm embedded toolchain/10 2021.10/bin/../lib/gcc/arm-none-eabi/10.3.1/../../../../arm-none-eabi/lib/thumb/v7e-m+dp/hard\libc_nano.a(lib_a-reent.o)
                              d:/gnu arm embedded toolchain/10 2021.10/bin/../lib/gcc/arm-none-eabi/10.3.1/../../../../arm-none-eabi/lib/thumb/v7e-m+dp/hard\libc_nano.a(lib_a-sbrkr.o) (errno)
d:/gnu arm embedded toolchain/10 2021.10/bin/../lib/gcc/arm-none-eabi/10.3.1/../../../../arm-none-eabi/lib/thumb/v7e-m+dp/hard\libc_nano.a(lib_a-lock.o)
                              d:/gnu arm embedded toolchain/10 2021.10/bin/../lib/gcc/arm-none-eabi/10.3.1/../../../../arm-none-eabi/lib/thumb/v7e-m+dp/hard\libc_nano.a(lib_a-mlock.o) (__retarget_lock_acquire_recursive)
d:/gnu arm embedded toolchain/10 2021.10/bin/../lib/gcc/arm-none-eabi/10.3.1/thumb/v7e-m+dp/hard\libgcc.a(_aeabi_uldivmod.o)
                              CMakeFiles/hello_world.elf.dir/F_/NXP/ref/SDK_2.6.0_EVKB-IMXRT1050/SDK_2.6.0_EVKB-IMXRT1050/devices/MIMXRT1052/system_MIMXRT1052.c.obj (__aeabi_uldivmod)
d:/gnu arm embedded toolchain/10 2021.10/bin/../lib/gcc/arm-none-eabi/10.3.1/thumb/v7e-m+dp/hard\libgcc.a(_udivmoddi4.o)
                              d:/gnu arm embedded toolchain/10 2021.10/bin/../lib/gcc/arm-none-eabi/10.3.1/thumb/v7e-m+dp/hard\libgcc.a(_aeabi_uldivmod.o) (__udivmoddi4)
d:/gnu arm embedded toolchain/10 2021.10/bin/../lib/gcc/arm-none-eabi/10.3.1/thumb/v7e-m+dp/hard\libgcc.a(_dvmd_tls.o)
[...]
Memory Configuration

Name             Origin             Length             Attributes
m_interrupts     0x00000000         0x00000400         xr
m_text           0x00000400         0x0001fc00         xr
m_data           0x20000000         0x00020000         rw
m_data2          0x20200000         0x00040000         rw
*default*        0x00000000         0xffffffff

Linker script and memory map

LOAD d:/gnu arm embedded toolchain/10 2021.10/bin/../lib/gcc/arm-none-eabi/10.3.1/thumb/v7e-m+dp/hard/crti.o
LOAD d:/gnu arm embedded toolchain/10 2021.10/bin/../lib/gcc/arm-none-eabi/10.3.1/thumb/v7e-m+dp/hard/crtbegin.o
LOAD d:/gnu arm embedded toolchain/10 2021.10/bin/../lib/gcc/arm-none-eabi/10.3.1/../../../../arm-none-eabi/lib/thumb/v7e-m+dp/hard/crt0.o
LOAD CMakeFiles/hello_world.elf.dir/e80b1e64208fade1e56dcc745157207a/SDK_2.6.0_EVKB-IMXRT1050/devices/MIMXRT1052/gcc/startup_MIMXRT1052.S.obj
LOAD CMakeFiles/hello_world.elf.dir/06b4f722f0096b8e831cef3a518bd843/boards/evkbimxrt1050/demo_apps/hello_world/board.c.obj
LOAD CMakeFiles/hello_world.elf.dir/06b4f722f0096b8e831cef3a518bd843/boards/evkbimxrt1050/demo_apps/hello_world/clock_config.c.obj
LOAD CMakeFiles/hello_world.elf.dir/06b4f722f0096b8e831cef3a518bd843/boards/evkbimxrt1050/xip/evkbimxrt1050_flexspi_nor_config.c.obj
LOAD CMakeFiles/hello_world.elf.dir/06b4f722f0096b8e831cef3a518bd843/boards/evkbimxrt1050/xip/evkbimxrt1050_sdram_ini_dcd.c.obj
LOAD CMakeFiles/hello_world.elf.dir/F_/NXP/ref/SDK_2.6.0_EVKB-IMXRT1050/SDK_2.6.0_EVKB-IMXRT1050/devices/MIMXRT1052/utilities/fsl_assert.c.obj
LOAD CMakeFiles/hello_world.elf.dir/F_/NXP/ref/SDK_2.6.0_EVKB-IMXRT1050/SDK_2.6.0_EVKB-IMXRT1050/devices/MIMXRT1052/drivers/fsl_clock.c.obj
LOAD CMakeFiles/hello_world.elf.dir/F_/NXP/ref/SDK_2.6.0_EVKB-IMXRT1050/SDK_2.6.0_EVKB-IMXRT1050/devices/MIMXRT1052/drivers/fsl_common.c.obj
LOAD CMakeFiles/hello_world.elf.dir/06b4f722f0096b8e831cef3a518bd843/devices/MIMXRT1052/utilities/debug_console/fsl_debug_console.c.obj
LOAD CMakeFiles/hello_world.elf.dir/06b4f722f0096b8e831cef3a518bd843/devices/MIMXRT1052/xip/fsl_flexspi_nor_boot.c.obj
LOAD CMakeFiles/hello_world.elf.dir/F_/NXP/ref/SDK_2.6.0_EVKB-IMXRT1050/SDK_2.6.0_EVKB-IMXRT1050/devices/MIMXRT1052/drivers/fsl_gpio.c.obj
LOAD CMakeFiles/hello_world.elf.dir/F_/NXP/ref/SDK_2.6.0_EVKB-IMXRT1050/SDK_2.6.0_EVKB-IMXRT1050/devices/MIMXRT1052/drivers/fsl_lpuart.c.obj
LOAD CMakeFiles/hello_world.elf.dir/e80b1e64208fade1e56dcc745157207a/SDK_2.6.0_EVKB-IMXRT1050/devices/MIMXRT1052/utilities/str/fsl_str.c.obj
LOAD CMakeFiles/hello_world.elf.dir/F_/NXP/ref/SDK_2.6.0_EVKB-IMXRT1050/SDK_2.6.0_EVKB-IMXRT1050/components/lists/generic_list.c.obj
LOAD CMakeFiles/hello_world.elf.dir/06b4f722f0096b8e831cef3a518bd843/boards/evkbimxrt1050/demo_apps/hello_world/hello_world.c.obj
LOAD CMakeFiles/hello_world.elf.dir/F_/NXP/ref/SDK_2.6.0_EVKB-IMXRT1050/SDK_2.6.0_EVKB-IMXRT1050/components/uart/lpuart_adapter.c.obj
LOAD CMakeFiles/hello_world.elf.dir/06b4f722f0096b8e831cef3a518bd843/boards/evkbimxrt1050/demo_apps/hello_world/pin_mux.c.obj
LOAD CMakeFiles/hello_world.elf.dir/e80b1e64208fade1e56dcc745157207a/SDK_2.6.0_EVKB-IMXRT1050/components/serial_manager/serial_manager.c.obj
LOAD CMakeFiles/hello_world.elf.dir/e80b1e64208fade1e56dcc745157207a/SDK_2.6.0_EVKB-IMXRT1050/components/serial_manager/serial_port_uart.c.obj
LOAD CMakeFiles/hello_world.elf.dir/F_/NXP/ref/SDK_2.6.0_EVKB-IMXRT1050/SDK_2.6.0_EVKB-IMXRT1050/devices/MIMXRT1052/system_MIMXRT1052.c.obj
START GROUP
LOAD d:/gnu arm embedded toolchain/10 2021.10/bin/../lib/gcc/arm-none-eabi/10.3.1/../../../../arm-none-eabi/lib/thumb/v7e-m+dp/hard\libm.a
LOAD d:/gnu arm embedded toolchain/10 2021.10/bin/../lib/gcc/arm-none-eabi/10.3.1/../../../../arm-none-eabi/lib/thumb/v7e-m+dp/hard\libc_nano.a
LOAD d:/gnu arm embedded toolchain/10 2021.10/bin/../lib/gcc/arm-none-eabi/10.3.1/thumb/v7e-m+dp/hard\libgcc.a
LOAD d:/gnu arm embedded toolchain/10 2021.10/bin/../lib/gcc/arm-none-eabi/10.3.1/../../../../arm-none-eabi/lib/thumb/v7e-m+dp/hard\libnosys.a
END GROUP
START GROUP
LOAD d:/gnu arm embedded toolchain/10 2021.10/bin/../lib/gcc/arm-none-eabi/10.3.1/thumb/v7e-m+dp/hard\libgcc.a
LOAD d:/gnu arm embedded toolchain/10 2021.10/bin/../lib/gcc/arm-none-eabi/10.3.1/../../../../arm-none-eabi/lib/thumb/v7e-m+dp/hard\libg_nano.a
LOAD d:/gnu arm embedded toolchain/10 2021.10/bin/../lib/gcc/arm-none-eabi/10.3.1/../../../../arm-none-eabi/lib/thumb/v7e-m+dp/hard\libc_nano.a
END GROUP
START GROUP
LOAD d:/gnu arm embedded toolchain/10 2021.10/bin/../lib/gcc/arm-none-eabi/10.3.1/thumb/v7e-m+dp/hard\libgcc.a
LOAD d:/gnu arm embedded toolchain/10 2021.10/bin/../lib/gcc/arm-none-eabi/10.3.1/../../../../arm-none-eabi/lib/thumb/v7e-m+dp/hard\libc_nano.a
LOAD d:/gnu arm embedded toolchain/10 2021.10/bin/../lib/gcc/arm-none-eabi/10.3.1/../../../../arm-none-eabi/lib/thumb/v7e-m+dp/hard\libnosys.a
END GROUP
START GROUP
LOAD d:/gnu arm embedded toolchain/10 2021.10/bin/../lib/gcc/arm-none-eabi/10.3.1/thumb/v7e-m+dp/hard\libgcc.a
LOAD d:/gnu arm embedded toolchain/10 2021.10/bin/../lib/gcc/arm-none-eabi/10.3.1/../../../../arm-none-eabi/lib/thumb/v7e-m+dp/hard\libc_nano.a
LOAD d:/gnu arm embedded toolchain/10 2021.10/bin/../lib/gcc/arm-none-eabi/10.3.1/../../../../arm-none-eabi/lib/thumb/v7e-m+dp/hard\libnosys.a
END GROUP
LOAD d:/gnu arm embedded toolchain/10 2021.10/bin/../lib/gcc/arm-none-eabi/10.3.1/thumb/v7e-m+dp/hard/crtend.o
LOAD d:/gnu arm embedded toolchain/10 2021.10/bin/../lib/gcc/arm-none-eabi/10.3.1/thumb/v7e-m+dp/hard/crtn.o
                0x00000400                HEAP_SIZE = DEFINED (__heap_size__)?__heap_size__:0x400
                0x00000400                STACK_SIZE = DEFINED (__stack_size__)?__stack_size__:0x400

.interrupts     0x00000000      0x400
                0x00000000                __VECTOR_TABLE = .
                0x00000000                . = ALIGN (0x4)
 *(.isr_vector)
 .isr_vector    0x00000000      0x400 CMakeFiles/hello_world.elf.dir/e80b1e64208fade1e56dcc745157207a/SDK_2.6.0_EVKB-IMXRT1050/devices/MIMXRT1052/gcc/startup_MIMXRT1052.S.obj
                0x00000000                __isr_vector
                0x00000400                . = ALIGN (0x4)
                0x00000000                __VECTOR_RAM = __VECTOR_TABLE
                0x00000000                __RAM_VECTOR_TABLE_SIZE_BYTES = 0x0

.text           0x00000400     0x3de4
                0x00000400                . = ALIGN (0x4)
 *(.text)
 .text          0x00000400       0x40 d:/gnu arm embedded toolchain/10 2021.10/bin/../lib/gcc/arm-none-eabi/10.3.1/thumb/v7e-m+dp/hard/crtbegin.o
 .text          0x00000440       0x7c d:/gnu arm embedded toolchain/10 2021.10/bin/../lib/gcc/arm-none-eabi/10.3.1/../../../../arm-none-eabi/lib/thumb/v7e-m+dp/hard/crt0.o
                0x00000440                _stack_init
                0x00000448                _start
                0x00000448                _mainCRTStartup
 .text          0x000004bc      0x230 CMakeFiles/hello_world.elf.dir/e80b1e64208fade1e56dcc745157207a/SDK_2.6.0_EVKB-IMXRT1050/devices/MIMXRT1052/gcc/startup_MIMXRT1052.S.obj
                0x000004bc                Reset_Handler
                0x00000548                PWM1_3_IRQHandler
                0x00000548                LPSPI2_DriverIRQHandler
                0x00000548                SJC_IRQHandler
                0x00000548                ADC_ETC_IRQ0_IRQHandler
                0x00000548                DebugMon_Handler
                0x00000548                SAI3_RX_DriverIRQHandler
                0x00000548                PXP_IRQHandler
                0x00000548                DMA13_DMA29_DriverIRQHandler
                0x00000548                CTI1_ERROR_IRQHandler
                0x00000548                Reserved86_IRQHandler
                0x00000548                SRC_IRQHandler
                0x00000548                LPSPI4_DriverIRQHandler
                0x00000548                PWM3_FAULT_IRQHandler
                0x00000548                GPIO2_Combined_0_15_IRQHandler
                0x00000548                SPDIF_DriverIRQHandler
                0x00000548                GPIO1_INT2_IRQHandler
                0x00000548                CSI_IRQHandler
                0x00000548                LCDIF_IRQHandler
                0x00000548                SNVS_LP_WRAPPER_IRQHandler
                0x00000548                ENC2_IRQHandler
                0x00000548                PWM2_2_IRQHandler
                0x00000548                TRNG_IRQHandler
                0x00000548                TMR1_IRQHandler
                0x00000548                PWM4_FAULT_IRQHandler
                0x00000548                CAN1_DriverIRQHandler
                0x00000548                GPIO1_INT7_IRQHandler
                0x00000548                CCM_1_IRQHandler
                0x00000548                PWM4_0_IRQHandler
                0x00000548                ADC_ETC_IRQ1_IRQHandler
                0x00000548                DMA_ERROR_DriverIRQHandler
                0x00000548                LPI2C2_DriverIRQHandler
                0x00000548                ENC4_IRQHandler
                0x00000548                LPSPI3_DriverIRQHandler
                0x00000548                DMA7_DMA23_DriverIRQHandler
                0x00000548                CTI0_ERROR_IRQHandler
                0x00000548                GPIO5_Combined_0_15_IRQHandler
                0x00000548                PWM1_0_IRQHandler
                0x00000548                Reserved68_IRQHandler
                0x00000548                LPI2C3_DriverIRQHandler
                0x00000548                GPIO4_Combined_16_31_IRQHandler
                0x00000548                USB_PHY2_IRQHandler
                0x00000548                DMA15_DMA31_DriverIRQHandler
                0x00000548                TSC_DIG_IRQHandler
                0x00000548                Reserved87_IRQHandler
                0x00000548                GPIO4_Combined_0_15_IRQHandler
                0x00000548                BusFault_Handler
                0x00000548                ACMP1_IRQHandler
                0x00000548                PWM2_0_IRQHandler
                0x00000548                DCP_VMI_IRQHandler
                0x00000548                DMA5_DMA21_DriverIRQHandler
                0x00000548                DMA14_DMA30_DriverIRQHandler
                0x00000548                ENET_1588_Timer_DriverIRQHandler
                0x00000548                FLEXRAM_IRQHandler
                0x00000548                PWM2_1_IRQHandler
                0x00000548                GPT2_IRQHandler
                0x00000548                PWM2_FAULT_IRQHandler
                0x00000548                FLEXIO2_DriverIRQHandler
                0x00000548                UsageFault_Handler
                0x00000548                WDOG1_IRQHandler
                0x00000548                ACMP2_IRQHandler
                0x00000548                PMU_EVENT_IRQHandler
                0x00000548                GPT1_IRQHandler
                0x00000548                SAI3_TX_DriverIRQHandler
                0x00000548                PWM4_1_IRQHandler
                0x00000548                USB_OTG2_IRQHandler
                0x00000548                ACMP4_IRQHandler
                0x00000548                SEMC_IRQHandler
                0x00000548                DMA0_DMA16_DriverIRQHandler
                0x00000548                DefaultISR
                0x00000548                PWM1_1_IRQHandler
                0x00000548                SNVS_HP_WRAPPER_TZ_IRQHandler
                0x00000548                DMA2_DMA18_DriverIRQHandler
                0x00000548                PWM3_0_IRQHandler
                0x00000548                USDHC1_DriverIRQHandler
                0x00000548                PWM3_3_IRQHandler
                0x00000548                GPIO1_INT0_IRQHandler
                0x00000548                XBAR1_IRQ_0_1_IRQHandler
                0x00000548                CSU_IRQHandler
                0x00000548                TMR3_IRQHandler
                0x00000548                ADC1_IRQHandler
                0x00000548                FLEXIO1_DriverIRQHandler
                0x00000548                ENET_DriverIRQHandler
                0x00000548                GPIO1_Combined_16_31_IRQHandler
                0x00000548                LPI2C4_DriverIRQHandler
                0x00000548                RTWDOG_IRQHandler
                0x00000548                USB_PHY1_IRQHandler
                0x00000548                Reserved78_IRQHandler
                0x00000548                SAI1_DriverIRQHandler
                0x00000548                DMA12_DMA28_DriverIRQHandler
                0x00000548                ENC3_IRQHandler
                0x00000548                GPIO3_Combined_16_31_IRQHandler
                0x00000548                EWM_IRQHandler
                0x00000548                TEMP_LOW_HIGH_IRQHandler
                0x00000548                WDOG2_IRQHandler
                0x00000548                GPIO1_INT5_IRQHandler
                0x00000548                FLEXSPI_DriverIRQHandler
                0x00000548                GPIO2_Combined_16_31_IRQHandler
                0x00000548                PWM3_1_IRQHandler
                0x00000548                PWM2_3_IRQHandler
                0x00000548                Reserved143_IRQHandler
                0x00000548                CORE_IRQHandler
                0x00000548                PWM1_FAULT_IRQHandler
                0x00000548                ENC1_IRQHandler
                0x00000548                DMA10_DMA26_DriverIRQHandler
                0x00000548                TEMP_PANIC_IRQHandler
                0x00000548                GPIO1_INT6_IRQHandler
                0x00000548                PWM1_2_IRQHandler
                0x00000548                Reserved144_IRQHandler
                0x00000548                GPR_IRQ_IRQHandler
                0x00000548                GPC_IRQHandler
                0x00000548                DCDC_IRQHandler
                0x00000548                GPIO3_Combined_0_15_IRQHandler
                0x00000548                PWM4_3_IRQHandler
                0x00000548                ACMP3_IRQHandler
                0x00000548                DMA1_DMA17_DriverIRQHandler
                0x00000548                USB_OTG1_IRQHandler
                0x00000548                CAN2_DriverIRQHandler
                0x00000548                TMR4_IRQHandler
                0x00000548                GPIO5_Combined_16_31_IRQHandler
                0x00000548                TMR2_IRQHandler
                0x00000548                ADC_ETC_ERROR_IRQ_IRQHandler
                0x00000548                DMA8_DMA24_DriverIRQHandler
                0x00000548                PWM4_2_IRQHandler
                0x00000548                DMA6_DMA22_DriverIRQHandler
                0x00000548                BEE_IRQHandler
                0x00000548                GPIO1_INT1_IRQHandler
                0x00000548                DMA3_DMA19_DriverIRQHandler
                0x00000548                ADC_ETC_IRQ2_IRQHandler
                0x00000548                GPIO1_INT4_IRQHandler
                0x00000548                CCM_2_IRQHandler
                0x00000548                KPP_IRQHandler
                0x00000548                LPSPI1_DriverIRQHandler
                0x00000548                ADC2_IRQHandler
                0x00000548                USDHC2_DriverIRQHandler
                0x00000548                MemManage_Handler
                0x00000548                SAI2_DriverIRQHandler
                0x00000548                GPIO1_Combined_0_15_IRQHandler
                0x00000548                PIT_IRQHandler
                0x00000548                Reserved115_IRQHandler
                0x00000548                SNVS_HP_WRAPPER_IRQHandler
                0x00000548                DMA9_DMA25_DriverIRQHandler
                0x00000548                DMA11_DMA27_DriverIRQHandler
                0x00000548                GPIO1_INT3_IRQHandler
                0x00000548                XBAR1_IRQ_2_3_IRQHandler
                0x00000548                PWM3_2_IRQHandler
                0x00000548                LPI2C1_DriverIRQHandler
                0x00000548                DCP_IRQHandler
                0x00000548                Reserved123_IRQHandler
                0x00000548                DMA4_DMA20_DriverIRQHandler
                0x0000054c                NMI_Handler
                0x00000550                HardFault_Handler
                0x00000554                SVC_Handler
                0x00000558                PendSV_Handler
                0x0000055c                SysTick_Handler
                0x00000560                DMA0_DMA16_IRQHandler
                0x00000564                DMA1_DMA17_IRQHandler
                0x00000568                DMA2_DMA18_IRQHandler
                0x0000056c                DMA3_DMA19_IRQHandler
                0x00000570                DMA4_DMA20_IRQHandler
                0x00000574                DMA5_DMA21_IRQHandler
                0x00000578                DMA6_DMA22_IRQHandler
                0x0000057c                DMA7_DMA23_IRQHandler
                0x00000580                DMA8_DMA24_IRQHandler
                0x00000584                DMA9_DMA25_IRQHandler
                0x00000588                DMA10_DMA26_IRQHandler
                0x0000058c                DMA11_DMA27_IRQHandler
                0x00000590                DMA12_DMA28_IRQHandler
                0x00000594                DMA13_DMA29_IRQHandler
                0x00000598                DMA14_DMA30_IRQHandler
                0x0000059c                DMA15_DMA31_IRQHandler
                0x000005a0                DMA_ERROR_IRQHandler
                0x000005a4                LPUART1_IRQHandler
                0x000005a8                LPUART2_IRQHandler
                0x000005ac                LPUART3_IRQHandler
                0x000005b0                LPUART4_IRQHandler
                0x000005b4                LPUART5_IRQHandler
                0x000005b8                LPUART6_IRQHandler
                0x000005bc                LPUART7_IRQHandler
                0x000005c0                LPUART8_IRQHandler
                0x000005c4                LPI2C1_IRQHandler
                0x000005c8                LPI2C2_IRQHandler
                0x000005cc                LPI2C3_IRQHandler
                0x000005d0                LPI2C4_IRQHandler
                0x000005d4                LPSPI1_IRQHandler
                0x000005d8                LPSPI2_IRQHandler
                0x000005dc                LPSPI3_IRQHandler
                0x000005e0                LPSPI4_IRQHandler
                0x000005e4                CAN1_IRQHandler
                0x000005e8                CAN2_IRQHandler
                0x000005ec                SAI1_IRQHandler
                0x000005f0                SAI2_IRQHandler
                0x000005f4                SAI3_RX_IRQHandler
                0x000005f8                SAI3_TX_IRQHandler
                0x000005fc                SPDIF_IRQHandler
                0x00000600                FLEXIO1_IRQHandler
                0x00000604                FLEXIO2_IRQHandler
                0x00000608                FLEXSPI_IRQHandler
                0x0000060c                USDHC1_IRQHandler
                0x00000610                USDHC2_IRQHandler
                0x00000614                ENET_IRQHandler
                0x00000618                ENET_1588_Timer_IRQHandler
 .text          0x000006ec       0x10 d:/gnu arm embedded toolchain/10 2021.10/bin/../lib/gcc/arm-none-eabi/10.3.1/../../../../arm-none-eabi/lib/thumb/v7e-m+dp/hard\libc_nano.a(lib_a-strlen.o)
                0x000006ec                strlen
 *(.text*)
 .text.ARM_MPU_Enable
                0x000006fc       0x40 CMakeFiles/hello_world.elf.dir/06b4f722f0096b8e831cef3a518bd843/boards/evkbimxrt1050/demo_apps/hello_world/board.c.obj
 .text.ARM_MPU_Disable
                0x0000073c       0x3c CMakeFiles/hello_world.elf.dir/06b4f722f0096b8e831cef3a518bd843/boards/evkbimxrt1050/demo_apps/hello_world/board.c.obj
 .text.SCB_EnableICache
                0x00000778       0x4c CMakeFiles/hello_world.elf.dir/06b4f722f0096b8e831cef3a518bd843/boards/evkbimxrt1050/demo_apps/hello_world/board.c.obj
 .text.SCB_DisableICache
                0x000007c4       0x40 CMakeFiles/hello_world.elf.dir/06b4f722f0096b8e831cef3a518bd843/boards/evkbimxrt1050/demo_apps/hello_world/board.c.obj
 .text.SCB_EnableDCache
                0x00000804       0x88 CMakeFiles/hello_world.elf.dir/06b4f722f0096b8e831cef3a518bd843/boards/evkbimxrt1050/demo_apps/hello_world/board.c.obj
 .text.SCB_DisableDCache
                0x0000088c       0x70 CMakeFiles/hello_world.elf.dir/06b4f722f0096b8e831cef3a518bd843/boards/evkbimxrt1050/demo_apps/hello_world/board.c.obj
 .text.CLOCK_GetMux
                0x000008fc       0x44 CMakeFiles/hello_world.elf.dir/06b4f722f0096b8e831cef3a518bd843/boards/evkbimxrt1050/demo_apps/hello_world/board.c.obj
 .text.CLOCK_GetDiv
                0x00000940       0x44 CMakeFiles/hello_world.elf.dir/06b4f722f0096b8e831cef3a518bd843/boards/evkbimxrt1050/demo_apps/hello_world/board.c.obj
 .text.CLOCK_GetOscFreq
                0x00000984       0x30 CMakeFiles/hello_world.elf.dir/06b4f722f0096b8e831cef3a518bd843/boards/evkbimxrt1050/demo_apps/hello_world/board.c.obj
 .text.BOARD_DebugConsoleSrcFreq
                0x000009b4       0x64 CMakeFiles/hello_world.elf.dir/06b4f722f0096b8e831cef3a518bd843/boards/evkbimxrt1050/demo_apps/hello_world/board.c.obj
                0x000009b4                BOARD_DebugConsoleSrcFreq
 .text.BOARD_InitDebugConsole
                0x00000a18       0x22 CMakeFiles/hello_world.elf.dir/06b4f722f0096b8e831cef3a518bd843/boards/evkbimxrt1050/demo_apps/hello_world/board.c.obj
                0x00000a18                BOARD_InitDebugConsole
 *fill*         0x00000a3a        0x2 
 .text.BOARD_ConfigMPU
                0x00000a3c       0xec CMakeFiles/hello_world.elf.dir/06b4f722f0096b8e831cef3a518bd843/boards/evkbimxrt1050/demo_apps/hello_world/board.c.obj
                0x00000a3c                BOARD_ConfigMPU
 .text.CLOCK_SetMux
                0x00000b28       0xac CMakeFiles/hello_world.elf.dir/06b4f722f0096b8e831cef3a518bd843/boards/evkbimxrt1050/demo_apps/hello_world/clock_config.c.obj
 .text.CLOCK_SetDiv
                0x00000bd4       0xac CMakeFiles/hello_world.elf.dir/06b4f722f0096b8e831cef3a518bd843/boards/evkbimxrt1050/demo_apps/hello_world/clock_config.c.obj
 .text.CLOCK_ControlGate
                0x00000c80       0x74 CMakeFiles/hello_world.elf.dir/06b4f722f0096b8e831cef3a518bd843/boards/evkbimxrt1050/demo_apps/hello_world/clock_config.c.obj
 .text.CLOCK_DisableClock
                0x00000cf4       0x1e CMakeFiles/hello_world.elf.dir/06b4f722f0096b8e831cef3a518bd843/boards/evkbimxrt1050/demo_apps/hello_world/clock_config.c.obj
 *fill*         0x00000d12        0x2 
 .text.CLOCK_SetXtalFreq
                0x00000d14       0x20 CMakeFiles/hello_world.elf.dir/06b4f722f0096b8e831cef3a518bd843/boards/evkbimxrt1050/demo_apps/hello_world/clock_config.c.obj
 .text.CLOCK_SetRtcXtalFreq
                0x00000d34       0x20 CMakeFiles/hello_world.elf.dir/06b4f722f0096b8e831cef3a518bd843/boards/evkbimxrt1050/demo_apps/hello_world/clock_config.c.obj
 .text.CLOCK_SetPllBypass
                0x00000d54       0x4e CMakeFiles/hello_world.elf.dir/06b4f722f0096b8e831cef3a518bd843/boards/evkbimxrt1050/demo_apps/hello_world/clock_config.c.obj
 *fill*         0x00000da2        0x2 
 .text.IOMUXC_EnableMode
                0x00000da4       0x48 CMakeFiles/hello_world.elf.dir/06b4f722f0096b8e831cef3a518bd843/boards/evkbimxrt1050/demo_apps/hello_world/clock_config.c.obj
 .text.IOMUXC_SetSaiMClkClockSource
                0x00000dec       0x6c CMakeFiles/hello_world.elf.dir/06b4f722f0096b8e831cef3a518bd843/boards/evkbimxrt1050/demo_apps/hello_world/clock_config.c.obj
 .text.IOMUXC_MQSConfig
                0x00000e58       0x44 CMakeFiles/hello_world.elf.dir/06b4f722f0096b8e831cef3a518bd843/boards/evkbimxrt1050/demo_apps/hello_world/clock_config.c.obj
 .text.BOARD_BootClockRUN
                0x00000e9c      0x680 CMakeFiles/hello_world.elf.dir/06b4f722f0096b8e831cef3a518bd843/boards/evkbimxrt1050/demo_apps/hello_world/clock_config.c.obj
                0x00000e9c                BOARD_BootClockRUN
 .text.__assert_func
                0x0000151c       0x28 CMakeFiles/hello_world.elf.dir/F_/NXP/ref/SDK_2.6.0_EVKB-IMXRT1050/SDK_2.6.0_EVKB-IMXRT1050/devices/MIMXRT1052/utilities/fsl_assert.c.obj
                0x0000151c                __assert_func
 .text.CLOCK_GetOscFreq
                0x00001544       0x30 CMakeFiles/hello_world.elf.dir/F_/NXP/ref/SDK_2.6.0_EVKB-IMXRT1050/SDK_2.6.0_EVKB-IMXRT1050/devices/MIMXRT1052/drivers/fsl_clock.c.obj
 .text.CLOCK_IsPllBypassed
                0x00001574       0x32 CMakeFiles/hello_world.elf.dir/F_/NXP/ref/SDK_2.6.0_EVKB-IMXRT1050/SDK_2.6.0_EVKB-IMXRT1050/devices/MIMXRT1052/drivers/fsl_clock.c.obj
 .text.CLOCK_IsPllEnabled
                0x000015a6       0x3c CMakeFiles/hello_world.elf.dir/F_/NXP/ref/SDK_2.6.0_EVKB-IMXRT1050/SDK_2.6.0_EVKB-IMXRT1050/devices/MIMXRT1052/drivers/fsl_clock.c.obj
 .text.CLOCK_GetPllBypassRefClk
                0x000015e2       0x34 CMakeFiles/hello_world.elf.dir/F_/NXP/ref/SDK_2.6.0_EVKB-IMXRT1050/SDK_2.6.0_EVKB-IMXRT1050/devices/MIMXRT1052/drivers/fsl_clock.c.obj
 *fill*         0x00001616        0x2 
 .text.CLOCK_InitExternalClk
                0x00001618       0x78 CMakeFiles/hello_world.elf.dir/F_/NXP/ref/SDK_2.6.0_EVKB-IMXRT1050/SDK_2.6.0_EVKB-IMXRT1050/devices/MIMXRT1052/drivers/fsl_clock.c.obj
                0x00001618                CLOCK_InitExternalClk
 .text.CLOCK_SwitchOsc
                0x00001690       0x34 CMakeFiles/hello_world.elf.dir/F_/NXP/ref/SDK_2.6.0_EVKB-IMXRT1050/SDK_2.6.0_EVKB-IMXRT1050/devices/MIMXRT1052/drivers/fsl_clock.c.obj
                0x00001690                CLOCK_SwitchOsc
 .text.CLOCK_InitRcOsc24M
                0x000016c4       0x24 CMakeFiles/hello_world.elf.dir/F_/NXP/ref/SDK_2.6.0_EVKB-IMXRT1050/SDK_2.6.0_EVKB-IMXRT1050/devices/MIMXRT1052/drivers/fsl_clock.c.obj
                0x000016c4                CLOCK_InitRcOsc24M
 .text.CLOCK_InitArmPll
                0x000016e8       0x68 CMakeFiles/hello_world.elf.dir/F_/NXP/ref/SDK_2.6.0_EVKB-IMXRT1050/SDK_2.6.0_EVKB-IMXRT1050/devices/MIMXRT1052/drivers/fsl_clock.c.obj
                0x000016e8                CLOCK_InitArmPll
 .text.CLOCK_InitSysPll
                0x00001750       0x9c CMakeFiles/hello_world.elf.dir/F_/NXP/ref/SDK_2.6.0_EVKB-IMXRT1050/SDK_2.6.0_EVKB-IMXRT1050/devices/MIMXRT1052/drivers/fsl_clock.c.obj
                0x00001750                CLOCK_InitSysPll
 .text.CLOCK_InitUsb1Pll
                0x000017ec       0x68 CMakeFiles/hello_world.elf.dir/F_/NXP/ref/SDK_2.6.0_EVKB-IMXRT1050/SDK_2.6.0_EVKB-IMXRT1050/devices/MIMXRT1052/drivers/fsl_clock.c.obj
                0x000017ec                CLOCK_InitUsb1Pll
 .text.CLOCK_DeinitUsb2Pll
                0x00001854       0x18 CMakeFiles/hello_world.elf.dir/F_/NXP/ref/SDK_2.6.0_EVKB-IMXRT1050/SDK_2.6.0_EVKB-IMXRT1050/devices/MIMXRT1052/drivers/fsl_clock.c.obj
                0x00001854                CLOCK_DeinitUsb2Pll
 .text.CLOCK_DeinitAudioPll
                0x0000186c       0x1c CMakeFiles/hello_world.elf.dir/F_/NXP/ref/SDK_2.6.0_EVKB-IMXRT1050/SDK_2.6.0_EVKB-IMXRT1050/devices/MIMXRT1052/drivers/fsl_clock.c.obj
                0x0000186c                CLOCK_DeinitAudioPll
 .text.CLOCK_DeinitVideoPll
                0x00001888       0x1c CMakeFiles/hello_world.elf.dir/F_/NXP/ref/SDK_2.6.0_EVKB-IMXRT1050/SDK_2.6.0_EVKB-IMXRT1050/devices/MIMXRT1052/drivers/fsl_clock.c.obj
                0x00001888                CLOCK_DeinitVideoPll
 .text.CLOCK_DeinitEnetPll
                0x000018a4       0x1c CMakeFiles/hello_world.elf.dir/F_/NXP/ref/SDK_2.6.0_EVKB-IMXRT1050/SDK_2.6.0_EVKB-IMXRT1050/devices/MIMXRT1052/drivers/fsl_clock.c.obj
                0x000018a4                CLOCK_DeinitEnetPll
 .text.CLOCK_GetPllFreq
                0x000018c0      0x32c CMakeFiles/hello_world.elf.dir/F_/NXP/ref/SDK_2.6.0_EVKB-IMXRT1050/SDK_2.6.0_EVKB-IMXRT1050/devices/MIMXRT1052/drivers/fsl_clock.c.obj
                0x000018c0                CLOCK_GetPllFreq
 .text.CLOCK_InitSysPfd
                0x00001bec       0x64 CMakeFiles/hello_world.elf.dir/F_/NXP/ref/SDK_2.6.0_EVKB-IMXRT1050/SDK_2.6.0_EVKB-IMXRT1050/devices/MIMXRT1052/drivers/fsl_clock.c.obj
                0x00001bec                CLOCK_InitSysPfd
 .text.CLOCK_InitUsb1Pfd
                0x00001c50       0x64 CMakeFiles/hello_world.elf.dir/F_/NXP/ref/SDK_2.6.0_EVKB-IMXRT1050/SDK_2.6.0_EVKB-IMXRT1050/devices/MIMXRT1052/drivers/fsl_clock.c.obj
                0x00001c50                CLOCK_InitUsb1Pfd
 .text.DbgConsole_ReadOneCharacter
                0x00001cb4       0x34 CMakeFiles/hello_world.elf.dir/06b4f722f0096b8e831cef3a518bd843/devices/MIMXRT1052/utilities/debug_console/fsl_debug_console.c.obj
                0x00001cb4                DbgConsole_ReadOneCharacter
 .text.DbgConsole_SendDataReliable
                0x00001ce8       0x70 CMakeFiles/hello_world.elf.dir/06b4f722f0096b8e831cef3a518bd843/devices/MIMXRT1052/utilities/debug_console/fsl_debug_console.c.obj
                0x00001ce8                DbgConsole_SendDataReliable
 .text.DbgConsole_ReadCharacter
                0x00001d58       0x4c CMakeFiles/hello_world.elf.dir/06b4f722f0096b8e831cef3a518bd843/devices/MIMXRT1052/utilities/debug_console/fsl_debug_console.c.obj
                0x00001d58                DbgConsole_ReadCharacter
 .text.DbgConsole_PrintCallback
                0x00001da4       0x66 CMakeFiles/hello_world.elf.dir/06b4f722f0096b8e831cef3a518bd843/devices/MIMXRT1052/utilities/debug_console/fsl_debug_console.c.obj
 *fill*         0x00001e0a        0x2 
 .text.DbgConsole_Init
                0x00001e0c      0x11c CMakeFiles/hello_world.elf.dir/06b4f722f0096b8e831cef3a518bd843/devices/MIMXRT1052/utilities/debug_console/fsl_debug_console.c.obj
                0x00001e0c                DbgConsole_Init
 .text.DbgConsole_Printf
                0x00001f28       0x7c CMakeFiles/hello_world.elf.dir/06b4f722f0096b8e831cef3a518bd843/devices/MIMXRT1052/utilities/debug_console/fsl_debug_console.c.obj
                0x00001f28                DbgConsole_Printf
 .text.DbgConsole_Putchar
                0x00001fa4       0x1c CMakeFiles/hello_world.elf.dir/06b4f722f0096b8e831cef3a518bd843/devices/MIMXRT1052/utilities/debug_console/fsl_debug_console.c.obj
                0x00001fa4                DbgConsole_Putchar
 .text.DbgConsole_Getchar
                0x00001fc0       0x1c CMakeFiles/hello_world.elf.dir/06b4f722f0096b8e831cef3a518bd843/devices/MIMXRT1052/utilities/debug_console/fsl_debug_console.c.obj
                0x00001fc0                DbgConsole_Getchar
 .text.CLOCK_ControlGate
                0x00001fdc       0x74 CMakeFiles/hello_world.elf.dir/F_/NXP/ref/SDK_2.6.0_EVKB-IMXRT1050/SDK_2.6.0_EVKB-IMXRT1050/devices/MIMXRT1052/drivers/fsl_lpuart.c.obj
 .text.CLOCK_EnableClock
                0x00002050       0x1e CMakeFiles/hello_world.elf.dir/F_/NXP/ref/SDK_2.6.0_EVKB-IMXRT1050/SDK_2.6.0_EVKB-IMXRT1050/devices/MIMXRT1052/drivers/fsl_lpuart.c.obj
 .text.LPUART_SoftwareReset
                0x0000206e       0x2c CMakeFiles/hello_world.elf.dir/F_/NXP/ref/SDK_2.6.0_EVKB-IMXRT1050/SDK_2.6.0_EVKB-IMXRT1050/devices/MIMXRT1052/drivers/fsl_lpuart.c.obj
 *fill*         0x0000209a        0x2 
 .text.LPUART_GetInstance
                0x0000209c       0x58 CMakeFiles/hello_world.elf.dir/F_/NXP/ref/SDK_2.6.0_EVKB-IMXRT1050/SDK_2.6.0_EVKB-IMXRT1050/devices/MIMXRT1052/drivers/fsl_lpuart.c.obj
                0x0000209c                LPUART_GetInstance
 .text.LPUART_Init
                0x000020f4      0x320 CMakeFiles/hello_world.elf.dir/F_/NXP/ref/SDK_2.6.0_EVKB-IMXRT1050/SDK_2.6.0_EVKB-IMXRT1050/devices/MIMXRT1052/drivers/fsl_lpuart.c.obj
                0x000020f4                LPUART_Init
 .text.LPUART_GetDefaultConfig
                0x00002414       0x98 CMakeFiles/hello_world.elf.dir/F_/NXP/ref/SDK_2.6.0_EVKB-IMXRT1050/SDK_2.6.0_EVKB-IMXRT1050/devices/MIMXRT1052/drivers/fsl_lpuart.c.obj
                0x00002414                LPUART_GetDefaultConfig
 .text.LPUART_GetStatusFlags
                0x000024ac       0x2c CMakeFiles/hello_world.elf.dir/F_/NXP/ref/SDK_2.6.0_EVKB-IMXRT1050/SDK_2.6.0_EVKB-IMXRT1050/devices/MIMXRT1052/drivers/fsl_lpuart.c.obj
                0x000024ac                LPUART_GetStatusFlags
 .text.LPUART_ClearStatusFlags
                0x000024d8       0xa4 CMakeFiles/hello_world.elf.dir/F_/NXP/ref/SDK_2.6.0_EVKB-IMXRT1050/SDK_2.6.0_EVKB-IMXRT1050/devices/MIMXRT1052/drivers/fsl_lpuart.c.obj
                0x000024d8                LPUART_ClearStatusFlags
 .text.LPUART_WriteBlocking
                0x0000257c       0x6c CMakeFiles/hello_world.elf.dir/F_/NXP/ref/SDK_2.6.0_EVKB-IMXRT1050/SDK_2.6.0_EVKB-IMXRT1050/devices/MIMXRT1052/drivers/fsl_lpuart.c.obj
                0x0000257c                LPUART_WriteBlocking
 .text.LPUART_ReadBlocking
                0x000025e8      0x158 CMakeFiles/hello_world.elf.dir/F_/NXP/ref/SDK_2.6.0_EVKB-IMXRT1050/SDK_2.6.0_EVKB-IMXRT1050/devices/MIMXRT1052/drivers/fsl_lpuart.c.obj
                0x000025e8                LPUART_ReadBlocking
 .text.LPUART1_DriverIRQHandler
                0x00002740       0x24 CMakeFiles/hello_world.elf.dir/F_/NXP/ref/SDK_2.6.0_EVKB-IMXRT1050/SDK_2.6.0_EVKB-IMXRT1050/devices/MIMXRT1052/drivers/fsl_lpuart.c.obj
                0x00002740                LPUART1_DriverIRQHandler
 .text.LPUART2_DriverIRQHandler
                0x00002764       0x24 CMakeFiles/hello_world.elf.dir/F_/NXP/ref/SDK_2.6.0_EVKB-IMXRT1050/SDK_2.6.0_EVKB-IMXRT1050/devices/MIMXRT1052/drivers/fsl_lpuart.c.obj
                0x00002764                LPUART2_DriverIRQHandler
 .text.LPUART3_DriverIRQHandler
                0x00002788       0x24 CMakeFiles/hello_world.elf.dir/F_/NXP/ref/SDK_2.6.0_EVKB-IMXRT1050/SDK_2.6.0_EVKB-IMXRT1050/devices/MIMXRT1052/drivers/fsl_lpuart.c.obj
                0x00002788                LPUART3_DriverIRQHandler
 .text.LPUART4_DriverIRQHandler
                0x000027ac       0x24 CMakeFiles/hello_world.elf.dir/F_/NXP/ref/SDK_2.6.0_EVKB-IMXRT1050/SDK_2.6.0_EVKB-IMXRT1050/devices/MIMXRT1052/drivers/fsl_lpuart.c.obj
                0x000027ac                LPUART4_DriverIRQHandler
 .text.LPUART5_DriverIRQHandler
                0x000027d0       0x24 CMakeFiles/hello_world.elf.dir/F_/NXP/ref/SDK_2.6.0_EVKB-IMXRT1050/SDK_2.6.0_EVKB-IMXRT1050/devices/MIMXRT1052/drivers/fsl_lpuart.c.obj
                0x000027d0                LPUART5_DriverIRQHandler
 .text.LPUART6_DriverIRQHandler
                0x000027f4       0x24 CMakeFiles/hello_world.elf.dir/F_/NXP/ref/SDK_2.6.0_EVKB-IMXRT1050/SDK_2.6.0_EVKB-IMXRT1050/devices/MIMXRT1052/drivers/fsl_lpuart.c.obj
                0x000027f4                LPUART6_DriverIRQHandler
 .text.LPUART7_DriverIRQHandler
                0x00002818       0x24 CMakeFiles/hello_world.elf.dir/F_/NXP/ref/SDK_2.6.0_EVKB-IMXRT1050/SDK_2.6.0_EVKB-IMXRT1050/devices/MIMXRT1052/drivers/fsl_lpuart.c.obj
                0x00002818                LPUART7_DriverIRQHandler
 .text.LPUART8_DriverIRQHandler
                0x0000283c       0x24 CMakeFiles/hello_world.elf.dir/F_/NXP/ref/SDK_2.6.0_EVKB-IMXRT1050/SDK_2.6.0_EVKB-IMXRT1050/devices/MIMXRT1052/drivers/fsl_lpuart.c.obj
                0x0000283c                LPUART8_DriverIRQHandler
 .text.ConvertRadixNumToString
                0x00002860      0x114 CMakeFiles/hello_world.elf.dir/e80b1e64208fade1e56dcc745157207a/SDK_2.6.0_EVKB-IMXRT1050/devices/MIMXRT1052/utilities/str/fsl_str.c.obj
 .text.StrFormatPrintf
                0x00002974      0x30c CMakeFiles/hello_world.elf.dir/e80b1e64208fade1e56dcc745157207a/SDK_2.6.0_EVKB-IMXRT1050/devices/MIMXRT1052/utilities/str/fsl_str.c.obj
                0x00002974                StrFormatPrintf
 .text.main     0x00002c80       0x34 CMakeFiles/hello_world.elf.dir/06b4f722f0096b8e831cef3a518bd843/boards/evkbimxrt1050/demo_apps/hello_world/hello_world.c.obj
                0x00002c80                main
 .text.HAL_UartGetStatus
                0x00002cb4       0x22 CMakeFiles/hello_world.elf.dir/F_/NXP/ref/SDK_2.6.0_EVKB-IMXRT1050/SDK_2.6.0_EVKB-IMXRT1050/components/uart/lpuart_adapter.c.obj
 *fill*         0x00002cd6        0x2 
 .text.HAL_UartInit
                0x00002cd8      0x120 CMakeFiles/hello_world.elf.dir/F_/NXP/ref/SDK_2.6.0_EVKB-IMXRT1050/SDK_2.6.0_EVKB-IMXRT1050/components/uart/lpuart_adapter.c.obj
                0x00002cd8                HAL_UartInit
 .text.HAL_UartReceiveBlocking
                0x00002df8       0x8c CMakeFiles/hello_world.elf.dir/F_/NXP/ref/SDK_2.6.0_EVKB-IMXRT1050/SDK_2.6.0_EVKB-IMXRT1050/components/uart/lpuart_adapter.c.obj
                0x00002df8                HAL_UartReceiveBlocking
 .text.HAL_UartSendBlocking
                0x00002e84       0x84 CMakeFiles/hello_world.elf.dir/F_/NXP/ref/SDK_2.6.0_EVKB-IMXRT1050/SDK_2.6.0_EVKB-IMXRT1050/components/uart/lpuart_adapter.c.obj
                0x00002e84                HAL_UartSendBlocking
 .text.CLOCK_ControlGate
                0x00002f08       0x74 CMakeFiles/hello_world.elf.dir/06b4f722f0096b8e831cef3a518bd843/boards/evkbimxrt1050/demo_apps/hello_world/pin_mux.c.obj
 .text.CLOCK_EnableClock
                0x00002f7c       0x1e CMakeFiles/hello_world.elf.dir/06b4f722f0096b8e831cef3a518bd843/boards/evkbimxrt1050/demo_apps/hello_world/pin_mux.c.obj
 .text.IOMUXC_SetPinMux
                0x00002f9a       0x3a CMakeFiles/hello_world.elf.dir/06b4f722f0096b8e831cef3a518bd843/boards/evkbimxrt1050/demo_apps/hello_world/pin_mux.c.obj
 .text.IOMUXC_SetPinConfig
                0x00002fd4       0x26 CMakeFiles/hello_world.elf.dir/06b4f722f0096b8e831cef3a518bd843/boards/evkbimxrt1050/demo_apps/hello_world/pin_mux.c.obj
 *fill*         0x00002ffa        0x2 
 .text.BOARD_InitPins
                0x00002ffc       0x78 CMakeFiles/hello_world.elf.dir/06b4f722f0096b8e831cef3a518bd843/boards/evkbimxrt1050/demo_apps/hello_world/pin_mux.c.obj
                0x00002ffc                BOARD_InitPins
 .text.SerialManager_StartWriting
                0x00003074       0x4a CMakeFiles/hello_world.elf.dir/e80b1e64208fade1e56dcc745157207a/SDK_2.6.0_EVKB-IMXRT1050/components/serial_manager/serial_manager.c.obj
 .text.SerialManager_StartReading
                0x000030be       0x4a CMakeFiles/hello_world.elf.dir/e80b1e64208fade1e56dcc745157207a/SDK_2.6.0_EVKB-IMXRT1050/components/serial_manager/serial_manager.c.obj
 .text.SerialManager_Write
                0x00003108       0x94 CMakeFiles/hello_world.elf.dir/e80b1e64208fade1e56dcc745157207a/SDK_2.6.0_EVKB-IMXRT1050/components/serial_manager/serial_manager.c.obj
 .text.SerialManager_Read
                0x0000319c       0x94 CMakeFiles/hello_world.elf.dir/e80b1e64208fade1e56dcc745157207a/SDK_2.6.0_EVKB-IMXRT1050/components/serial_manager/serial_manager.c.obj
 .text.SerialManager_Init
                0x00003230       0x8c CMakeFiles/hello_world.elf.dir/e80b1e64208fade1e56dcc745157207a/SDK_2.6.0_EVKB-IMXRT1050/components/serial_manager/serial_manager.c.obj
                0x00003230                SerialManager_Init
 .text.SerialManager_OpenWriteHandle
                0x000032bc       0x70 CMakeFiles/hello_world.elf.dir/e80b1e64208fade1e56dcc745157207a/SDK_2.6.0_EVKB-IMXRT1050/components/serial_manager/serial_manager.c.obj
                0x000032bc                SerialManager_OpenWriteHandle
 .text.SerialManager_OpenReadHandle
                0x0000332c       0x78 CMakeFiles/hello_world.elf.dir/e80b1e64208fade1e56dcc745157207a/SDK_2.6.0_EVKB-IMXRT1050/components/serial_manager/serial_manager.c.obj
                0x0000332c                SerialManager_OpenReadHandle
 .text.SerialManager_WriteBlocking
                0x000033a4       0x20 CMakeFiles/hello_world.elf.dir/e80b1e64208fade1e56dcc745157207a/SDK_2.6.0_EVKB-IMXRT1050/components/serial_manager/serial_manager.c.obj
                0x000033a4                SerialManager_WriteBlocking
 .text.SerialManager_ReadBlocking
                0x000033c4       0x20 CMakeFiles/hello_world.elf.dir/e80b1e64208fade1e56dcc745157207a/SDK_2.6.0_EVKB-IMXRT1050/components/serial_manager/serial_manager.c.obj
                0x000033c4                SerialManager_ReadBlocking
 .text.Serial_UartInit
                0x000033e4       0x94 CMakeFiles/hello_world.elf.dir/e80b1e64208fade1e56dcc745157207a/SDK_2.6.0_EVKB-IMXRT1050/components/serial_manager/serial_port_uart.c.obj
                0x000033e4                Serial_UartInit
 .text.Serial_UartWrite
                0x00003478       0x78 CMakeFiles/hello_world.elf.dir/e80b1e64208fade1e56dcc745157207a/SDK_2.6.0_EVKB-IMXRT1050/components/serial_manager/serial_port_uart.c.obj
                0x00003478                Serial_UartWrite
 .text.Serial_UartRead
                0x000034f0       0x78 CMakeFiles/hello_world.elf.dir/e80b1e64208fade1e56dcc745157207a/SDK_2.6.0_EVKB-IMXRT1050/components/serial_manager/serial_port_uart.c.obj
                0x000034f0                Serial_UartRead
 .text.SCB_EnableICache
                0x00003568       0x4c CMakeFiles/hello_world.elf.dir/F_/NXP/ref/SDK_2.6.0_EVKB-IMXRT1050/SDK_2.6.0_EVKB-IMXRT1050/devices/MIMXRT1052/system_MIMXRT1052.c.obj
 .text.SCB_EnableDCache
                0x000035b4       0x88 CMakeFiles/hello_world.elf.dir/F_/NXP/ref/SDK_2.6.0_EVKB-IMXRT1050/SDK_2.6.0_EVKB-IMXRT1050/devices/MIMXRT1052/system_MIMXRT1052.c.obj
 .text.SystemInit
                0x0000363c       0xec CMakeFiles/hello_world.elf.dir/F_/NXP/ref/SDK_2.6.0_EVKB-IMXRT1050/SDK_2.6.0_EVKB-IMXRT1050/devices/MIMXRT1052/system_MIMXRT1052.c.obj
                0x0000363c                SystemInit
 .text.SystemInitHook
                0x00003728        0xe CMakeFiles/hello_world.elf.dir/F_/NXP/ref/SDK_2.6.0_EVKB-IMXRT1050/SDK_2.6.0_EVKB-IMXRT1050/devices/MIMXRT1052/system_MIMXRT1052.c.obj
                0x00003728                SystemInitHook
 *fill*         0x00003736        0x2 
 .text.exit     0x00003738       0x28 d:/gnu arm embedded toolchain/10 2021.10/bin/../lib/gcc/arm-none-eabi/10.3.1/../../../../arm-none-eabi/lib/thumb/v7e-m+dp/hard\libc_nano.a(lib_a-exit.o)
                0x00003738                exit
 .text.__libc_init_array
                0x00003760       0x48 d:/gnu arm embedded toolchain/10 2021.10/bin/../lib/gcc/arm-none-eabi/10.3.1/../../../../arm-none-eabi/lib/thumb/v7e-m+dp/hard\libc_nano.a(lib_a-init.o)
                0x00003760                __libc_init_array
 .text.memset   0x000037a8       0x10 d:/gnu arm embedded toolchain/10 2021.10/bin/../lib/gcc/arm-none-eabi/10.3.1/../../../../arm-none-eabi/lib/thumb/v7e-m+dp/hard\libc_nano.a(lib_a-memset.o)
                0x000037a8                memset
 .text._exit    0x000037b8        0x4 d:/gnu arm embedded toolchain/10 2021.10/bin/../lib/gcc/arm-none-eabi/10.3.1/../../../../arm-none-eabi/lib/thumb/v7e-m+dp/hard\libnosys.a(_exit.o)
                0x000037b8                _exit
 *(.rodata)
 .rodata        0x000037bc       0x8f CMakeFiles/hello_world.elf.dir/06b4f722f0096b8e831cef3a518bd843/boards/evkbimxrt1050/demo_apps/hello_world/clock_config.c.obj
 *fill*         0x0000384b        0x1 
 .rodata        0x0000384c       0x3e CMakeFiles/hello_world.elf.dir/F_/NXP/ref/SDK_2.6.0_EVKB-IMXRT1050/SDK_2.6.0_EVKB-IMXRT1050/devices/MIMXRT1052/utilities/fsl_assert.c.obj
 *fill*         0x0000388a        0x2 
 .rodata        0x0000388c       0xd1 CMakeFiles/hello_world.elf.dir/F_/NXP/ref/SDK_2.6.0_EVKB-IMXRT1050/SDK_2.6.0_EVKB-IMXRT1050/devices/MIMXRT1052/drivers/fsl_clock.c.obj
 *fill*         0x0000395d        0x3 
 .rodata        0x00003960       0xcc CMakeFiles/hello_world.elf.dir/06b4f722f0096b8e831cef3a518bd843/devices/MIMXRT1052/utilities/debug_console/fsl_debug_console.c.obj
 .rodata        0x00003a2c      0x24e CMakeFiles/hello_world.elf.dir/F_/NXP/ref/SDK_2.6.0_EVKB-IMXRT1050/SDK_2.6.0_EVKB-IMXRT1050/devices/MIMXRT1052/drivers/fsl_lpuart.c.obj
 *fill*         0x00003c7a        0x2 
 .rodata        0x00003c7c        0xf CMakeFiles/hello_world.elf.dir/06b4f722f0096b8e831cef3a518bd843/boards/evkbimxrt1050/demo_apps/hello_world/hello_world.c.obj
 *fill*         0x00003c8b        0x1 
 .rodata        0x00003c8c       0xf3 CMakeFiles/hello_world.elf.dir/F_/NXP/ref/SDK_2.6.0_EVKB-IMXRT1050/SDK_2.6.0_EVKB-IMXRT1050/components/uart/lpuart_adapter.c.obj
 *fill*         0x00003d7f        0x1 
 .rodata        0x00003d80       0x70 CMakeFiles/hello_world.elf.dir/06b4f722f0096b8e831cef3a518bd843/boards/evkbimxrt1050/demo_apps/hello_world/pin_mux.c.obj
 .rodata        0x00003df0       0xad CMakeFiles/hello_world.elf.dir/e80b1e64208fade1e56dcc745157207a/SDK_2.6.0_EVKB-IMXRT1050/components/serial_manager/serial_manager.c.obj
 *fill*         0x00003e9d        0x3 
 .rodata        0x00003ea0       0x9b CMakeFiles/hello_world.elf.dir/e80b1e64208fade1e56dcc745157207a/SDK_2.6.0_EVKB-IMXRT1050/components/serial_manager/serial_port_uart.c.obj
 *(.rodata*)
 *fill*         0x00003f3b        0x1 
 .rodata.armPllConfig_BOARD_BootClockRUN
                0x00003f3c        0x8 CMakeFiles/hello_world.elf.dir/06b4f722f0096b8e831cef3a518bd843/boards/evkbimxrt1050/demo_apps/hello_world/clock_config.c.obj
                0x00003f3c                armPllConfig_BOARD_BootClockRUN
 .rodata.sysPllConfig_BOARD_BootClockRUN
                0x00003f44       0x14 CMakeFiles/hello_world.elf.dir/06b4f722f0096b8e831cef3a518bd843/boards/evkbimxrt1050/demo_apps/hello_world/clock_config.c.obj
                0x00003f44                sysPllConfig_BOARD_BootClockRUN
 .rodata.usb1PllConfig_BOARD_BootClockRUN
                0x00003f58        0x2 CMakeFiles/hello_world.elf.dir/06b4f722f0096b8e831cef3a518bd843/boards/evkbimxrt1050/demo_apps/hello_world/clock_config.c.obj
                0x00003f58                usb1PllConfig_BOARD_BootClockRUN
 *fill*         0x00003f5a        0x2 
 .rodata.__func__.2
                0x00003f5c       0x12 CMakeFiles/hello_world.elf.dir/06b4f722f0096b8e831cef3a518bd843/boards/evkbimxrt1050/demo_apps/hello_world/clock_config.c.obj
 *fill*         0x00003f6e        0x2 
 .rodata.__func__.1
                0x00003f70        0xd CMakeFiles/hello_world.elf.dir/06b4f722f0096b8e831cef3a518bd843/boards/evkbimxrt1050/demo_apps/hello_world/clock_config.c.obj
 *fill*         0x00003f7d        0x3 
 .rodata.__func__.0
                0x00003f80        0xd CMakeFiles/hello_world.elf.dir/06b4f722f0096b8e831cef3a518bd843/boards/evkbimxrt1050/demo_apps/hello_world/clock_config.c.obj
 *fill*         0x00003f8d        0x3 
 .rodata.__func__.1
                0x00003f90       0x16 CMakeFiles/hello_world.elf.dir/F_/NXP/ref/SDK_2.6.0_EVKB-IMXRT1050/SDK_2.6.0_EVKB-IMXRT1050/devices/MIMXRT1052/drivers/fsl_clock.c.obj
 *fill*         0x00003fa6        0x2 
 .rodata.__func__.3
                0x00003fa8       0x1c CMakeFiles/hello_world.elf.dir/06b4f722f0096b8e831cef3a518bd843/devices/MIMXRT1052/utilities/debug_console/fsl_debug_console.c.obj
 .rodata.__func__.1
                0x00003fc4       0x19 CMakeFiles/hello_world.elf.dir/06b4f722f0096b8e831cef3a518bd843/devices/MIMXRT1052/utilities/debug_console/fsl_debug_console.c.obj
 *fill*         0x00003fdd        0x3 
 .rodata.__func__.0
                0x00003fe0       0x10 CMakeFiles/hello_world.elf.dir/06b4f722f0096b8e831cef3a518bd843/devices/MIMXRT1052/utilities/debug_console/fsl_debug_console.c.obj
 .rodata.s_lpuartBases
                0x00003ff0       0x24 CMakeFiles/hello_world.elf.dir/F_/NXP/ref/SDK_2.6.0_EVKB-IMXRT1050/SDK_2.6.0_EVKB-IMXRT1050/devices/MIMXRT1052/drivers/fsl_lpuart.c.obj
 .rodata.s_lpuartClock
                0x00004014       0x12 CMakeFiles/hello_world.elf.dir/F_/NXP/ref/SDK_2.6.0_EVKB-IMXRT1050/SDK_2.6.0_EVKB-IMXRT1050/devices/MIMXRT1052/drivers/fsl_lpuart.c.obj
 *fill*         0x00004026        0x2 
 .rodata.__func__.20
                0x00004028       0x13 CMakeFiles/hello_world.elf.dir/F_/NXP/ref/SDK_2.6.0_EVKB-IMXRT1050/SDK_2.6.0_EVKB-IMXRT1050/devices/MIMXRT1052/drivers/fsl_lpuart.c.obj
 *fill*         0x0000403b        0x1 
 .rodata.__func__.15
                0x0000403c        0xc CMakeFiles/hello_world.elf.dir/F_/NXP/ref/SDK_2.6.0_EVKB-IMXRT1050/SDK_2.6.0_EVKB-IMXRT1050/devices/MIMXRT1052/drivers/fsl_lpuart.c.obj
 .rodata.__func__.14
                0x00004048       0x12 CMakeFiles/hello_world.elf.dir/F_/NXP/ref/SDK_2.6.0_EVKB-IMXRT1050/SDK_2.6.0_EVKB-IMXRT1050/devices/MIMXRT1052/drivers/fsl_lpuart.c.obj
 *fill*         0x0000405a        0x2 
 .rodata.__func__.13
                0x0000405c       0x18 CMakeFiles/hello_world.elf.dir/F_/NXP/ref/SDK_2.6.0_EVKB-IMXRT1050/SDK_2.6.0_EVKB-IMXRT1050/devices/MIMXRT1052/drivers/fsl_lpuart.c.obj
 .rodata.__func__.11
                0x00004074       0x15 CMakeFiles/hello_world.elf.dir/F_/NXP/ref/SDK_2.6.0_EVKB-IMXRT1050/SDK_2.6.0_EVKB-IMXRT1050/devices/MIMXRT1052/drivers/fsl_lpuart.c.obj
 *fill*         0x00004089        0x3 
 .rodata.__func__.10
                0x0000408c       0x14 CMakeFiles/hello_world.elf.dir/F_/NXP/ref/SDK_2.6.0_EVKB-IMXRT1050/SDK_2.6.0_EVKB-IMXRT1050/devices/MIMXRT1052/drivers/fsl_lpuart.c.obj
 .rodata.s_LpuartAdapterBase
                0x000040a0       0x24 CMakeFiles/hello_world.elf.dir/F_/NXP/ref/SDK_2.6.0_EVKB-IMXRT1050/SDK_2.6.0_EVKB-IMXRT1050/components/uart/lpuart_adapter.c.obj
 .rodata.__func__.3
                0x000040c4        0xd CMakeFiles/hello_world.elf.dir/F_/NXP/ref/SDK_2.6.0_EVKB-IMXRT1050/SDK_2.6.0_EVKB-IMXRT1050/components/uart/lpuart_adapter.c.obj
 *fill*         0x000040d1        0x3 
 .rodata.__func__.1
                0x000040d4       0x18 CMakeFiles/hello_world.elf.dir/F_/NXP/ref/SDK_2.6.0_EVKB-IMXRT1050/SDK_2.6.0_EVKB-IMXRT1050/components/uart/lpuart_adapter.c.obj
 .rodata.__func__.0
                0x000040ec       0x15 CMakeFiles/hello_world.elf.dir/F_/NXP/ref/SDK_2.6.0_EVKB-IMXRT1050/SDK_2.6.0_EVKB-IMXRT1050/components/uart/lpuart_adapter.c.obj
 *fill*         0x00004101        0x3 
 .rodata.__func__.0
                0x00004104       0x12 CMakeFiles/hello_world.elf.dir/06b4f722f0096b8e831cef3a518bd843/boards/evkbimxrt1050/demo_apps/hello_world/pin_mux.c.obj
 *fill*         0x00004116        0x2 
 .rodata.__func__.9
                0x00004118       0x14 CMakeFiles/hello_world.elf.dir/e80b1e64208fade1e56dcc745157207a/SDK_2.6.0_EVKB-IMXRT1050/components/serial_manager/serial_manager.c.obj
 .rodata.__func__.8
                0x0000412c       0x13 CMakeFiles/hello_world.elf.dir/e80b1e64208fade1e56dcc745157207a/SDK_2.6.0_EVKB-IMXRT1050/components/serial_manager/serial_manager.c.obj
 *fill*         0x0000413f        0x1 
 .rodata.__func__.7
                0x00004140       0x13 CMakeFiles/hello_world.elf.dir/e80b1e64208fade1e56dcc745157207a/SDK_2.6.0_EVKB-IMXRT1050/components/serial_manager/serial_manager.c.obj
 *fill*         0x00004153        0x1 
 .rodata.__func__.5
                0x00004154       0x1e CMakeFiles/hello_world.elf.dir/e80b1e64208fade1e56dcc745157207a/SDK_2.6.0_EVKB-IMXRT1050/components/serial_manager/serial_manager.c.obj
 *fill*         0x00004172        0x2 
 .rodata.__func__.3
                0x00004174       0x1d CMakeFiles/hello_world.elf.dir/e80b1e64208fade1e56dcc745157207a/SDK_2.6.0_EVKB-IMXRT1050/components/serial_manager/serial_manager.c.obj
 *fill*         0x00004191        0x3 
 .rodata.__func__.3
                0x00004194       0x10 CMakeFiles/hello_world.elf.dir/e80b1e64208fade1e56dcc745157207a/SDK_2.6.0_EVKB-IMXRT1050/components/serial_manager/serial_port_uart.c.obj
 .rodata.__func__.1
                0x000041a4       0x11 CMakeFiles/hello_world.elf.dir/e80b1e64208fade1e56dcc745157207a/SDK_2.6.0_EVKB-IMXRT1050/components/serial_manager/serial_port_uart.c.obj
 *fill*         0x000041b5        0x3 
 .rodata.__func__.0
                0x000041b8       0x10 CMakeFiles/hello_world.elf.dir/e80b1e64208fade1e56dcc745157207a/SDK_2.6.0_EVKB-IMXRT1050/components/serial_manager/serial_port_uart.c.obj
 .rodata._global_impure_ptr
                0x000041c8        0x4 d:/gnu arm embedded toolchain/10 2021.10/bin/../lib/gcc/arm-none-eabi/10.3.1/../../../../arm-none-eabi/lib/thumb/v7e-m+dp/hard\libc_nano.a(lib_a-impure.o)
                0x000041c8                _global_impure_ptr
 *(.glue_7)
 .glue_7        0x000041cc        0x0 linker stubs
 *(.glue_7t)
 .glue_7t       0x000041cc        0x0 linker stubs
 *(.eh_frame)
 .eh_frame      0x000041cc        0x0 d:/gnu arm embedded toolchain/10 2021.10/bin/../lib/gcc/arm-none-eabi/10.3.1/thumb/v7e-m+dp/hard/crtbegin.o
 *(.init)
 .init          0x000041cc        0x4 d:/gnu arm embedded toolchain/10 2021.10/bin/../lib/gcc/arm-none-eabi/10.3.1/thumb/v7e-m+dp/hard/crti.o
                0x000041cc                _init
 .init          0x000041d0        0x8 d:/gnu arm embedded toolchain/10 2021.10/bin/../lib/gcc/arm-none-eabi/10.3.1/thumb/v7e-m+dp/hard/crtn.o
 *(.fini)
 .fini          0x000041d8        0x4 d:/gnu arm embedded toolchain/10 2021.10/bin/../lib/gcc/arm-none-eabi/10.3.1/thumb/v7e-m+dp/hard/crti.o
                0x000041d8                _fini
 .fini          0x000041dc        0x8 d:/gnu arm embedded toolchain/10 2021.10/bin/../lib/gcc/arm-none-eabi/10.3.1/thumb/v7e-m+dp/hard/crtn.o
                0x000041e4                . = ALIGN (0x4)

.vfp11_veneer   0x000041e4        0x0
 .vfp11_veneer  0x000041e4        0x0 linker stubs

.v4_bx          0x000041e4        0x0
 .v4_bx         0x000041e4        0x0 linker stubs

.iplt           0x000041e4        0x0
 .iplt          0x000041e4        0x0 d:/gnu arm embedded toolchain/10 2021.10/bin/../lib/gcc/arm-none-eabi/10.3.1/thumb/v7e-m+dp/hard/crtbegin.o

.ARM.extab
 *(.ARM.extab* .gnu.linkonce.armextab.*)

.ARM            0x000041e4        0x8
                0x000041e4                __exidx_start = .
 *(.ARM.exidx*)
 .ARM.exidx     0x000041e4        0x8 d:/gnu arm embedded toolchain/10 2021.10/bin/../lib/gcc/arm-none-eabi/10.3.1/../../../../arm-none-eabi/lib/thumb/v7e-m+dp/hard/crt0.o
                                 0x10 (size before relaxing)
                0x000041ec                __exidx_end = .

.rel.dyn        0x000041ec        0x0
 .rel.iplt      0x000041ec        0x0 d:/gnu arm embedded toolchain/10 2021.10/bin/../lib/gcc/arm-none-eabi/10.3.1/thumb/v7e-m+dp/hard/crtbegin.o

.ctors          0x000041ec        0x0
                0x000041ec                __CTOR_LIST__ = .
 *crtbegin.o(.ctors)
 *crtbegin?.o(.ctors)
 *(EXCLUDE_FILE(*crtend.o *crtend?.o) .ctors)
 *(SORT_BY_NAME(.ctors.*))
 *(.ctors)
                0x000041ec                __CTOR_END__ = .

.dtors          0x000041ec        0x0
                0x000041ec                __DTOR_LIST__ = .
 *crtbegin.o(.dtors)
 *crtbegin?.o(.dtors)
 *(EXCLUDE_FILE(*crtend.o *crtend?.o) .dtors)
 *(SORT_BY_NAME(.dtors.*))
 *(.dtors)
                0x000041ec                __DTOR_END__ = .

.preinit_array  0x000041ec        0x0
                0x000041ec                PROVIDE (__preinit_array_start = .)
 *(.preinit_array*)
                0x000041ec                PROVIDE (__preinit_array_end = .)

.init_array     0x000041ec        0x4
                0x000041ec                PROVIDE (__init_array_start = .)
 *(SORT_BY_NAME(.init_array.*))
 *(.init_array*)
 .init_array    0x000041ec        0x4 d:/gnu arm embedded toolchain/10 2021.10/bin/../lib/gcc/arm-none-eabi/10.3.1/thumb/v7e-m+dp/hard/crtbegin.o
                0x000041f0                PROVIDE (__init_array_end = .)

.fini_array     0x000041f0        0x4
                [!provide]                PROVIDE (__fini_array_start = .)
 *(SORT_BY_NAME(.fini_array.*))
 *(.fini_array*)
 .fini_array    0x000041f0        0x4 d:/gnu arm embedded toolchain/10 2021.10/bin/../lib/gcc/arm-none-eabi/10.3.1/thumb/v7e-m+dp/hard/crtbegin.o
                [!provide]                PROVIDE (__fini_array_end = .)
                0x000041f4                __etext = .
                0x000041f4                __DATA_ROM = .

.data           0x20000000       0x64 load address 0x000041f4
                0x20000000                . = ALIGN (0x4)
                0x20000000                __DATA_RAM = .
                0x20000000                __data_start__ = .
 *(m_usb_dma_init_data)
 *(.data)
 *(.data*)
 .data.SystemCoreClock
                0x20000000        0x4 CMakeFiles/hello_world.elf.dir/F_/NXP/ref/SDK_2.6.0_EVKB-IMXRT1050/SDK_2.6.0_EVKB-IMXRT1050/devices/MIMXRT1052/system_MIMXRT1052.c.obj
                0x20000000                SystemCoreClock
 .data.impure_data
                0x20000004       0x60 d:/gnu arm embedded toolchain/10 2021.10/bin/../lib/gcc/arm-none-eabi/10.3.1/../../../../arm-none-eabi/lib/thumb/v7e-m+dp/hard\libc_nano.a(lib_a-impure.o)
 *(.jcr*)
                0x20000064                . = ALIGN (0x4)
                0x20000064                __data_end__ = .
                0x00004258                __NDATA_ROM = (__DATA_ROM + (__data_end__ - __data_start__))

.igot.plt       0x20000064        0x0 load address 0x00004258
 .igot.plt      0x20000064        0x0 d:/gnu arm embedded toolchain/10 2021.10/bin/../lib/gcc/arm-none-eabi/10.3.1/thumb/v7e-m+dp/hard/crtbegin.o

.ncache.init    0x20000064        0x0 load address 0x00004258
                0x20000064                __noncachedata_start__ = .
 *(NonCacheable.init)
                0x20000064                . = ALIGN (0x4)
                0x20000064                __noncachedata_init_end__ = .
                0x20000064                . = __noncachedata_init_end__

.ncache         0x20000064        0x0
 *(NonCacheable)
                0x20000064                . = ALIGN (0x4)
                0x20000064                __noncachedata_end__ = .
                0x00004258                __DATA_END = (__NDATA_ROM + (__noncachedata_init_end__ - __noncachedata_start__))
                0x00020000                text_end = (ORIGIN (m_text) + LENGTH (m_text))
                0x00000001                ASSERT ((__DATA_END <= text_end), region m_text overflowed with text and data)

.bss            0x20000064       0x6c load address 0x00004258
                0x20000064                . = ALIGN (0x4)
                0x20000064                __START_BSS = .
                0x20000064                __bss_start__ = .
 *(m_usb_dma_noninit_data)
 *(.bss)
 .bss           0x20000064       0x1c d:/gnu arm embedded toolchain/10 2021.10/bin/../lib/gcc/arm-none-eabi/10.3.1/thumb/v7e-m+dp/hard/crtbegin.o
 *(.bss*)
 .bss.g_xtalFreq
                0x20000080        0x4 CMakeFiles/hello_world.elf.dir/F_/NXP/ref/SDK_2.6.0_EVKB-IMXRT1050/SDK_2.6.0_EVKB-IMXRT1050/devices/MIMXRT1052/drivers/fsl_clock.c.obj
                0x20000080                g_xtalFreq
 .bss.g_rtcXtalFreq
                0x20000084        0x4 CMakeFiles/hello_world.elf.dir/F_/NXP/ref/SDK_2.6.0_EVKB-IMXRT1050/SDK_2.6.0_EVKB-IMXRT1050/devices/MIMXRT1052/drivers/fsl_clock.c.obj
                0x20000084                g_rtcXtalFreq
 .bss.s_debugConsoleState
                0x20000088       0x1c CMakeFiles/hello_world.elf.dir/06b4f722f0096b8e831cef3a518bd843/devices/MIMXRT1052/utilities/debug_console/fsl_debug_console.c.obj
 .bss.g_serialHandle
                0x200000a4        0x4 CMakeFiles/hello_world.elf.dir/06b4f722f0096b8e831cef3a518bd843/devices/MIMXRT1052/utilities/debug_console/fsl_debug_console.c.obj
                0x200000a4                g_serialHandle
 .bss.s_lpuartHandle
                0x200000a8       0x24 CMakeFiles/hello_world.elf.dir/F_/NXP/ref/SDK_2.6.0_EVKB-IMXRT1050/SDK_2.6.0_EVKB-IMXRT1050/devices/MIMXRT1052/drivers/fsl_lpuart.c.obj
 .bss.s_lpuartIsr
                0x200000cc        0x4 CMakeFiles/hello_world.elf.dir/F_/NXP/ref/SDK_2.6.0_EVKB-IMXRT1050/SDK_2.6.0_EVKB-IMXRT1050/devices/MIMXRT1052/drivers/fsl_lpuart.c.obj
 *(COMMON)
                0x200000d0                . = ALIGN (0x4)
                0x200000d0                __bss_end__ = .
                0x200000d0                __END_BSS = .

.heap           0x200000d0      0x400 load address 0x000042c4
                0x200000d0                . = ALIGN (0x8)
                0x200000d0                __end__ = .
                0x200000d0                PROVIDE (end = .)
                0x200000d0                __HeapBase = .
                0x200004d0                . = (. + HEAP_SIZE)
 *fill*         0x200000d0      0x400 
                0x200004d0                __HeapLimit = .
                0x200004d0                __heap_limit = .

.stack          0x200004d0      0x400 load address 0x000046c4
                0x200004d0                . = ALIGN (0x8)
                0x200008d0                . = (. + STACK_SIZE)
 *fill*         0x200004d0      0x400 
                0x20020000                __StackTop = (ORIGIN (m_data) + LENGTH (m_data))
                0x2001fc00                __StackLimit = (__StackTop - STACK_SIZE)
                0x20020000                PROVIDE (__stack = __StackTop)

.ARM.attributes
                0x00000000       0x2e
 *(.ARM.attributes)
 .ARM.attributes
                0x00000000       0x1e d:/gnu arm embedded toolchain/10 2021.10/bin/../lib/gcc/arm-none-eabi/10.3.1/thumb/v7e-m+dp/hard/crti.o
 .ARM.attributes
                0x0000001e       0x32 d:/gnu arm embedded toolchain/10 2021.10/bin/../lib/gcc/arm-none-eabi/10.3.1/thumb/v7e-m+dp/hard/crtbegin.o
 .ARM.attributes
                0x00000050       0x1c d:/gnu arm embedded toolchain/10 2021.10/bin/../lib/gcc/arm-none-eabi/10.3.1/../../../../arm-none-eabi/lib/thumb/v7e-m+dp/hard/crt0.o
 .ARM.attributes
                0x0000006c       0x1d CMakeFiles/hello_world.elf.dir/e80b1e64208fade1e56dcc745157207a/SDK_2.6.0_EVKB-IMXRT1050/devices/MIMXRT1052/gcc/startup_MIMXRT1052.S.obj
 .ARM.attributes
                0x00000089       0x32 CMakeFiles/hello_world.elf.dir/06b4f722f0096b8e831cef3a518bd843/boards/evkbimxrt1050/demo_apps/hello_world/board.c.obj
 .ARM.attributes
                0x000000bb       0x32 CMakeFiles/hello_world.elf.dir/06b4f722f0096b8e831cef3a518bd843/boards/evkbimxrt1050/demo_apps/hello_world/clock_config.c.obj
 .ARM.attributes
                0x000000ed       0x32 CMakeFiles/hello_world.elf.dir/F_/NXP/ref/SDK_2.6.0_EVKB-IMXRT1050/SDK_2.6.0_EVKB-IMXRT1050/devices/MIMXRT1052/utilities/fsl_assert.c.obj
 .ARM.attributes
                0x0000011f       0x32 CMakeFiles/hello_world.elf.dir/F_/NXP/ref/SDK_2.6.0_EVKB-IMXRT1050/SDK_2.6.0_EVKB-IMXRT1050/devices/MIMXRT1052/drivers/fsl_clock.c.obj
 .ARM.attributes
                0x00000151       0x32 CMakeFiles/hello_world.elf.dir/06b4f722f0096b8e831cef3a518bd843/devices/MIMXRT1052/utilities/debug_console/fsl_debug_console.c.obj
 .ARM.attributes
                0x00000183       0x32 CMakeFiles/hello_world.elf.dir/F_/NXP/ref/SDK_2.6.0_EVKB-IMXRT1050/SDK_2.6.0_EVKB-IMXRT1050/devices/MIMXRT1052/drivers/fsl_lpuart.c.obj
 .ARM.attributes
                0x000001b5       0x32 CMakeFiles/hello_world.elf.dir/e80b1e64208fade1e56dcc745157207a/SDK_2.6.0_EVKB-IMXRT1050/devices/MIMXRT1052/utilities/str/fsl_str.c.obj
 .ARM.attributes
                0x000001e7       0x32 CMakeFiles/hello_world.elf.dir/06b4f722f0096b8e831cef3a518bd843/boards/evkbimxrt1050/demo_apps/hello_world/hello_world.c.obj
 .ARM.attributes
                0x00000219       0x32 CMakeFiles/hello_world.elf.dir/F_/NXP/ref/SDK_2.6.0_EVKB-IMXRT1050/SDK_2.6.0_EVKB-IMXRT1050/components/uart/lpuart_adapter.c.obj
 .ARM.attributes
                0x0000024b       0x32 CMakeFiles/hello_world.elf.dir/06b4f722f0096b8e831cef3a518bd843/boards/evkbimxrt1050/demo_apps/hello_world/pin_mux.c.obj
 .ARM.attributes
                0x0000027d       0x32 CMakeFiles/hello_world.elf.dir/e80b1e64208fade1e56dcc745157207a/SDK_2.6.0_EVKB-IMXRT1050/components/serial_manager/serial_manager.c.obj
 .ARM.attributes
                0x000002af       0x32 CMakeFiles/hello_world.elf.dir/e80b1e64208fade1e56dcc745157207a/SDK_2.6.0_EVKB-IMXRT1050/components/serial_manager/serial_port_uart.c.obj
 .ARM.attributes
                0x000002e1       0x32 CMakeFiles/hello_world.elf.dir/F_/NXP/ref/SDK_2.6.0_EVKB-IMXRT1050/SDK_2.6.0_EVKB-IMXRT1050/devices/MIMXRT1052/system_MIMXRT1052.c.obj
 .ARM.attributes
                0x00000313       0x32 d:/gnu arm embedded toolchain/10 2021.10/bin/../lib/gcc/arm-none-eabi/10.3.1/../../../../arm-none-eabi/lib/thumb/v7e-m+dp/hard\libc_nano.a(lib_a-exit.o)
 .ARM.attributes
                0x00000345       0x32 d:/gnu arm embedded toolchain/10 2021.10/bin/../lib/gcc/arm-none-eabi/10.3.1/../../../../arm-none-eabi/lib/thumb/v7e-m+dp/hard\libc_nano.a(lib_a-impure.o)
 .ARM.attributes
                0x00000377       0x32 d:/gnu arm embedded toolchain/10 2021.10/bin/../lib/gcc/arm-none-eabi/10.3.1/../../../../arm-none-eabi/lib/thumb/v7e-m+dp/hard\libc_nano.a(lib_a-init.o)
 .ARM.attributes
                0x000003a9       0x32 d:/gnu arm embedded toolchain/10 2021.10/bin/../lib/gcc/arm-none-eabi/10.3.1/../../../../arm-none-eabi/lib/thumb/v7e-m+dp/hard\libc_nano.a(lib_a-memset.o)
 .ARM.attributes
                0x000003db       0x17 d:/gnu arm embedded toolchain/10 2021.10/bin/../lib/gcc/arm-none-eabi/10.3.1/../../../../arm-none-eabi/lib/thumb/v7e-m+dp/hard\libc_nano.a(lib_a-strlen.o)
 .ARM.attributes
                0x000003f2       0x32 d:/gnu arm embedded toolchain/10 2021.10/bin/../lib/gcc/arm-none-eabi/10.3.1/../../../../arm-none-eabi/lib/thumb/v7e-m+dp/hard\libnosys.a(_exit.o)
 .ARM.attributes
                0x00000424       0x1e d:/gnu arm embedded toolchain/10 2021.10/bin/../lib/gcc/arm-none-eabi/10.3.1/thumb/v7e-m+dp/hard/crtn.o
                0x00000001                ASSERT ((__StackLimit >= __HeapLimit), region m_data overflowed with stack and heap)
OUTPUT(debug/hello_world.elf elf32-littlearm)
LOAD linker stubs

.debug_line     0x00000000     0x4cef
 .debug_line    0x00000000      0x1ea CMakeFiles/hello_world.elf.dir/e80b1e64208fade1e56dcc745157207a/SDK_2.6.0_EVKB-IMXRT1050/devices/MIMXRT1052/gcc/startup_MIMXRT1052.S.obj
 .debug_line    0x000001ea      0x794 CMakeFiles/hello_world.elf.dir/06b4f722f0096b8e831cef3a518bd843/boards/evkbimxrt1050/demo_apps/hello_world/board.c.obj
 .debug_line    0x0000097e      0x5b1 CMakeFiles/hello_world.elf.dir/06b4f722f0096b8e831cef3a518bd843/boards/evkbimxrt1050/demo_apps/hello_world/clock_config.c.obj
 .debug_line    0x00000f2f       0xed CMakeFiles/hello_world.elf.dir/F_/NXP/ref/SDK_2.6.0_EVKB-IMXRT1050/SDK_2.6.0_EVKB-IMXRT1050/devices/MIMXRT1052/utilities/fsl_assert.c.obj
 .debug_line    0x0000101c      0xe05 CMakeFiles/hello_world.elf.dir/F_/NXP/ref/SDK_2.6.0_EVKB-IMXRT1050/SDK_2.6.0_EVKB-IMXRT1050/devices/MIMXRT1052/drivers/fsl_clock.c.obj
 .debug_line    0x00001e21      0x5cc CMakeFiles/hello_world.elf.dir/06b4f722f0096b8e831cef3a518bd843/devices/MIMXRT1052/utilities/debug_console/fsl_debug_console.c.obj
 .debug_line    0x000023ed     0x1007 CMakeFiles/hello_world.elf.dir/F_/NXP/ref/SDK_2.6.0_EVKB-IMXRT1050/SDK_2.6.0_EVKB-IMXRT1050/devices/MIMXRT1052/drivers/fsl_lpuart.c.obj
 .debug_line    0x000033f4      0x797 CMakeFiles/hello_world.elf.dir/e80b1e64208fade1e56dcc745157207a/SDK_2.6.0_EVKB-IMXRT1050/devices/MIMXRT1052/utilities/str/fsl_str.c.obj
 .debug_line    0x00003b8b       0xca CMakeFiles/hello_world.elf.dir/06b4f722f0096b8e831cef3a518bd843/boards/evkbimxrt1050/demo_apps/hello_world/hello_world.c.obj
 .debug_line    0x00003c55      0x318 CMakeFiles/hello_world.elf.dir/F_/NXP/ref/SDK_2.6.0_EVKB-IMXRT1050/SDK_2.6.0_EVKB-IMXRT1050/components/uart/lpuart_adapter.c.obj
 .debug_line    0x00003f6d      0x2b1 CMakeFiles/hello_world.elf.dir/06b4f722f0096b8e831cef3a518bd843/boards/evkbimxrt1050/demo_apps/hello_world/pin_mux.c.obj
 .debug_line    0x0000421e      0x3e8 CMakeFiles/hello_world.elf.dir/e80b1e64208fade1e56dcc745157207a/SDK_2.6.0_EVKB-IMXRT1050/components/serial_manager/serial_manager.c.obj
 .debug_line    0x00004606      0x272 CMakeFiles/hello_world.elf.dir/e80b1e64208fade1e56dcc745157207a/SDK_2.6.0_EVKB-IMXRT1050/components/serial_manager/serial_port_uart.c.obj
 .debug_line    0x00004878      0x477 CMakeFiles/hello_world.elf.dir/F_/NXP/ref/SDK_2.6.0_EVKB-IMXRT1050/SDK_2.6.0_EVKB-IMXRT1050/devices/MIMXRT1052/system_MIMXRT1052.c.obj

.debug_info     0x00000000     0xa833
 .debug_info    0x00000000       0x26 CMakeFiles/hello_world.elf.dir/e80b1e64208fade1e56dcc745157207a/SDK_2.6.0_EVKB-IMXRT1050/devices/MIMXRT1052/gcc/startup_MIMXRT1052.S.obj
 .debug_info    0x00000026      0xf9a CMakeFiles/hello_world.elf.dir/06b4f722f0096b8e831cef3a518bd843/boards/evkbimxrt1050/demo_apps/hello_world/board.c.obj
 .debug_info    0x00000fc0     0x1809 CMakeFiles/hello_world.elf.dir/06b4f722f0096b8e831cef3a518bd843/boards/evkbimxrt1050/demo_apps/hello_world/clock_config.c.obj
 .debug_info    0x000027c9       0xd4 CMakeFiles/hello_world.elf.dir/F_/NXP/ref/SDK_2.6.0_EVKB-IMXRT1050/SDK_2.6.0_EVKB-IMXRT1050/devices/MIMXRT1052/utilities/fsl_assert.c.obj
 .debug_info    0x0000289d     0x2046 CMakeFiles/hello_world.elf.dir/F_/NXP/ref/SDK_2.6.0_EVKB-IMXRT1050/SDK_2.6.0_EVKB-IMXRT1050/devices/MIMXRT1052/drivers/fsl_clock.c.obj
 .debug_info    0x000048e3      0xb03 CMakeFiles/hello_world.elf.dir/06b4f722f0096b8e831cef3a518bd843/devices/MIMXRT1052/utilities/debug_console/fsl_debug_console.c.obj
 .debug_info    0x000053e6     0x22f0 CMakeFiles/hello_world.elf.dir/F_/NXP/ref/SDK_2.6.0_EVKB-IMXRT1050/SDK_2.6.0_EVKB-IMXRT1050/devices/MIMXRT1052/drivers/fsl_lpuart.c.obj
 .debug_info    0x000076d6      0x4fa CMakeFiles/hello_world.elf.dir/e80b1e64208fade1e56dcc745157207a/SDK_2.6.0_EVKB-IMXRT1050/devices/MIMXRT1052/utilities/str/fsl_str.c.obj
 .debug_info    0x00007bd0       0x9f CMakeFiles/hello_world.elf.dir/06b4f722f0096b8e831cef3a518bd843/boards/evkbimxrt1050/demo_apps/hello_world/hello_world.c.obj
 .debug_info    0x00007c6f      0xa0e CMakeFiles/hello_world.elf.dir/F_/NXP/ref/SDK_2.6.0_EVKB-IMXRT1050/SDK_2.6.0_EVKB-IMXRT1050/components/uart/lpuart_adapter.c.obj
 .debug_info    0x0000867d      0x7c8 CMakeFiles/hello_world.elf.dir/06b4f722f0096b8e831cef3a518bd843/boards/evkbimxrt1050/demo_apps/hello_world/pin_mux.c.obj
 .debug_info    0x00008e45      0x833 CMakeFiles/hello_world.elf.dir/e80b1e64208fade1e56dcc745157207a/SDK_2.6.0_EVKB-IMXRT1050/components/serial_manager/serial_manager.c.obj
 .debug_info    0x00009678      0x507 CMakeFiles/hello_world.elf.dir/e80b1e64208fade1e56dcc745157207a/SDK_2.6.0_EVKB-IMXRT1050/components/serial_manager/serial_port_uart.c.obj
 .debug_info    0x00009b7f      0xcb4 CMakeFiles/hello_world.elf.dir/F_/NXP/ref/SDK_2.6.0_EVKB-IMXRT1050/SDK_2.6.0_EVKB-IMXRT1050/devices/MIMXRT1052/system_MIMXRT1052.c.obj

.debug_abbrev   0x00000000     0x167f
 .debug_abbrev  0x00000000       0x14 CMakeFiles/hello_world.elf.dir/e80b1e64208fade1e56dcc745157207a/SDK_2.6.0_EVKB-IMXRT1050/devices/MIMXRT1052/gcc/startup_MIMXRT1052.S.obj
 .debug_abbrev  0x00000014      0x285 CMakeFiles/hello_world.elf.dir/06b4f722f0096b8e831cef3a518bd843/boards/evkbimxrt1050/demo_apps/hello_world/board.c.obj
 .debug_abbrev  0x00000299      0x203 CMakeFiles/hello_world.elf.dir/06b4f722f0096b8e831cef3a518bd843/boards/evkbimxrt1050/demo_apps/hello_world/clock_config.c.obj
 .debug_abbrev  0x0000049c       0x68 CMakeFiles/hello_world.elf.dir/F_/NXP/ref/SDK_2.6.0_EVKB-IMXRT1050/SDK_2.6.0_EVKB-IMXRT1050/devices/MIMXRT1052/utilities/fsl_assert.c.obj
 .debug_abbrev  0x00000504      0x3ac CMakeFiles/hello_world.elf.dir/F_/NXP/ref/SDK_2.6.0_EVKB-IMXRT1050/SDK_2.6.0_EVKB-IMXRT1050/devices/MIMXRT1052/drivers/fsl_clock.c.obj
 .debug_abbrev  0x000008b0      0x1e3 CMakeFiles/hello_world.elf.dir/06b4f722f0096b8e831cef3a518bd843/devices/MIMXRT1052/utilities/debug_console/fsl_debug_console.c.obj
 .debug_abbrev  0x00000a93      0x320 CMakeFiles/hello_world.elf.dir/F_/NXP/ref/SDK_2.6.0_EVKB-IMXRT1050/SDK_2.6.0_EVKB-IMXRT1050/devices/MIMXRT1052/drivers/fsl_lpuart.c.obj
 .debug_abbrev  0x00000db3      0x177 CMakeFiles/hello_world.elf.dir/e80b1e64208fade1e56dcc745157207a/SDK_2.6.0_EVKB-IMXRT1050/devices/MIMXRT1052/utilities/str/fsl_str.c.obj
 .debug_abbrev  0x00000f2a       0x57 CMakeFiles/hello_world.elf.dir/06b4f722f0096b8e831cef3a518bd843/boards/evkbimxrt1050/demo_apps/hello_world/hello_world.c.obj
 .debug_abbrev  0x00000f81      0x188 CMakeFiles/hello_world.elf.dir/F_/NXP/ref/SDK_2.6.0_EVKB-IMXRT1050/SDK_2.6.0_EVKB-IMXRT1050/components/uart/lpuart_adapter.c.obj
 .debug_abbrev  0x00001109      0x160 CMakeFiles/hello_world.elf.dir/06b4f722f0096b8e831cef3a518bd843/boards/evkbimxrt1050/demo_apps/hello_world/pin_mux.c.obj
 .debug_abbrev  0x00001269      0x155 CMakeFiles/hello_world.elf.dir/e80b1e64208fade1e56dcc745157207a/SDK_2.6.0_EVKB-IMXRT1050/components/serial_manager/serial_manager.c.obj
 .debug_abbrev  0x000013be      0x138 CMakeFiles/hello_world.elf.dir/e80b1e64208fade1e56dcc745157207a/SDK_2.6.0_EVKB-IMXRT1050/components/serial_manager/serial_port_uart.c.obj
 .debug_abbrev  0x000014f6      0x189 CMakeFiles/hello_world.elf.dir/F_/NXP/ref/SDK_2.6.0_EVKB-IMXRT1050/SDK_2.6.0_EVKB-IMXRT1050/devices/MIMXRT1052/system_MIMXRT1052.c.obj

.debug_aranges  0x00000000      0x690
 .debug_aranges
                0x00000000       0x20 CMakeFiles/hello_world.elf.dir/e80b1e64208fade1e56dcc745157207a/SDK_2.6.0_EVKB-IMXRT1050/devices/MIMXRT1052/gcc/startup_MIMXRT1052.S.obj
 .debug_aranges
                0x00000020       0x90 CMakeFiles/hello_world.elf.dir/06b4f722f0096b8e831cef3a518bd843/boards/evkbimxrt1050/demo_apps/hello_world/board.c.obj
 .debug_aranges
                0x000000b0       0x78 CMakeFiles/hello_world.elf.dir/06b4f722f0096b8e831cef3a518bd843/boards/evkbimxrt1050/demo_apps/hello_world/clock_config.c.obj
 .debug_aranges
                0x00000128       0x20 CMakeFiles/hello_world.elf.dir/F_/NXP/ref/SDK_2.6.0_EVKB-IMXRT1050/SDK_2.6.0_EVKB-IMXRT1050/devices/MIMXRT1052/utilities/fsl_assert.c.obj
 .debug_aranges
                0x00000148      0x178 CMakeFiles/hello_world.elf.dir/F_/NXP/ref/SDK_2.6.0_EVKB-IMXRT1050/SDK_2.6.0_EVKB-IMXRT1050/devices/MIMXRT1052/drivers/fsl_clock.c.obj
 .debug_aranges
                0x000002c0       0x90 CMakeFiles/hello_world.elf.dir/06b4f722f0096b8e831cef3a518bd843/devices/MIMXRT1052/utilities/debug_console/fsl_debug_console.c.obj
 .debug_aranges
                0x00000350      0x160 CMakeFiles/hello_world.elf.dir/F_/NXP/ref/SDK_2.6.0_EVKB-IMXRT1050/SDK_2.6.0_EVKB-IMXRT1050/devices/MIMXRT1052/drivers/fsl_lpuart.c.obj
 .debug_aranges
                0x000004b0       0x38 CMakeFiles/hello_world.elf.dir/e80b1e64208fade1e56dcc745157207a/SDK_2.6.0_EVKB-IMXRT1050/devices/MIMXRT1052/utilities/str/fsl_str.c.obj
 .debug_aranges
                0x000004e8       0x20 CMakeFiles/hello_world.elf.dir/06b4f722f0096b8e831cef3a518bd843/boards/evkbimxrt1050/demo_apps/hello_world/hello_world.c.obj
 .debug_aranges
                0x00000508       0x40 CMakeFiles/hello_world.elf.dir/F_/NXP/ref/SDK_2.6.0_EVKB-IMXRT1050/SDK_2.6.0_EVKB-IMXRT1050/components/uart/lpuart_adapter.c.obj
 .debug_aranges
                0x00000548       0x48 CMakeFiles/hello_world.elf.dir/06b4f722f0096b8e831cef3a518bd843/boards/evkbimxrt1050/demo_apps/hello_world/pin_mux.c.obj
 .debug_aranges
                0x00000590       0x88 CMakeFiles/hello_world.elf.dir/e80b1e64208fade1e56dcc745157207a/SDK_2.6.0_EVKB-IMXRT1050/components/serial_manager/serial_manager.c.obj
 .debug_aranges
                0x00000618       0x38 CMakeFiles/hello_world.elf.dir/e80b1e64208fade1e56dcc745157207a/SDK_2.6.0_EVKB-IMXRT1050/components/serial_manager/serial_port_uart.c.obj
 .debug_aranges
                0x00000650       0x40 CMakeFiles/hello_world.elf.dir/F_/NXP/ref/SDK_2.6.0_EVKB-IMXRT1050/SDK_2.6.0_EVKB-IMXRT1050/devices/MIMXRT1052/system_MIMXRT1052.c.obj

.debug_str      0x00000000     0x5b68
 .debug_str     0x00000000       0xe6 CMakeFiles/hello_world.elf.dir/e80b1e64208fade1e56dcc745157207a/SDK_2.6.0_EVKB-IMXRT1050/devices/MIMXRT1052/gcc/startup_MIMXRT1052.S.obj
 .debug_str     0x000000e6      0xbb6 CMakeFiles/hello_world.elf.dir/06b4f722f0096b8e831cef3a518bd843/boards/evkbimxrt1050/demo_apps/hello_world/board.c.obj
                                0xc63 (size before relaxing)
 .debug_str     0x00000c9c     0x16ec CMakeFiles/hello_world.elf.dir/06b4f722f0096b8e831cef3a518bd843/boards/evkbimxrt1050/demo_apps/hello_world/clock_config.c.obj
                               0x1f7a (size before relaxing)
 .debug_str     0x00002388       0x8a CMakeFiles/hello_world.elf.dir/F_/NXP/ref/SDK_2.6.0_EVKB-IMXRT1050/SDK_2.6.0_EVKB-IMXRT1050/devices/MIMXRT1052/utilities/fsl_assert.c.obj
                                0x2a1 (size before relaxing)
 .debug_str     0x00002412      0xbae CMakeFiles/hello_world.elf.dir/F_/NXP/ref/SDK_2.6.0_EVKB-IMXRT1050/SDK_2.6.0_EVKB-IMXRT1050/devices/MIMXRT1052/drivers/fsl_clock.c.obj
                               0x1c4c (size before relaxing)
 .debug_str     0x00002fc0      0x6c1 CMakeFiles/hello_world.elf.dir/06b4f722f0096b8e831cef3a518bd843/devices/MIMXRT1052/utilities/debug_console/fsl_debug_console.c.obj
                               0x1134 (size before relaxing)
 .debug_str     0x00003681     0x19dc CMakeFiles/hello_world.elf.dir/F_/NXP/ref/SDK_2.6.0_EVKB-IMXRT1050/SDK_2.6.0_EVKB-IMXRT1050/devices/MIMXRT1052/drivers/fsl_lpuart.c.obj
                               0x2cb2 (size before relaxing)
 .debug_str     0x0000505d      0x208 CMakeFiles/hello_world.elf.dir/e80b1e64208fade1e56dcc745157207a/SDK_2.6.0_EVKB-IMXRT1050/devices/MIMXRT1052/utilities/str/fsl_str.c.obj
                                0x47c (size before relaxing)
 .debug_str     0x00005265       0x7b CMakeFiles/hello_world.elf.dir/06b4f722f0096b8e831cef3a518bd843/boards/evkbimxrt1050/demo_apps/hello_world/hello_world.c.obj
                                0x28d (size before relaxing)
 .debug_str     0x000052e0      0x2e5 CMakeFiles/hello_world.elf.dir/F_/NXP/ref/SDK_2.6.0_EVKB-IMXRT1050/SDK_2.6.0_EVKB-IMXRT1050/components/uart/lpuart_adapter.c.obj
                               0x11f0 (size before relaxing)
 .debug_str     0x000055c5       0xb2 CMakeFiles/hello_world.elf.dir/06b4f722f0096b8e831cef3a518bd843/boards/evkbimxrt1050/demo_apps/hello_world/pin_mux.c.obj
                                0xac7 (size before relaxing)
 .debug_str     0x00005677      0x311 CMakeFiles/hello_world.elf.dir/e80b1e64208fade1e56dcc745157207a/SDK_2.6.0_EVKB-IMXRT1050/components/serial_manager/serial_manager.c.obj
                                0x76a (size before relaxing)
 .debug_str     0x00005988       0xf7 CMakeFiles/hello_world.elf.dir/e80b1e64208fade1e56dcc745157207a/SDK_2.6.0_EVKB-IMXRT1050/components/serial_manager/serial_port_uart.c.obj
                                0x7fe (size before relaxing)
 .debug_str     0x00005a7f       0xe9 CMakeFiles/hello_world.elf.dir/F_/NXP/ref/SDK_2.6.0_EVKB-IMXRT1050/SDK_2.6.0_EVKB-IMXRT1050/devices/MIMXRT1052/system_MIMXRT1052.c.obj
                                0x84b (size before relaxing)

.debug_ranges   0x00000000      0x5a0
 .debug_ranges  0x00000000       0x80 CMakeFiles/hello_world.elf.dir/06b4f722f0096b8e831cef3a518bd843/boards/evkbimxrt1050/demo_apps/hello_world/board.c.obj
 .debug_ranges  0x00000080       0x68 CMakeFiles/hello_world.elf.dir/06b4f722f0096b8e831cef3a518bd843/boards/evkbimxrt1050/demo_apps/hello_world/clock_config.c.obj
 .debug_ranges  0x000000e8       0x10 CMakeFiles/hello_world.elf.dir/F_/NXP/ref/SDK_2.6.0_EVKB-IMXRT1050/SDK_2.6.0_EVKB-IMXRT1050/devices/MIMXRT1052/utilities/fsl_assert.c.obj
 .debug_ranges  0x000000f8      0x168 CMakeFiles/hello_world.elf.dir/F_/NXP/ref/SDK_2.6.0_EVKB-IMXRT1050/SDK_2.6.0_EVKB-IMXRT1050/devices/MIMXRT1052/drivers/fsl_clock.c.obj
 .debug_ranges  0x00000260       0x80 CMakeFiles/hello_world.elf.dir/06b4f722f0096b8e831cef3a518bd843/devices/MIMXRT1052/utilities/debug_console/fsl_debug_console.c.obj
 .debug_ranges  0x000002e0      0x150 CMakeFiles/hello_world.elf.dir/F_/NXP/ref/SDK_2.6.0_EVKB-IMXRT1050/SDK_2.6.0_EVKB-IMXRT1050/devices/MIMXRT1052/drivers/fsl_lpuart.c.obj
 .debug_ranges  0x00000430       0x28 CMakeFiles/hello_world.elf.dir/e80b1e64208fade1e56dcc745157207a/SDK_2.6.0_EVKB-IMXRT1050/devices/MIMXRT1052/utilities/str/fsl_str.c.obj
 .debug_ranges  0x00000458       0x10 CMakeFiles/hello_world.elf.dir/06b4f722f0096b8e831cef3a518bd843/boards/evkbimxrt1050/demo_apps/hello_world/hello_world.c.obj
 .debug_ranges  0x00000468       0x30 CMakeFiles/hello_world.elf.dir/F_/NXP/ref/SDK_2.6.0_EVKB-IMXRT1050/SDK_2.6.0_EVKB-IMXRT1050/components/uart/lpuart_adapter.c.obj
 .debug_ranges  0x00000498       0x38 CMakeFiles/hello_world.elf.dir/06b4f722f0096b8e831cef3a518bd843/boards/evkbimxrt1050/demo_apps/hello_world/pin_mux.c.obj
 .debug_ranges  0x000004d0       0x78 CMakeFiles/hello_world.elf.dir/e80b1e64208fade1e56dcc745157207a/SDK_2.6.0_EVKB-IMXRT1050/components/serial_manager/serial_manager.c.obj
 .debug_ranges  0x00000548       0x28 CMakeFiles/hello_world.elf.dir/e80b1e64208fade1e56dcc745157207a/SDK_2.6.0_EVKB-IMXRT1050/components/serial_manager/serial_port_uart.c.obj
 .debug_ranges  0x00000570       0x30 CMakeFiles/hello_world.elf.dir/F_/NXP/ref/SDK_2.6.0_EVKB-IMXRT1050/SDK_2.6.0_EVKB-IMXRT1050/devices/MIMXRT1052/system_MIMXRT1052.c.obj

.comment        0x00000000       0x49
 .comment       0x00000000       0x49 CMakeFiles/hello_world.elf.dir/06b4f722f0096b8e831cef3a518bd843/boards/evkbimxrt1050/demo_apps/hello_world/board.c.obj
                                 0x4a (size before relaxing)
 .comment       0x00000049       0x4a CMakeFiles/hello_world.elf.dir/06b4f722f0096b8e831cef3a518bd843/boards/evkbimxrt1050/demo_apps/hello_world/clock_config.c.obj
 .comment       0x00000049       0x4a CMakeFiles/hello_world.elf.dir/F_/NXP/ref/SDK_2.6.0_EVKB-IMXRT1050/SDK_2.6.0_EVKB-IMXRT1050/devices/MIMXRT1052/utilities/fsl_assert.c.obj
 .comment       0x00000049       0x4a CMakeFiles/hello_world.elf.dir/F_/NXP/ref/SDK_2.6.0_EVKB-IMXRT1050/SDK_2.6.0_EVKB-IMXRT1050/devices/MIMXRT1052/drivers/fsl_clock.c.obj
 .comment       0x00000049       0x4a CMakeFiles/hello_world.elf.dir/06b4f722f0096b8e831cef3a518bd843/devices/MIMXRT1052/utilities/debug_console/fsl_debug_console.c.obj
 .comment       0x00000049       0x4a CMakeFiles/hello_world.elf.dir/F_/NXP/ref/SDK_2.6.0_EVKB-IMXRT1050/SDK_2.6.0_EVKB-IMXRT1050/devices/MIMXRT1052/drivers/fsl_lpuart.c.obj
 .comment       0x00000049       0x4a CMakeFiles/hello_world.elf.dir/e80b1e64208fade1e56dcc745157207a/SDK_2.6.0_EVKB-IMXRT1050/devices/MIMXRT1052/utilities/str/fsl_str.c.obj
 .comment       0x00000049       0x4a CMakeFiles/hello_world.elf.dir/06b4f722f0096b8e831cef3a518bd843/boards/evkbimxrt1050/demo_apps/hello_world/hello_world.c.obj
 .comment       0x00000049       0x4a CMakeFiles/hello_world.elf.dir/F_/NXP/ref/SDK_2.6.0_EVKB-IMXRT1050/SDK_2.6.0_EVKB-IMXRT1050/components/uart/lpuart_adapter.c.obj
 .comment       0x00000049       0x4a CMakeFiles/hello_world.elf.dir/06b4f722f0096b8e831cef3a518bd843/boards/evkbimxrt1050/demo_apps/hello_world/pin_mux.c.obj
 .comment       0x00000049       0x4a CMakeFiles/hello_world.elf.dir/e80b1e64208fade1e56dcc745157207a/SDK_2.6.0_EVKB-IMXRT1050/components/serial_manager/serial_manager.c.obj
 .comment       0x00000049       0x4a CMakeFiles/hello_world.elf.dir/e80b1e64208fade1e56dcc745157207a/SDK_2.6.0_EVKB-IMXRT1050/components/serial_manager/serial_port_uart.c.obj
 .comment       0x00000049       0x4a CMakeFiles/hello_world.elf.dir/F_/NXP/ref/SDK_2.6.0_EVKB-IMXRT1050/SDK_2.6.0_EVKB-IMXRT1050/devices/MIMXRT1052/system_MIMXRT1052.c.obj

.debug_frame    0x00000000     0x1918
 .debug_frame   0x00000000      0x238 CMakeFiles/hello_world.elf.dir/06b4f722f0096b8e831cef3a518bd843/boards/evkbimxrt1050/demo_apps/hello_world/board.c.obj
 .debug_frame   0x00000238      0x1c8 CMakeFiles/hello_world.elf.dir/06b4f722f0096b8e831cef3a518bd843/boards/evkbimxrt1050/demo_apps/hello_world/clock_config.c.obj
 .debug_frame   0x00000400       0x30 CMakeFiles/hello_world.elf.dir/F_/NXP/ref/SDK_2.6.0_EVKB-IMXRT1050/SDK_2.6.0_EVKB-IMXRT1050/devices/MIMXRT1052/utilities/fsl_assert.c.obj
 .debug_frame   0x00000430      0x648 CMakeFiles/hello_world.elf.dir/F_/NXP/ref/SDK_2.6.0_EVKB-IMXRT1050/SDK_2.6.0_EVKB-IMXRT1050/devices/MIMXRT1052/drivers/fsl_clock.c.obj
 .debug_frame   0x00000a78      0x250 CMakeFiles/hello_world.elf.dir/06b4f722f0096b8e831cef3a518bd843/devices/MIMXRT1052/utilities/debug_console/fsl_debug_console.c.obj
 .debug_frame   0x00000cc8      0x5bc CMakeFiles/hello_world.elf.dir/F_/NXP/ref/SDK_2.6.0_EVKB-IMXRT1050/SDK_2.6.0_EVKB-IMXRT1050/devices/MIMXRT1052/drivers/fsl_lpuart.c.obj
 .debug_frame   0x00001284       0xb4 CMakeFiles/hello_world.elf.dir/e80b1e64208fade1e56dcc745157207a/SDK_2.6.0_EVKB-IMXRT1050/devices/MIMXRT1052/utilities/str/fsl_str.c.obj
 .debug_frame   0x00001338       0x30 CMakeFiles/hello_world.elf.dir/06b4f722f0096b8e831cef3a518bd843/boards/evkbimxrt1050/demo_apps/hello_world/hello_world.c.obj
 .debug_frame   0x00001368       0xc8 CMakeFiles/hello_world.elf.dir/F_/NXP/ref/SDK_2.6.0_EVKB-IMXRT1050/SDK_2.6.0_EVKB-IMXRT1050/components/uart/lpuart_adapter.c.obj
 .debug_frame   0x00001430       0xe8 CMakeFiles/hello_world.elf.dir/06b4f722f0096b8e831cef3a518bd843/boards/evkbimxrt1050/demo_apps/hello_world/pin_mux.c.obj
 .debug_frame   0x00001518      0x208 CMakeFiles/hello_world.elf.dir/e80b1e64208fade1e56dcc745157207a/SDK_2.6.0_EVKB-IMXRT1050/components/serial_manager/serial_manager.c.obj
 .debug_frame   0x00001720       0xa0 CMakeFiles/hello_world.elf.dir/e80b1e64208fade1e56dcc745157207a/SDK_2.6.0_EVKB-IMXRT1050/components/serial_manager/serial_port_uart.c.obj
 .debug_frame   0x000017c0       0xc4 CMakeFiles/hello_world.elf.dir/F_/NXP/ref/SDK_2.6.0_EVKB-IMXRT1050/SDK_2.6.0_EVKB-IMXRT1050/devices/MIMXRT1052/system_MIMXRT1052.c.obj
 .debug_frame   0x00001884       0x28 d:/gnu arm embedded toolchain/10 2021.10/bin/../lib/gcc/arm-none-eabi/10.3.1/../../../../arm-none-eabi/lib/thumb/v7e-m+dp/hard\libc_nano.a(lib_a-exit.o)
 .debug_frame   0x000018ac       0x2c d:/gnu arm embedded toolchain/10 2021.10/bin/../lib/gcc/arm-none-eabi/10.3.1/../../../../arm-none-eabi/lib/thumb/v7e-m+dp/hard\libc_nano.a(lib_a-init.o)
 .debug_frame   0x000018d8       0x20 d:/gnu arm embedded toolchain/10 2021.10/bin/../lib/gcc/arm-none-eabi/10.3.1/../../../../arm-none-eabi/lib/thumb/v7e-m+dp/hard\libc_nano.a(lib_a-memset.o)
 .debug_frame   0x000018f8       0x20 d:/gnu arm embedded toolchain/10 2021.10/bin/../lib/gcc/arm-none-eabi/10.3.1/../../../../arm-none-eabi/lib/thumb/v7e-m+dp/hard\libnosys.a(_exit.o)
