Archive member included to satisfy reference by file (symbol)

d:/gnu arm embedded toolchain/10 2021.10/bin/../lib/gcc/arm-none-eabi/10.3.1/../../../../arm-none-eabi/lib/thumb/v7e-m+dp/hard\libc_nano.a(lib_a-exit.o)
                              d:/gnu arm embedded toolchain/10 2021.10/bin/../lib/gcc/arm-none-eabi/10.3.1/../../../../arm-none-eabi/lib/thumb/v7e-m+dp/hard/crt0.o (exit)
d:/gnu arm embedded toolchain/10 2021.10/bin/../lib/gcc/arm-none-eabi/10.3.1/../../../../arm-none-eabi/lib/thumb/v7e-m+dp/hard\libc_nano.a(lib_a-impure.o)
                              d:/gnu arm embedded toolchain/10 2021.10/bin/../lib/gcc/arm-none-eabi/10.3.1/../../../../arm-none-eabi/lib/thumb/v7e-m+dp/hard\libc_nano.a(lib_a-exit.o) (_global_impure_ptr)
d:/gnu arm embedded toolchain/10 2021.10/bin/../lib/gcc/arm-none-eabi/10.3.1/../../../../arm-none-eabi/lib/thumb/v7e-m+dp/hard\libc_nano.a(lib_a-init.o)
                              d:/gnu arm embedded toolchain/10 2021.10/bin/../lib/gcc/arm-none-eabi/10.3.1/../../../../arm-none-eabi/lib/thumb/v7e-m+dp/hard/crt0.o (__libc_init_array)
d:/gnu arm embedded toolchain/10 2021.10/bin/../lib/gcc/arm-none-eabi/10.3.1/../../../../arm-none-eabi/lib/thumb/v7e-m+dp/hard\libc_nano.a(lib_a-malloc.o)
                              CMakeFiles/hello_world.elf.dir/F_/NXP/ref/SDK_2.6.0_EVKB-IMXRT1050/SDK_2.6.0_EVKB-IMXRT1050/devices/MIMXRT1052/drivers/fsl_common.c.obj (malloc)
d:/gnu arm embedded toolchain/10 2021.10/bin/../lib/gcc/arm-none-eabi/10.3.1/../../../../arm-none-eabi/lib/thumb/v7e-m+dp/hard\libc_nano.a(lib_a-memset.o)
                              d:/gnu arm embedded toolchain/10 2021.10/bin/../lib/gcc/arm-none-eabi/10.3.1/../../../../arm-none-eabi/lib/thumb/v7e-m+dp/hard/crt0.o (memset)
d:/gnu arm embedded toolchain/10 2021.10/bin/../lib/gcc/arm-none-eabi/10.3.1/../../../../arm-none-eabi/lib/thumb/v7e-m+dp/hard\libc_nano.a(lib_a-nano-freer.o)
                              d:/gnu arm embedded toolchain/10 2021.10/bin/../lib/gcc/arm-none-eabi/10.3.1/../../../../arm-none-eabi/lib/thumb/v7e-m+dp/hard\libc_nano.a(lib_a-malloc.o) (_free_r)
d:/gnu arm embedded toolchain/10 2021.10/bin/../lib/gcc/arm-none-eabi/10.3.1/../../../../arm-none-eabi/lib/thumb/v7e-m+dp/hard\libc_nano.a(lib_a-nano-mallocr.o)
                              d:/gnu arm embedded toolchain/10 2021.10/bin/../lib/gcc/arm-none-eabi/10.3.1/../../../../arm-none-eabi/lib/thumb/v7e-m+dp/hard\libc_nano.a(lib_a-malloc.o) (_malloc_r)
d:/gnu arm embedded toolchain/10 2021.10/bin/../lib/gcc/arm-none-eabi/10.3.1/../../../../arm-none-eabi/lib/thumb/v7e-m+dp/hard\libc_nano.a(lib_a-sbrkr.o)
                              d:/gnu arm embedded toolchain/10 2021.10/bin/../lib/gcc/arm-none-eabi/10.3.1/../../../../arm-none-eabi/lib/thumb/v7e-m+dp/hard\libc_nano.a(lib_a-nano-mallocr.o) (_sbrk_r)
d:/gnu arm embedded toolchain/10 2021.10/bin/../lib/gcc/arm-none-eabi/10.3.1/../../../../arm-none-eabi/lib/thumb/v7e-m+dp/hard\libc_nano.a(lib_a-strlen.o)
                              CMakeFiles/hello_world.elf.dir/e80b1e64208fade1e56dcc745157207a/SDK_2.6.0_EVKB-IMXRT1050/devices/MIMXRT1052/utilities/str/fsl_str.c.obj (strlen)
d:/gnu arm embedded toolchain/10 2021.10/bin/../lib/gcc/arm-none-eabi/10.3.1/../../../../arm-none-eabi/lib/thumb/v7e-m+dp/hard\libc_nano.a(lib_a-mlock.o)
                              d:/gnu arm embedded toolchain/10 2021.10/bin/../lib/gcc/arm-none-eabi/10.3.1/../../../../arm-none-eabi/lib/thumb/v7e-m+dp/hard\libc_nano.a(lib_a-nano-freer.o) (__malloc_lock)
d:/gnu arm embedded toolchain/10 2021.10/bin/../lib/gcc/arm-none-eabi/10.3.1/../../../../arm-none-eabi/lib/thumb/v7e-m+dp/hard\libc_nano.a(lib_a-reent.o)
                              d:/gnu arm embedded toolchain/10 2021.10/bin/../lib/gcc/arm-none-eabi/10.3.1/../../../../arm-none-eabi/lib/thumb/v7e-m+dp/hard\libc_nano.a(lib_a-sbrkr.o) (errno)
d:/gnu arm embedded toolchain/10 2021.10/bin/../lib/gcc/arm-none-eabi/10.3.1/../../../../arm-none-eabi/lib/thumb/v7e-m+dp/hard\libc_nano.a(lib_a-lock.o)
                              d:/gnu arm embedded toolchain/10 2021.10/bin/../lib/gcc/arm-none-eabi/10.3.1/../../../../arm-none-eabi/lib/thumb/v7e-m+dp/hard\libc_nano.a(lib_a-mlock.o) (__retarget_lock_acquire_recursive)
d:/gnu arm embedded toolchain/10 2021.10/bin/../lib/gcc/arm-none-eabi/10.3.1/thumb/v7e-m+dp/hard\libgcc.a(_aeabi_uldivmod.o)
                              CMakeFiles/hello_world.elf.dir/F_/NXP/ref/SDK_2.6.0_EVKB-IMXRT1050/SDK_2.6.0_EVKB-IMXRT1050/devices/MIMXRT1052/system_MIMXRT1052.c.obj (__aeabi_uldivmod)
d:/gnu arm embedded toolchain/10 2021.10/bin/../lib/gcc/arm-none-eabi/10.3.1/thumb/v7e-m+dp/hard\libgcc.a(_udivmoddi4.o)
                              d:/gnu arm embedded toolchain/10 2021.10/bin/../lib/gcc/arm-none-eabi/10.3.1/thumb/v7e-m+dp/hard\libgcc.a(_aeabi_uldivmod.o) (__udivmoddi4)
d:/gnu arm embedded toolchain/10 2021.10/bin/../lib/gcc/arm-none-eabi/10.3.1/thumb/v7e-m+dp/hard\libgcc.a(_dvmd_tls.o)
[...]
Memory Configuration

Name             Origin             Length             Attributes
*default*        0x00000000         0xffffffff

Linker script and memory map

LOAD d:/gnu arm embedded toolchain/10 2021.10/bin/../lib/gcc/arm-none-eabi/10.3.1/thumb/v7e-m+dp/hard/crti.o
LOAD d:/gnu arm embedded toolchain/10 2021.10/bin/../lib/gcc/arm-none-eabi/10.3.1/thumb/v7e-m+dp/hard/crtbegin.o
LOAD d:/gnu arm embedded toolchain/10 2021.10/bin/../lib/gcc/arm-none-eabi/10.3.1/../../../../arm-none-eabi/lib/thumb/v7e-m+dp/hard/crt0.o
LOAD CMakeFiles/hello_world.elf.dir/e80b1e64208fade1e56dcc745157207a/SDK_2.6.0_EVKB-IMXRT1050/devices/MIMXRT1052/gcc/startup_MIMXRT1052.S.obj
LOAD CMakeFiles/hello_world.elf.dir/06b4f722f0096b8e831cef3a518bd843/boards/evkbimxrt1050/demo_apps/hello_world/board.c.obj
LOAD CMakeFiles/hello_world.elf.dir/06b4f722f0096b8e831cef3a518bd843/boards/evkbimxrt1050/demo_apps/hello_world/clock_config.c.obj
LOAD CMakeFiles/hello_world.elf.dir/06b4f722f0096b8e831cef3a518bd843/boards/evkbimxrt1050/xip/evkbimxrt1050_flexspi_nor_config.c.obj
LOAD CMakeFiles/hello_world.elf.dir/06b4f722f0096b8e831cef3a518bd843/boards/evkbimxrt1050/xip/evkbimxrt1050_sdram_ini_dcd.c.obj
LOAD CMakeFiles/hello_world.elf.dir/F_/NXP/ref/SDK_2.6.0_EVKB-IMXRT1050/SDK_2.6.0_EVKB-IMXRT1050/devices/MIMXRT1052/utilities/fsl_assert.c.obj
LOAD CMakeFiles/hello_world.elf.dir/F_/NXP/ref/SDK_2.6.0_EVKB-IMXRT1050/SDK_2.6.0_EVKB-IMXRT1050/devices/MIMXRT1052/drivers/fsl_clock.c.obj
LOAD CMakeFiles/hello_world.elf.dir/F_/NXP/ref/SDK_2.6.0_EVKB-IMXRT1050/SDK_2.6.0_EVKB-IMXRT1050/devices/MIMXRT1052/drivers/fsl_common.c.obj
LOAD CMakeFiles/hello_world.elf.dir/06b4f722f0096b8e831cef3a518bd843/devices/MIMXRT1052/utilities/debug_console/fsl_debug_console.c.obj
LOAD CMakeFiles/hello_world.elf.dir/06b4f722f0096b8e831cef3a518bd843/devices/MIMXRT1052/xip/fsl_flexspi_nor_boot.c.obj
LOAD CMakeFiles/hello_world.elf.dir/F_/NXP/ref/SDK_2.6.0_EVKB-IMXRT1050/SDK_2.6.0_EVKB-IMXRT1050/devices/MIMXRT1052/drivers/fsl_gpio.c.obj
LOAD CMakeFiles/hello_world.elf.dir/F_/NXP/ref/SDK_2.6.0_EVKB-IMXRT1050/SDK_2.6.0_EVKB-IMXRT1050/devices/MIMXRT1052/drivers/fsl_lpuart.c.obj
LOAD CMakeFiles/hello_world.elf.dir/e80b1e64208fade1e56dcc745157207a/SDK_2.6.0_EVKB-IMXRT1050/devices/MIMXRT1052/utilities/str/fsl_str.c.obj
LOAD CMakeFiles/hello_world.elf.dir/F_/NXP/ref/SDK_2.6.0_EVKB-IMXRT1050/SDK_2.6.0_EVKB-IMXRT1050/components/lists/generic_list.c.obj
LOAD CMakeFiles/hello_world.elf.dir/06b4f722f0096b8e831cef3a518bd843/boards/evkbimxrt1050/demo_apps/hello_world/hello_world.c.obj
LOAD CMakeFiles/hello_world.elf.dir/F_/NXP/ref/SDK_2.6.0_EVKB-IMXRT1050/SDK_2.6.0_EVKB-IMXRT1050/components/uart/lpuart_adapter.c.obj
LOAD CMakeFiles/hello_world.elf.dir/06b4f722f0096b8e831cef3a518bd843/boards/evkbimxrt1050/demo_apps/hello_world/pin_mux.c.obj
LOAD CMakeFiles/hello_world.elf.dir/e80b1e64208fade1e56dcc745157207a/SDK_2.6.0_EVKB-IMXRT1050/components/serial_manager/serial_manager.c.obj
LOAD CMakeFiles/hello_world.elf.dir/e80b1e64208fade1e56dcc745157207a/SDK_2.6.0_EVKB-IMXRT1050/components/serial_manager/serial_port_uart.c.obj
LOAD CMakeFiles/hello_world.elf.dir/F_/NXP/ref/SDK_2.6.0_EVKB-IMXRT1050/SDK_2.6.0_EVKB-IMXRT1050/devices/MIMXRT1052/system_MIMXRT1052.c.obj
START GROUP
LOAD d:/gnu arm embedded toolchain/10 2021.10/bin/../lib/gcc/arm-none-eabi/10.3.1/../../../../arm-none-eabi/lib/thumb/v7e-m+dp/hard\libm.a
LOAD d:/gnu arm embedded toolchain/10 2021.10/bin/../lib/gcc/arm-none-eabi/10.3.1/../../../../arm-none-eabi/lib/thumb/v7e-m+dp/hard\libc_nano.a
LOAD d:/gnu arm embedded toolchain/10 2021.10/bin/../lib/gcc/arm-none-eabi/10.3.1/thumb/v7e-m+dp/hard\libgcc.a
LOAD d:/gnu arm embedded toolchain/10 2021.10/bin/../lib/gcc/arm-none-eabi/10.3.1/../../../../arm-none-eabi/lib/thumb/v7e-m+dp/hard\libnosys.a
END GROUP
START GROUP
LOAD d:/gnu arm embedded toolchain/10 2021.10/bin/../lib/gcc/arm-none-eabi/10.3.1/thumb/v7e-m+dp/hard\libgcc.a
LOAD d:/gnu arm embedded toolchain/10 2021.10/bin/../lib/gcc/arm-none-eabi/10.3.1/../../../../arm-none-eabi/lib/thumb/v7e-m+dp/hard\libg_nano.a
LOAD d:/gnu arm embedded toolchain/10 2021.10/bin/../lib/gcc/arm-none-eabi/10.3.1/../../../../arm-none-eabi/lib/thumb/v7e-m+dp/hard\libc_nano.a
END GROUP
START GROUP
LOAD d:/gnu arm embedded toolchain/10 2021.10/bin/../lib/gcc/arm-none-eabi/10.3.1/thumb/v7e-m+dp/hard\libgcc.a
LOAD d:/gnu arm embedded toolchain/10 2021.10/bin/../lib/gcc/arm-none-eabi/10.3.1/../../../../arm-none-eabi/lib/thumb/v7e-m+dp/hard\libc_nano.a
LOAD d:/gnu arm embedded toolchain/10 2021.10/bin/../lib/gcc/arm-none-eabi/10.3.1/../../../../arm-none-eabi/lib/thumb/v7e-m+dp/hard\libnosys.a
END GROUP
START GROUP
LOAD d:/gnu arm embedded toolchain/10 2021.10/bin/../lib/gcc/arm-none-eabi/10.3.1/thumb/v7e-m+dp/hard\libgcc.a
LOAD d:/gnu arm embedded toolchain/10 2021.10/bin/../lib/gcc/arm-none-eabi/10.3.1/../../../../arm-none-eabi/lib/thumb/v7e-m+dp/hard\libc_nano.a
LOAD d:/gnu arm embedded toolchain/10 2021.10/bin/../lib/gcc/arm-none-eabi/10.3.1/../../../../arm-none-eabi/lib/thumb/v7e-m+dp/hard\libnosys.a
END GROUP
LOAD d:/gnu arm embedded toolchain/10 2021.10/bin/../lib/gcc/arm-none-eabi/10.3.1/thumb/v7e-m+dp/hard/crtend.o
LOAD d:/gnu arm embedded toolchain/10 2021.10/bin/../lib/gcc/arm-none-eabi/10.3.1/thumb/v7e-m+dp/hard/crtn.o
                [!provide]                PROVIDE (__executable_start = SEGMENT_START ("text-segment", 0x8000))
                0x00008000                . = SEGMENT_START ("text-segment", 0x8000)

.interp
 *(.interp)

.note.gnu.build-id
 *(.note.gnu.build-id)

.hash
 *(.hash)

.gnu.hash
 *(.gnu.hash)

.dynsym
 *(.dynsym)

.dynstr
 *(.dynstr)

.gnu.version
 *(.gnu.version)

.gnu.version_d
 *(.gnu.version_d)

.gnu.version_r
 *(.gnu.version_r)

.rel.dyn        0x00008000        0x0
 *(.rel.init)
 *(.rel.text .rel.text.* .rel.gnu.linkonce.t.*)
 *(.rel.fini)
 *(.rel.rodata .rel.rodata.* .rel.gnu.linkonce.r.*)
 *(.rel.data.rel.ro .rel.data.rel.ro.* .rel.gnu.linkonce.d.rel.ro.*)
 *(.rel.data .rel.data.* .rel.gnu.linkonce.d.*)
 *(.rel.tdata .rel.tdata.* .rel.gnu.linkonce.td.*)
 *(.rel.tbss .rel.tbss.* .rel.gnu.linkonce.tb.*)
 *(.rel.ctors)
 *(.rel.dtors)
 *(.rel.got)
 *(.rel.bss .rel.bss.* .rel.gnu.linkonce.b.*)
                [!provide]                PROVIDE (__rel_iplt_start = .)
 *(.rel.iplt)
 .rel.iplt      0x00008000        0x0 d:/gnu arm embedded toolchain/10 2021.10/bin/../lib/gcc/arm-none-eabi/10.3.1/thumb/v7e-m+dp/hard/crtbegin.o
                [!provide]                PROVIDE (__rel_iplt_end = .)

.rela.dyn       0x00008000        0x0
 *(.rela.init)
 *(.rela.text .rela.text.* .rela.gnu.linkonce.t.*)
 *(.rela.fini)
 *(.rela.rodata .rela.rodata.* .rela.gnu.linkonce.r.*)
 *(.rela.data .rela.data.* .rela.gnu.linkonce.d.*)
 *(.rela.tdata .rela.tdata.* .rela.gnu.linkonce.td.*)
 *(.rela.tbss .rela.tbss.* .rela.gnu.linkonce.tb.*)
 *(.rela.ctors)
 *(.rela.dtors)
 *(.rela.got)
 *(.rela.bss .rela.bss.* .rela.gnu.linkonce.b.*)
                [!provide]                PROVIDE (__rela_iplt_start = .)
 *(.rela.iplt)
                [!provide]                PROVIDE (__rela_iplt_end = .)

.rel.plt
 *(.rel.plt)

.rela.plt
 *(.rela.plt)

.init           0x00008000        0xc
 *(SORT_NONE(.init))
 .init          0x00008000        0x4 d:/gnu arm embedded toolchain/10 2021.10/bin/../lib/gcc/arm-none-eabi/10.3.1/thumb/v7e-m+dp/hard/crti.o
                0x00008000                _init
 .init          0x00008004        0x8 d:/gnu arm embedded toolchain/10 2021.10/bin/../lib/gcc/arm-none-eabi/10.3.1/thumb/v7e-m+dp/hard/crtn.o

.plt
 *(.plt)

.iplt           0x0000800c        0x0
 *(.iplt)
 .iplt          0x0000800c        0x0 d:/gnu arm embedded toolchain/10 2021.10/bin/../lib/gcc/arm-none-eabi/10.3.1/thumb/v7e-m+dp/hard/crtbegin.o

.text           0x0000800c     0x2e9c
 *(.text.unlikely .text.*_unlikely .text.unlikely.*)
 *(.text.exit .text.exit.*)
 .text.exit     0x0000800c       0x28 d:/gnu arm embedded toolchain/10 2021.10/bin/../lib/gcc/arm-none-eabi/10.3.1/../../../../arm-none-eabi/lib/thumb/v7e-m+dp/hard\libc_nano.a(lib_a-exit.o)
                0x0000800c                exit
 *(.text.startup .text.startup.*)
 *(.text.hot .text.hot.*)
 *(SORT_BY_NAME(.text.sorted.*))
 *(.text .stub .text.* .gnu.linkonce.t.*)
 .text          0x00008034       0x40 d:/gnu arm embedded toolchain/10 2021.10/bin/../lib/gcc/arm-none-eabi/10.3.1/thumb/v7e-m+dp/hard/crtbegin.o
 .text          0x00008074       0x7c d:/gnu arm embedded toolchain/10 2021.10/bin/../lib/gcc/arm-none-eabi/10.3.1/../../../../arm-none-eabi/lib/thumb/v7e-m+dp/hard/crt0.o
                0x00008074                _stack_init
                0x0000807c                _start
                0x0000807c                _mainCRTStartup
 .text.ARM_MPU_Enable
                0x000080f0       0x40 CMakeFiles/hello_world.elf.dir/06b4f722f0096b8e831cef3a518bd843/boards/evkbimxrt1050/demo_apps/hello_world/board.c.obj
 .text.ARM_MPU_Disable
                0x00008130       0x3c CMakeFiles/hello_world.elf.dir/06b4f722f0096b8e831cef3a518bd843/boards/evkbimxrt1050/demo_apps/hello_world/board.c.obj
 .text.SCB_EnableICache
                0x0000816c       0x4c CMakeFiles/hello_world.elf.dir/06b4f722f0096b8e831cef3a518bd843/boards/evkbimxrt1050/demo_apps/hello_world/board.c.obj
 .text.SCB_DisableICache
                0x000081b8       0x40 CMakeFiles/hello_world.elf.dir/06b4f722f0096b8e831cef3a518bd843/boards/evkbimxrt1050/demo_apps/hello_world/board.c.obj
 .text.SCB_EnableDCache
                0x000081f8       0x88 CMakeFiles/hello_world.elf.dir/06b4f722f0096b8e831cef3a518bd843/boards/evkbimxrt1050/demo_apps/hello_world/board.c.obj
 .text.SCB_DisableDCache
                0x00008280       0x70 CMakeFiles/hello_world.elf.dir/06b4f722f0096b8e831cef3a518bd843/boards/evkbimxrt1050/demo_apps/hello_world/board.c.obj
 .text.CLOCK_GetMux
                0x000082f0       0x44 CMakeFiles/hello_world.elf.dir/06b4f722f0096b8e831cef3a518bd843/boards/evkbimxrt1050/demo_apps/hello_world/board.c.obj
 .text.CLOCK_GetDiv
                0x00008334       0x44 CMakeFiles/hello_world.elf.dir/06b4f722f0096b8e831cef3a518bd843/boards/evkbimxrt1050/demo_apps/hello_world/board.c.obj
 .text.CLOCK_GetOscFreq
                0x00008378       0x30 CMakeFiles/hello_world.elf.dir/06b4f722f0096b8e831cef3a518bd843/boards/evkbimxrt1050/demo_apps/hello_world/board.c.obj
 .text.BOARD_DebugConsoleSrcFreq
                0x000083a8       0x64 CMakeFiles/hello_world.elf.dir/06b4f722f0096b8e831cef3a518bd843/boards/evkbimxrt1050/demo_apps/hello_world/board.c.obj
                0x000083a8                BOARD_DebugConsoleSrcFreq
 .text.BOARD_InitDebugConsole
                0x0000840c       0x22 CMakeFiles/hello_world.elf.dir/06b4f722f0096b8e831cef3a518bd843/boards/evkbimxrt1050/demo_apps/hello_world/board.c.obj
                0x0000840c                BOARD_InitDebugConsole
 *fill*         0x0000842e        0x2 
 .text.BOARD_ConfigMPU
                0x00008430       0xec CMakeFiles/hello_world.elf.dir/06b4f722f0096b8e831cef3a518bd843/boards/evkbimxrt1050/demo_apps/hello_world/board.c.obj
                0x00008430                BOARD_ConfigMPU
 .text.CLOCK_SetMux
                0x0000851c       0xac CMakeFiles/hello_world.elf.dir/06b4f722f0096b8e831cef3a518bd843/boards/evkbimxrt1050/demo_apps/hello_world/clock_config.c.obj
 .text.CLOCK_SetDiv
                0x000085c8       0xac CMakeFiles/hello_world.elf.dir/06b4f722f0096b8e831cef3a518bd843/boards/evkbimxrt1050/demo_apps/hello_world/clock_config.c.obj
 .text.CLOCK_ControlGate
                0x00008674       0x74 CMakeFiles/hello_world.elf.dir/06b4f722f0096b8e831cef3a518bd843/boards/evkbimxrt1050/demo_apps/hello_world/clock_config.c.obj
 .text.CLOCK_DisableClock
                0x000086e8       0x1e CMakeFiles/hello_world.elf.dir/06b4f722f0096b8e831cef3a518bd843/boards/evkbimxrt1050/demo_apps/hello_world/clock_config.c.obj
 *fill*         0x00008706        0x2 
 .text.CLOCK_SetXtalFreq
                0x00008708       0x20 CMakeFiles/hello_world.elf.dir/06b4f722f0096b8e831cef3a518bd843/boards/evkbimxrt1050/demo_apps/hello_world/clock_config.c.obj
 .text.CLOCK_SetRtcXtalFreq
                0x00008728       0x20 CMakeFiles/hello_world.elf.dir/06b4f722f0096b8e831cef3a518bd843/boards/evkbimxrt1050/demo_apps/hello_world/clock_config.c.obj
 .text.CLOCK_SetPllBypass
                0x00008748       0x4e CMakeFiles/hello_world.elf.dir/06b4f722f0096b8e831cef3a518bd843/boards/evkbimxrt1050/demo_apps/hello_world/clock_config.c.obj
 *fill*         0x00008796        0x2 
 .text.IOMUXC_EnableMode
                0x00008798       0x48 CMakeFiles/hello_world.elf.dir/06b4f722f0096b8e831cef3a518bd843/boards/evkbimxrt1050/demo_apps/hello_world/clock_config.c.obj
 .text.IOMUXC_SetSaiMClkClockSource
                0x000087e0       0x6c CMakeFiles/hello_world.elf.dir/06b4f722f0096b8e831cef3a518bd843/boards/evkbimxrt1050/demo_apps/hello_world/clock_config.c.obj
 .text.IOMUXC_MQSConfig
                0x0000884c       0x44 CMakeFiles/hello_world.elf.dir/06b4f722f0096b8e831cef3a518bd843/boards/evkbimxrt1050/demo_apps/hello_world/clock_config.c.obj
 .text.BOARD_BootClockRUN
                0x00008890      0x680 CMakeFiles/hello_world.elf.dir/06b4f722f0096b8e831cef3a518bd843/boards/evkbimxrt1050/demo_apps/hello_world/clock_config.c.obj
                0x00008890                BOARD_BootClockRUN
 .text.__assert_func
                0x00008f10       0x28 CMakeFiles/hello_world.elf.dir/F_/NXP/ref/SDK_2.6.0_EVKB-IMXRT1050/SDK_2.6.0_EVKB-IMXRT1050/devices/MIMXRT1052/utilities/fsl_assert.c.obj
                0x00008f10                __assert_func
 .text.CLOCK_GetOscFreq
                0x00008f38       0x30 CMakeFiles/hello_world.elf.dir/F_/NXP/ref/SDK_2.6.0_EVKB-IMXRT1050/SDK_2.6.0_EVKB-IMXRT1050/devices/MIMXRT1052/drivers/fsl_clock.c.obj
 .text.CLOCK_IsPllBypassed
                0x00008f68       0x32 CMakeFiles/hello_world.elf.dir/F_/NXP/ref/SDK_2.6.0_EVKB-IMXRT1050/SDK_2.6.0_EVKB-IMXRT1050/devices/MIMXRT1052/drivers/fsl_clock.c.obj
 .text.CLOCK_IsPllEnabled
                0x00008f9a       0x3c CMakeFiles/hello_world.elf.dir/F_/NXP/ref/SDK_2.6.0_EVKB-IMXRT1050/SDK_2.6.0_EVKB-IMXRT1050/devices/MIMXRT1052/drivers/fsl_clock.c.obj
 .text.CLOCK_GetPllBypassRefClk
                0x00008fd6       0x34 CMakeFiles/hello_world.elf.dir/F_/NXP/ref/SDK_2.6.0_EVKB-IMXRT1050/SDK_2.6.0_EVKB-IMXRT1050/devices/MIMXRT1052/drivers/fsl_clock.c.obj
 *fill*         0x0000900a        0x2 
 .text.CLOCK_InitExternalClk
                0x0000900c       0x78 CMakeFiles/hello_world.elf.dir/F_/NXP/ref/SDK_2.6.0_EVKB-IMXRT1050/SDK_2.6.0_EVKB-IMXRT1050/devices/MIMXRT1052/drivers/fsl_clock.c.obj
                0x0000900c                CLOCK_InitExternalClk
 .text.CLOCK_SwitchOsc
                0x00009084       0x34 CMakeFiles/hello_world.elf.dir/F_/NXP/ref/SDK_2.6.0_EVKB-IMXRT1050/SDK_2.6.0_EVKB-IMXRT1050/devices/MIMXRT1052/drivers/fsl_clock.c.obj
                0x00009084                CLOCK_SwitchOsc
 .text.CLOCK_InitRcOsc24M
                0x000090b8       0x24 CMakeFiles/hello_world.elf.dir/F_/NXP/ref/SDK_2.6.0_EVKB-IMXRT1050/SDK_2.6.0_EVKB-IMXRT1050/devices/MIMXRT1052/drivers/fsl_clock.c.obj
                0x000090b8                CLOCK_InitRcOsc24M
 .text.CLOCK_InitArmPll
                0x000090dc       0x68 CMakeFiles/hello_world.elf.dir/F_/NXP/ref/SDK_2.6.0_EVKB-IMXRT1050/SDK_2.6.0_EVKB-IMXRT1050/devices/MIMXRT1052/drivers/fsl_clock.c.obj
                0x000090dc                CLOCK_InitArmPll
 .text.CLOCK_InitSysPll
                0x00009144       0x9c CMakeFiles/hello_world.elf.dir/F_/NXP/ref/SDK_2.6.0_EVKB-IMXRT1050/SDK_2.6.0_EVKB-IMXRT1050/devices/MIMXRT1052/drivers/fsl_clock.c.obj
                0x00009144                CLOCK_InitSysPll
 .text.CLOCK_InitUsb1Pll
                0x000091e0       0x68 CMakeFiles/hello_world.elf.dir/F_/NXP/ref/SDK_2.6.0_EVKB-IMXRT1050/SDK_2.6.0_EVKB-IMXRT1050/devices/MIMXRT1052/drivers/fsl_clock.c.obj
                0x000091e0                CLOCK_InitUsb1Pll
 .text.CLOCK_DeinitUsb2Pll
                0x00009248       0x18 CMakeFiles/hello_world.elf.dir/F_/NXP/ref/SDK_2.6.0_EVKB-IMXRT1050/SDK_2.6.0_EVKB-IMXRT1050/devices/MIMXRT1052/drivers/fsl_clock.c.obj
                0x00009248                CLOCK_DeinitUsb2Pll
 .text.CLOCK_DeinitAudioPll
                0x00009260       0x1c CMakeFiles/hello_world.elf.dir/F_/NXP/ref/SDK_2.6.0_EVKB-IMXRT1050/SDK_2.6.0_EVKB-IMXRT1050/devices/MIMXRT1052/drivers/fsl_clock.c.obj
                0x00009260                CLOCK_DeinitAudioPll
 .text.CLOCK_DeinitVideoPll
                0x0000927c       0x1c CMakeFiles/hello_world.elf.dir/F_/NXP/ref/SDK_2.6.0_EVKB-IMXRT1050/SDK_2.6.0_EVKB-IMXRT1050/devices/MIMXRT1052/drivers/fsl_clock.c.obj
                0x0000927c                CLOCK_DeinitVideoPll
 .text.CLOCK_DeinitEnetPll
                0x00009298       0x1c CMakeFiles/hello_world.elf.dir/F_/NXP/ref/SDK_2.6.0_EVKB-IMXRT1050/SDK_2.6.0_EVKB-IMXRT1050/devices/MIMXRT1052/drivers/fsl_clock.c.obj
                0x00009298                CLOCK_DeinitEnetPll
 .text.CLOCK_GetPllFreq
                0x000092b4      0x32c CMakeFiles/hello_world.elf.dir/F_/NXP/ref/SDK_2.6.0_EVKB-IMXRT1050/SDK_2.6.0_EVKB-IMXRT1050/devices/MIMXRT1052/drivers/fsl_clock.c.obj
                0x000092b4                CLOCK_GetPllFreq
 .text.CLOCK_InitSysPfd
                0x000095e0       0x64 CMakeFiles/hello_world.elf.dir/F_/NXP/ref/SDK_2.6.0_EVKB-IMXRT1050/SDK_2.6.0_EVKB-IMXRT1050/devices/MIMXRT1052/drivers/fsl_clock.c.obj
                0x000095e0                CLOCK_InitSysPfd
 .text.CLOCK_InitUsb1Pfd
                0x00009644       0x64 CMakeFiles/hello_world.elf.dir/F_/NXP/ref/SDK_2.6.0_EVKB-IMXRT1050/SDK_2.6.0_EVKB-IMXRT1050/devices/MIMXRT1052/drivers/fsl_clock.c.obj
                0x00009644                CLOCK_InitUsb1Pfd
 .text.DbgConsole_ReadOneCharacter
                0x000096a8       0x34 CMakeFiles/hello_world.elf.dir/06b4f722f0096b8e831cef3a518bd843/devices/MIMXRT1052/utilities/debug_console/fsl_debug_console.c.obj
                0x000096a8                DbgConsole_ReadOneCharacter
 .text.DbgConsole_SendDataReliable
                0x000096dc       0x70 CMakeFiles/hello_world.elf.dir/06b4f722f0096b8e831cef3a518bd843/devices/MIMXRT1052/utilities/debug_console/fsl_debug_console.c.obj
                0x000096dc                DbgConsole_SendDataReliable
 .text.DbgConsole_ReadCharacter
                0x0000974c       0x4c CMakeFiles/hello_world.elf.dir/06b4f722f0096b8e831cef3a518bd843/devices/MIMXRT1052/utilities/debug_console/fsl_debug_console.c.obj
                0x0000974c                DbgConsole_ReadCharacter
 .text.DbgConsole_PrintCallback
                0x00009798       0x66 CMakeFiles/hello_world.elf.dir/06b4f722f0096b8e831cef3a518bd843/devices/MIMXRT1052/utilities/debug_console/fsl_debug_console.c.obj
 *fill*         0x000097fe        0x2 
 .text.DbgConsole_Init
                0x00009800      0x11c CMakeFiles/hello_world.elf.dir/06b4f722f0096b8e831cef3a518bd843/devices/MIMXRT1052/utilities/debug_console/fsl_debug_console.c.obj
                0x00009800                DbgConsole_Init
 .text.DbgConsole_Printf
                0x0000991c       0x7c CMakeFiles/hello_world.elf.dir/06b4f722f0096b8e831cef3a518bd843/devices/MIMXRT1052/utilities/debug_console/fsl_debug_console.c.obj
                0x0000991c                DbgConsole_Printf
 .text.DbgConsole_Putchar
                0x00009998       0x1c CMakeFiles/hello_world.elf.dir/06b4f722f0096b8e831cef3a518bd843/devices/MIMXRT1052/utilities/debug_console/fsl_debug_console.c.obj
                0x00009998                DbgConsole_Putchar
 .text.DbgConsole_Getchar
                0x000099b4       0x1c CMakeFiles/hello_world.elf.dir/06b4f722f0096b8e831cef3a518bd843/devices/MIMXRT1052/utilities/debug_console/fsl_debug_console.c.obj
                0x000099b4                DbgConsole_Getchar
 .text.CLOCK_ControlGate
                0x000099d0       0x74 CMakeFiles/hello_world.elf.dir/F_/NXP/ref/SDK_2.6.0_EVKB-IMXRT1050/SDK_2.6.0_EVKB-IMXRT1050/devices/MIMXRT1052/drivers/fsl_lpuart.c.obj
 .text.CLOCK_EnableClock
                0x00009a44       0x1e CMakeFiles/hello_world.elf.dir/F_/NXP/ref/SDK_2.6.0_EVKB-IMXRT1050/SDK_2.6.0_EVKB-IMXRT1050/devices/MIMXRT1052/drivers/fsl_lpuart.c.obj
 .text.LPUART_SoftwareReset
                0x00009a62       0x2c CMakeFiles/hello_world.elf.dir/F_/NXP/ref/SDK_2.6.0_EVKB-IMXRT1050/SDK_2.6.0_EVKB-IMXRT1050/devices/MIMXRT1052/drivers/fsl_lpuart.c.obj
 *fill*         0x00009a8e        0x2 
 .text.LPUART_GetInstance
                0x00009a90       0x58 CMakeFiles/hello_world.elf.dir/F_/NXP/ref/SDK_2.6.0_EVKB-IMXRT1050/SDK_2.6.0_EVKB-IMXRT1050/devices/MIMXRT1052/drivers/fsl_lpuart.c.obj
                0x00009a90                LPUART_GetInstance
 .text.LPUART_Init
                0x00009ae8      0x320 CMakeFiles/hello_world.elf.dir/F_/NXP/ref/SDK_2.6.0_EVKB-IMXRT1050/SDK_2.6.0_EVKB-IMXRT1050/devices/MIMXRT1052/drivers/fsl_lpuart.c.obj
                0x00009ae8                LPUART_Init
 .text.LPUART_GetDefaultConfig
                0x00009e08       0x98 CMakeFiles/hello_world.elf.dir/F_/NXP/ref/SDK_2.6.0_EVKB-IMXRT1050/SDK_2.6.0_EVKB-IMXRT1050/devices/MIMXRT1052/drivers/fsl_lpuart.c.obj
                0x00009e08                LPUART_GetDefaultConfig
 .text.LPUART_GetStatusFlags
                0x00009ea0       0x2c CMakeFiles/hello_world.elf.dir/F_/NXP/ref/SDK_2.6.0_EVKB-IMXRT1050/SDK_2.6.0_EVKB-IMXRT1050/devices/MIMXRT1052/drivers/fsl_lpuart.c.obj
                0x00009ea0                LPUART_GetStatusFlags
 .text.LPUART_ClearStatusFlags
                0x00009ecc       0xa4 CMakeFiles/hello_world.elf.dir/F_/NXP/ref/SDK_2.6.0_EVKB-IMXRT1050/SDK_2.6.0_EVKB-IMXRT1050/devices/MIMXRT1052/drivers/fsl_lpuart.c.obj
                0x00009ecc                LPUART_ClearStatusFlags
 .text.LPUART_WriteBlocking
                0x00009f70       0x6c CMakeFiles/hello_world.elf.dir/F_/NXP/ref/SDK_2.6.0_EVKB-IMXRT1050/SDK_2.6.0_EVKB-IMXRT1050/devices/MIMXRT1052/drivers/fsl_lpuart.c.obj
                0x00009f70                LPUART_WriteBlocking
 .text.LPUART_ReadBlocking
                0x00009fdc      0x158 CMakeFiles/hello_world.elf.dir/F_/NXP/ref/SDK_2.6.0_EVKB-IMXRT1050/SDK_2.6.0_EVKB-IMXRT1050/devices/MIMXRT1052/drivers/fsl_lpuart.c.obj
                0x00009fdc                LPUART_ReadBlocking
 .text.ConvertRadixNumToString
                0x0000a134      0x114 CMakeFiles/hello_world.elf.dir/e80b1e64208fade1e56dcc745157207a/SDK_2.6.0_EVKB-IMXRT1050/devices/MIMXRT1052/utilities/str/fsl_str.c.obj
 .text.StrFormatPrintf
                0x0000a248      0x30c CMakeFiles/hello_world.elf.dir/e80b1e64208fade1e56dcc745157207a/SDK_2.6.0_EVKB-IMXRT1050/devices/MIMXRT1052/utilities/str/fsl_str.c.obj
                0x0000a248                StrFormatPrintf
 .text.main     0x0000a554       0x34 CMakeFiles/hello_world.elf.dir/06b4f722f0096b8e831cef3a518bd843/boards/evkbimxrt1050/demo_apps/hello_world/hello_world.c.obj
                0x0000a554                main
 .text.HAL_UartGetStatus
                0x0000a588       0x22 CMakeFiles/hello_world.elf.dir/F_/NXP/ref/SDK_2.6.0_EVKB-IMXRT1050/SDK_2.6.0_EVKB-IMXRT1050/components/uart/lpuart_adapter.c.obj
 *fill*         0x0000a5aa        0x2 
 .text.HAL_UartInit
                0x0000a5ac      0x120 CMakeFiles/hello_world.elf.dir/F_/NXP/ref/SDK_2.6.0_EVKB-IMXRT1050/SDK_2.6.0_EVKB-IMXRT1050/components/uart/lpuart_adapter.c.obj
                0x0000a5ac                HAL_UartInit
 .text.HAL_UartReceiveBlocking
                0x0000a6cc       0x8c CMakeFiles/hello_world.elf.dir/F_/NXP/ref/SDK_2.6.0_EVKB-IMXRT1050/SDK_2.6.0_EVKB-IMXRT1050/components/uart/lpuart_adapter.c.obj
                0x0000a6cc                HAL_UartReceiveBlocking
 .text.HAL_UartSendBlocking
                0x0000a758       0x84 CMakeFiles/hello_world.elf.dir/F_/NXP/ref/SDK_2.6.0_EVKB-IMXRT1050/SDK_2.6.0_EVKB-IMXRT1050/components/uart/lpuart_adapter.c.obj
                0x0000a758                HAL_UartSendBlocking
 .text.CLOCK_ControlGate
                0x0000a7dc       0x74 CMakeFiles/hello_world.elf.dir/06b4f722f0096b8e831cef3a518bd843/boards/evkbimxrt1050/demo_apps/hello_world/pin_mux.c.obj
 .text.CLOCK_EnableClock
                0x0000a850       0x1e CMakeFiles/hello_world.elf.dir/06b4f722f0096b8e831cef3a518bd843/boards/evkbimxrt1050/demo_apps/hello_world/pin_mux.c.obj
 .text.IOMUXC_SetPinMux
                0x0000a86e       0x3a CMakeFiles/hello_world.elf.dir/06b4f722f0096b8e831cef3a518bd843/boards/evkbimxrt1050/demo_apps/hello_world/pin_mux.c.obj
 .text.IOMUXC_SetPinConfig
                0x0000a8a8       0x26 CMakeFiles/hello_world.elf.dir/06b4f722f0096b8e831cef3a518bd843/boards/evkbimxrt1050/demo_apps/hello_world/pin_mux.c.obj
 *fill*         0x0000a8ce        0x2 
 .text.BOARD_InitPins
                0x0000a8d0       0x78 CMakeFiles/hello_world.elf.dir/06b4f722f0096b8e831cef3a518bd843/boards/evkbimxrt1050/demo_apps/hello_world/pin_mux.c.obj
                0x0000a8d0                BOARD_InitPins
 .text.SerialManager_StartWriting
                0x0000a948       0x4a CMakeFiles/hello_world.elf.dir/e80b1e64208fade1e56dcc745157207a/SDK_2.6.0_EVKB-IMXRT1050/components/serial_manager/serial_manager.c.obj
 .text.SerialManager_StartReading
                0x0000a992       0x4a CMakeFiles/hello_world.elf.dir/e80b1e64208fade1e56dcc745157207a/SDK_2.6.0_EVKB-IMXRT1050/components/serial_manager/serial_manager.c.obj
 .text.SerialManager_Write
                0x0000a9dc       0x94 CMakeFiles/hello_world.elf.dir/e80b1e64208fade1e56dcc745157207a/SDK_2.6.0_EVKB-IMXRT1050/components/serial_manager/serial_manager.c.obj
 .text.SerialManager_Read
                0x0000aa70       0x94 CMakeFiles/hello_world.elf.dir/e80b1e64208fade1e56dcc745157207a/SDK_2.6.0_EVKB-IMXRT1050/components/serial_manager/serial_manager.c.obj
 .text.SerialManager_Init
                0x0000ab04       0x8c CMakeFiles/hello_world.elf.dir/e80b1e64208fade1e56dcc745157207a/SDK_2.6.0_EVKB-IMXRT1050/components/serial_manager/serial_manager.c.obj
                0x0000ab04                SerialManager_Init
 .text.SerialManager_OpenWriteHandle
                0x0000ab90       0x70 CMakeFiles/hello_world.elf.dir/e80b1e64208fade1e56dcc745157207a/SDK_2.6.0_EVKB-IMXRT1050/components/serial_manager/serial_manager.c.obj
                0x0000ab90                SerialManager_OpenWriteHandle
 .text.SerialManager_OpenReadHandle
                0x0000ac00       0x78 CMakeFiles/hello_world.elf.dir/e80b1e64208fade1e56dcc745157207a/SDK_2.6.0_EVKB-IMXRT1050/components/serial_manager/serial_manager.c.obj
                0x0000ac00                SerialManager_OpenReadHandle
 .text.SerialManager_WriteBlocking
                0x0000ac78       0x20 CMakeFiles/hello_world.elf.dir/e80b1e64208fade1e56dcc745157207a/SDK_2.6.0_EVKB-IMXRT1050/components/serial_manager/serial_manager.c.obj
                0x0000ac78                SerialManager_WriteBlocking
 .text.SerialManager_ReadBlocking
                0x0000ac98       0x20 CMakeFiles/hello_world.elf.dir/e80b1e64208fade1e56dcc745157207a/SDK_2.6.0_EVKB-IMXRT1050/components/serial_manager/serial_manager.c.obj
                0x0000ac98                SerialManager_ReadBlocking
 .text.Serial_UartInit
                0x0000acb8       0x94 CMakeFiles/hello_world.elf.dir/e80b1e64208fade1e56dcc745157207a/SDK_2.6.0_EVKB-IMXRT1050/components/serial_manager/serial_port_uart.c.obj
                0x0000acb8                Serial_UartInit
 .text.Serial_UartWrite
                0x0000ad4c       0x78 CMakeFiles/hello_world.elf.dir/e80b1e64208fade1e56dcc745157207a/SDK_2.6.0_EVKB-IMXRT1050/components/serial_manager/serial_port_uart.c.obj
                0x0000ad4c                Serial_UartWrite
 .text.Serial_UartRead
                0x0000adc4       0x78 CMakeFiles/hello_world.elf.dir/e80b1e64208fade1e56dcc745157207a/SDK_2.6.0_EVKB-IMXRT1050/components/serial_manager/serial_port_uart.c.obj
                0x0000adc4                Serial_UartRead
 .text.__libc_init_array
                0x0000ae3c       0x48 d:/gnu arm embedded toolchain/10 2021.10/bin/../lib/gcc/arm-none-eabi/10.3.1/../../../../arm-none-eabi/lib/thumb/v7e-m+dp/hard\libc_nano.a(lib_a-init.o)
                0x0000ae3c                __libc_init_array
 .text.memset   0x0000ae84       0x10 d:/gnu arm embedded toolchain/10 2021.10/bin/../lib/gcc/arm-none-eabi/10.3.1/../../../../arm-none-eabi/lib/thumb/v7e-m+dp/hard\libc_nano.a(lib_a-memset.o)
                0x0000ae84                memset
 .text          0x0000ae94       0x10 d:/gnu arm embedded toolchain/10 2021.10/bin/../lib/gcc/arm-none-eabi/10.3.1/../../../../arm-none-eabi/lib/thumb/v7e-m+dp/hard\libc_nano.a(lib_a-strlen.o)
                0x0000ae94                strlen
 .text._exit    0x0000aea4        0x4 d:/gnu arm embedded toolchain/10 2021.10/bin/../lib/gcc/arm-none-eabi/10.3.1/../../../../arm-none-eabi/lib/thumb/v7e-m+dp/hard\libnosys.a(_exit.o)
                0x0000aea4                _exit
 *(.gnu.warning)
 *(.glue_7t)
 .glue_7t       0x0000aea8        0x0 linker stubs
 *(.glue_7)
 .glue_7        0x0000aea8        0x0 linker stubs
 *(.vfp11_veneer)
 .vfp11_veneer  0x0000aea8        0x0 linker stubs
 *(.v4_bx)
 .v4_bx         0x0000aea8        0x0 linker stubs

.fini           0x0000aea8        0xc
 *(SORT_NONE(.fini))
 .fini          0x0000aea8        0x4 d:/gnu arm embedded toolchain/10 2021.10/bin/../lib/gcc/arm-none-eabi/10.3.1/thumb/v7e-m+dp/hard/crti.o
                0x0000aea8                _fini
 .fini          0x0000aeac        0x8 d:/gnu arm embedded toolchain/10 2021.10/bin/../lib/gcc/arm-none-eabi/10.3.1/thumb/v7e-m+dp/hard/crtn.o
                0x0000aeb4                PROVIDE (__etext = .)
                [!provide]                PROVIDE (_etext = .)
                [!provide]                PROVIDE (etext = .)

.rodata         0x0000aeb4      0xa10
 *(.rodata .rodata.* .gnu.linkonce.r.*)
 .rodata        0x0000aeb4       0x8f CMakeFiles/hello_world.elf.dir/06b4f722f0096b8e831cef3a518bd843/boards/evkbimxrt1050/demo_apps/hello_world/clock_config.c.obj
 *fill*         0x0000af43        0x1 
 .rodata.armPllConfig_BOARD_BootClockRUN
                0x0000af44        0x8 CMakeFiles/hello_world.elf.dir/06b4f722f0096b8e831cef3a518bd843/boards/evkbimxrt1050/demo_apps/hello_world/clock_config.c.obj
                0x0000af44                armPllConfig_BOARD_BootClockRUN
 .rodata.sysPllConfig_BOARD_BootClockRUN
                0x0000af4c       0x14 CMakeFiles/hello_world.elf.dir/06b4f722f0096b8e831cef3a518bd843/boards/evkbimxrt1050/demo_apps/hello_world/clock_config.c.obj
                0x0000af4c                sysPllConfig_BOARD_BootClockRUN
 .rodata.usb1PllConfig_BOARD_BootClockRUN
                0x0000af60        0x2 CMakeFiles/hello_world.elf.dir/06b4f722f0096b8e831cef3a518bd843/boards/evkbimxrt1050/demo_apps/hello_world/clock_config.c.obj
                0x0000af60                usb1PllConfig_BOARD_BootClockRUN
 *fill*         0x0000af62        0x2 
 .rodata.__func__.2
                0x0000af64       0x12 CMakeFiles/hello_world.elf.dir/06b4f722f0096b8e831cef3a518bd843/boards/evkbimxrt1050/demo_apps/hello_world/clock_config.c.obj
 *fill*         0x0000af76        0x2 
 .rodata.__func__.1
                0x0000af78        0xd CMakeFiles/hello_world.elf.dir/06b4f722f0096b8e831cef3a518bd843/boards/evkbimxrt1050/demo_apps/hello_world/clock_config.c.obj
 *fill*         0x0000af85        0x3 
 .rodata.__func__.0
                0x0000af88        0xd CMakeFiles/hello_world.elf.dir/06b4f722f0096b8e831cef3a518bd843/boards/evkbimxrt1050/demo_apps/hello_world/clock_config.c.obj
 *fill*         0x0000af95        0x3 
 .rodata        0x0000af98       0x3e CMakeFiles/hello_world.elf.dir/F_/NXP/ref/SDK_2.6.0_EVKB-IMXRT1050/SDK_2.6.0_EVKB-IMXRT1050/devices/MIMXRT1052/utilities/fsl_assert.c.obj
 *fill*         0x0000afd6        0x2 
 .rodata        0x0000afd8       0xd1 CMakeFiles/hello_world.elf.dir/F_/NXP/ref/SDK_2.6.0_EVKB-IMXRT1050/SDK_2.6.0_EVKB-IMXRT1050/devices/MIMXRT1052/drivers/fsl_clock.c.obj
 *fill*         0x0000b0a9        0x3 
 .rodata.__func__.1
                0x0000b0ac       0x16 CMakeFiles/hello_world.elf.dir/F_/NXP/ref/SDK_2.6.0_EVKB-IMXRT1050/SDK_2.6.0_EVKB-IMXRT1050/devices/MIMXRT1052/drivers/fsl_clock.c.obj
 *fill*         0x0000b0c2        0x2 
 .rodata        0x0000b0c4       0xcc CMakeFiles/hello_world.elf.dir/06b4f722f0096b8e831cef3a518bd843/devices/MIMXRT1052/utilities/debug_console/fsl_debug_console.c.obj
 .rodata.__func__.3
                0x0000b190       0x1c CMakeFiles/hello_world.elf.dir/06b4f722f0096b8e831cef3a518bd843/devices/MIMXRT1052/utilities/debug_console/fsl_debug_console.c.obj
 .rodata.__func__.1
                0x0000b1ac       0x19 CMakeFiles/hello_world.elf.dir/06b4f722f0096b8e831cef3a518bd843/devices/MIMXRT1052/utilities/debug_console/fsl_debug_console.c.obj
 *fill*         0x0000b1c5        0x3 
 .rodata.__func__.0
                0x0000b1c8       0x10 CMakeFiles/hello_world.elf.dir/06b4f722f0096b8e831cef3a518bd843/devices/MIMXRT1052/utilities/debug_console/fsl_debug_console.c.obj
 .rodata        0x0000b1d8      0x24e CMakeFiles/hello_world.elf.dir/F_/NXP/ref/SDK_2.6.0_EVKB-IMXRT1050/SDK_2.6.0_EVKB-IMXRT1050/devices/MIMXRT1052/drivers/fsl_lpuart.c.obj
 *fill*         0x0000b426        0x2 
 .rodata.s_lpuartBases
                0x0000b428       0x24 CMakeFiles/hello_world.elf.dir/F_/NXP/ref/SDK_2.6.0_EVKB-IMXRT1050/SDK_2.6.0_EVKB-IMXRT1050/devices/MIMXRT1052/drivers/fsl_lpuart.c.obj
 .rodata.s_lpuartClock
                0x0000b44c       0x12 CMakeFiles/hello_world.elf.dir/F_/NXP/ref/SDK_2.6.0_EVKB-IMXRT1050/SDK_2.6.0_EVKB-IMXRT1050/devices/MIMXRT1052/drivers/fsl_lpuart.c.obj
 *fill*         0x0000b45e        0x2 
 .rodata.__func__.20
                0x0000b460       0x13 CMakeFiles/hello_world.elf.dir/F_/NXP/ref/SDK_2.6.0_EVKB-IMXRT1050/SDK_2.6.0_EVKB-IMXRT1050/devices/MIMXRT1052/drivers/fsl_lpuart.c.obj
 *fill*         0x0000b473        0x1 
 .rodata.__func__.15
                0x0000b474        0xc CMakeFiles/hello_world.elf.dir/F_/NXP/ref/SDK_2.6.0_EVKB-IMXRT1050/SDK_2.6.0_EVKB-IMXRT1050/devices/MIMXRT1052/drivers/fsl_lpuart.c.obj
 .rodata.__func__.14
                0x0000b480       0x12 CMakeFiles/hello_world.elf.dir/F_/NXP/ref/SDK_2.6.0_EVKB-IMXRT1050/SDK_2.6.0_EVKB-IMXRT1050/devices/MIMXRT1052/drivers/fsl_lpuart.c.obj
 *fill*         0x0000b492        0x2 
 .rodata.__func__.13
                0x0000b494       0x18 CMakeFiles/hello_world.elf.dir/F_/NXP/ref/SDK_2.6.0_EVKB-IMXRT1050/SDK_2.6.0_EVKB-IMXRT1050/devices/MIMXRT1052/drivers/fsl_lpuart.c.obj
 .rodata.__func__.11
                0x0000b4ac       0x15 CMakeFiles/hello_world.elf.dir/F_/NXP/ref/SDK_2.6.0_EVKB-IMXRT1050/SDK_2.6.0_EVKB-IMXRT1050/devices/MIMXRT1052/drivers/fsl_lpuart.c.obj
 *fill*         0x0000b4c1        0x3 
 .rodata.__func__.10
                0x0000b4c4       0x14 CMakeFiles/hello_world.elf.dir/F_/NXP/ref/SDK_2.6.0_EVKB-IMXRT1050/SDK_2.6.0_EVKB-IMXRT1050/devices/MIMXRT1052/drivers/fsl_lpuart.c.obj
 .rodata        0x0000b4d8        0xf CMakeFiles/hello_world.elf.dir/06b4f722f0096b8e831cef3a518bd843/boards/evkbimxrt1050/demo_apps/hello_world/hello_world.c.obj
 *fill*         0x0000b4e7        0x1 
 .rodata.s_LpuartAdapterBase
                0x0000b4e8       0x24 CMakeFiles/hello_world.elf.dir/F_/NXP/ref/SDK_2.6.0_EVKB-IMXRT1050/SDK_2.6.0_EVKB-IMXRT1050/components/uart/lpuart_adapter.c.obj
 .rodata        0x0000b50c       0xf3 CMakeFiles/hello_world.elf.dir/F_/NXP/ref/SDK_2.6.0_EVKB-IMXRT1050/SDK_2.6.0_EVKB-IMXRT1050/components/uart/lpuart_adapter.c.obj
 *fill*         0x0000b5ff        0x1 
 .rodata.__func__.3
                0x0000b600        0xd CMakeFiles/hello_world.elf.dir/F_/NXP/ref/SDK_2.6.0_EVKB-IMXRT1050/SDK_2.6.0_EVKB-IMXRT1050/components/uart/lpuart_adapter.c.obj
 *fill*         0x0000b60d        0x3 
 .rodata.__func__.1
                0x0000b610       0x18 CMakeFiles/hello_world.elf.dir/F_/NXP/ref/SDK_2.6.0_EVKB-IMXRT1050/SDK_2.6.0_EVKB-IMXRT1050/components/uart/lpuart_adapter.c.obj
 .rodata.__func__.0
                0x0000b628       0x15 CMakeFiles/hello_world.elf.dir/F_/NXP/ref/SDK_2.6.0_EVKB-IMXRT1050/SDK_2.6.0_EVKB-IMXRT1050/components/uart/lpuart_adapter.c.obj
 *fill*         0x0000b63d        0x3 
 .rodata        0x0000b640       0x70 CMakeFiles/hello_world.elf.dir/06b4f722f0096b8e831cef3a518bd843/boards/evkbimxrt1050/demo_apps/hello_world/pin_mux.c.obj
 .rodata.__func__.0
                0x0000b6b0       0x12 CMakeFiles/hello_world.elf.dir/06b4f722f0096b8e831cef3a518bd843/boards/evkbimxrt1050/demo_apps/hello_world/pin_mux.c.obj
 *fill*         0x0000b6c2        0x2 
 .rodata        0x0000b6c4       0xad CMakeFiles/hello_world.elf.dir/e80b1e64208fade1e56dcc745157207a/SDK_2.6.0_EVKB-IMXRT1050/components/serial_manager/serial_manager.c.obj
 *fill*         0x0000b771        0x3 
 .rodata.__func__.9
                0x0000b774       0x14 CMakeFiles/hello_world.elf.dir/e80b1e64208fade1e56dcc745157207a/SDK_2.6.0_EVKB-IMXRT1050/components/serial_manager/serial_manager.c.obj
 .rodata.__func__.8
                0x0000b788       0x13 CMakeFiles/hello_world.elf.dir/e80b1e64208fade1e56dcc745157207a/SDK_2.6.0_EVKB-IMXRT1050/components/serial_manager/serial_manager.c.obj
 *fill*         0x0000b79b        0x1 
 .rodata.__func__.7
                0x0000b79c       0x13 CMakeFiles/hello_world.elf.dir/e80b1e64208fade1e56dcc745157207a/SDK_2.6.0_EVKB-IMXRT1050/components/serial_manager/serial_manager.c.obj
 *fill*         0x0000b7af        0x1 
 .rodata.__func__.5
                0x0000b7b0       0x1e CMakeFiles/hello_world.elf.dir/e80b1e64208fade1e56dcc745157207a/SDK_2.6.0_EVKB-IMXRT1050/components/serial_manager/serial_manager.c.obj
 *fill*         0x0000b7ce        0x2 
 .rodata.__func__.3
                0x0000b7d0       0x1d CMakeFiles/hello_world.elf.dir/e80b1e64208fade1e56dcc745157207a/SDK_2.6.0_EVKB-IMXRT1050/components/serial_manager/serial_manager.c.obj
 *fill*         0x0000b7ed        0x3 
 .rodata        0x0000b7f0       0x9b CMakeFiles/hello_world.elf.dir/e80b1e64208fade1e56dcc745157207a/SDK_2.6.0_EVKB-IMXRT1050/components/serial_manager/serial_port_uart.c.obj
 *fill*         0x0000b88b        0x1 
 .rodata.__func__.3
                0x0000b88c       0x10 CMakeFiles/hello_world.elf.dir/e80b1e64208fade1e56dcc745157207a/SDK_2.6.0_EVKB-IMXRT1050/components/serial_manager/serial_port_uart.c.obj
 .rodata.__func__.1
                0x0000b89c       0x11 CMakeFiles/hello_world.elf.dir/e80b1e64208fade1e56dcc745157207a/SDK_2.6.0_EVKB-IMXRT1050/components/serial_manager/serial_port_uart.c.obj
 *fill*         0x0000b8ad        0x3 
 .rodata.__func__.0
                0x0000b8b0       0x10 CMakeFiles/hello_world.elf.dir/e80b1e64208fade1e56dcc745157207a/SDK_2.6.0_EVKB-IMXRT1050/components/serial_manager/serial_port_uart.c.obj
 .rodata._global_impure_ptr
                0x0000b8c0        0x4 d:/gnu arm embedded toolchain/10 2021.10/bin/../lib/gcc/arm-none-eabi/10.3.1/../../../../arm-none-eabi/lib/thumb/v7e-m+dp/hard\libc_nano.a(lib_a-impure.o)
                0x0000b8c0                _global_impure_ptr

.rodata1
 *(.rodata1)

.ARM.extab
 *(.ARM.extab* .gnu.linkonce.armextab.*)

.ARM.exidx      0x0000b8c4        0x8
                [!provide]                PROVIDE (__exidx_start = .)
 *(.ARM.exidx* .gnu.linkonce.armexidx.*)
 .ARM.exidx     0x0000b8c4        0x8 d:/gnu arm embedded toolchain/10 2021.10/bin/../lib/gcc/arm-none-eabi/10.3.1/../../../../arm-none-eabi/lib/thumb/v7e-m+dp/hard/crt0.o
                                 0x10 (size before relaxing)
                [!provide]                PROVIDE (__exidx_end = .)

.eh_frame_hdr
 *(.eh_frame_hdr)
 *(.eh_frame_entry .eh_frame_entry.*)

.eh_frame       0x0000b8cc        0x4
 *(.eh_frame)
 .eh_frame      0x0000b8cc        0x0 d:/gnu arm embedded toolchain/10 2021.10/bin/../lib/gcc/arm-none-eabi/10.3.1/thumb/v7e-m+dp/hard/crtbegin.o
 .eh_frame      0x0000b8cc        0x4 d:/gnu arm embedded toolchain/10 2021.10/bin/../lib/gcc/arm-none-eabi/10.3.1/thumb/v7e-m+dp/hard/crtend.o
 *(.eh_frame.*)

.gcc_except_table
 *(.gcc_except_table .gcc_except_table.*)

.gnu_extab
 *(.gnu_extab*)

.exception_ranges
 *(.exception_ranges*)
                0x0001b8d0                . = (ALIGN (CONSTANT (MAXPAGESIZE)) + (. & (CONSTANT (MAXPAGESIZE) - 0x1)))

.eh_frame
 *(.eh_frame)
 *(.eh_frame.*)

.gnu_extab
 *(.gnu_extab)

.gcc_except_table
 *(.gcc_except_table .gcc_except_table.*)

.exception_ranges
 *(.exception_ranges*)

.tdata          0x0001b8d0        0x0
                [!provide]                PROVIDE (__tdata_start = .)
 *(.tdata .tdata.* .gnu.linkonce.td.*)

.tbss
 *(.tbss .tbss.* .gnu.linkonce.tb.*)
 *(.tcommon)

.preinit_array  0x0001b8d0        0x0
                0x0001b8d0                PROVIDE (__preinit_array_start = .)
 *(.preinit_array)
                0x0001b8d0                PROVIDE (__preinit_array_end = .)

.init_array     0x0001b8d0        0x4
                0x0001b8d0                PROVIDE (__init_array_start = .)
 *(SORT_BY_INIT_PRIORITY(.init_array.*) SORT_BY_INIT_PRIORITY(.ctors.*))
 *(.init_array EXCLUDE_FILE(*crtend?.o *crtend.o *crtbegin?.o *crtbegin.o) .ctors)
 .init_array    0x0001b8d0        0x4 d:/gnu arm embedded toolchain/10 2021.10/bin/../lib/gcc/arm-none-eabi/10.3.1/thumb/v7e-m+dp/hard/crtbegin.o
                0x0001b8d4                PROVIDE (__init_array_end = .)

.fini_array     0x0001b8d4        0x4
                [!provide]                PROVIDE (__fini_array_start = .)
 *(SORT_BY_INIT_PRIORITY(.fini_array.*) SORT_BY_INIT_PRIORITY(.dtors.*))
 *(.fini_array EXCLUDE_FILE(*crtend?.o *crtend.o *crtbegin?.o *crtbegin.o) .dtors)
 .fini_array    0x0001b8d4        0x4 d:/gnu arm embedded toolchain/10 2021.10/bin/../lib/gcc/arm-none-eabi/10.3.1/thumb/v7e-m+dp/hard/crtbegin.o
                [!provide]                PROVIDE (__fini_array_end = .)

.ctors
 *crtbegin.o(.ctors)
 *crtbegin?.o(.ctors)
 *(EXCLUDE_FILE(*crtend?.o *crtend.o) .ctors)
 *(SORT_BY_NAME(.ctors.*))
 *(.ctors)

.dtors
 *crtbegin.o(.dtors)
 *crtbegin?.o(.dtors)
 *(EXCLUDE_FILE(*crtend?.o *crtend.o) .dtors)
 *(SORT_BY_NAME(.dtors.*))
 *(.dtors)

.jcr
 *(.jcr)

.data.rel.ro
 *(.data.rel.ro.local* .gnu.linkonce.d.rel.ro.local.*)
 *(.data.rel.ro .data.rel.ro.* .gnu.linkonce.d.rel.ro.*)

.dynamic
 *(.dynamic)

.got            0x0001b8d8        0x0
 *(.got.plt)
 *(.igot.plt)
 .igot.plt      0x0001b8d8        0x0 d:/gnu arm embedded toolchain/10 2021.10/bin/../lib/gcc/arm-none-eabi/10.3.1/thumb/v7e-m+dp/hard/crtbegin.o
 *(.got)
 *(.igot)

.data           0x0001b8d8       0x64
                0x0001b8d8                __data_start = .
 *(.data .data.* .gnu.linkonce.d.*)
 .data.SystemCoreClock
                0x0001b8d8        0x4 CMakeFiles/hello_world.elf.dir/F_/NXP/ref/SDK_2.6.0_EVKB-IMXRT1050/SDK_2.6.0_EVKB-IMXRT1050/devices/MIMXRT1052/system_MIMXRT1052.c.obj
                0x0001b8d8                SystemCoreClock
 .data.impure_data
                0x0001b8dc       0x60 d:/gnu arm embedded toolchain/10 2021.10/bin/../lib/gcc/arm-none-eabi/10.3.1/../../../../arm-none-eabi/lib/thumb/v7e-m+dp/hard\libc_nano.a(lib_a-impure.o)

.data1
 *(.data1)
                0x0001b93c                _edata = .
                [!provide]                PROVIDE (edata = .)

.persistent     0x0001b93c        0x0
                0x0001b93c                . = ALIGN (0x4)
                [!provide]                PROVIDE (__persistent_start = .)
 *(.persistent .persistent.* .gnu.linkonce.p.*)
                0x0001b93c                . = ALIGN (0x4)
                [!provide]                PROVIDE (__persistent_end = .)
                0x0001b93c                . = .
                0x0001b93c                __bss_start = .
                0x0001b93c                __bss_start__ = .

.bss            0x0001b93c       0x44
 *(.dynbss)
 *(.bss .bss.* .gnu.linkonce.b.*)
 .bss           0x0001b93c       0x1c d:/gnu arm embedded toolchain/10 2021.10/bin/../lib/gcc/arm-none-eabi/10.3.1/thumb/v7e-m+dp/hard/crtbegin.o
 .bss.g_xtalFreq
                0x0001b958        0x4 CMakeFiles/hello_world.elf.dir/F_/NXP/ref/SDK_2.6.0_EVKB-IMXRT1050/SDK_2.6.0_EVKB-IMXRT1050/devices/MIMXRT1052/drivers/fsl_clock.c.obj
                0x0001b958                g_xtalFreq
 .bss.g_rtcXtalFreq
                0x0001b95c        0x4 CMakeFiles/hello_world.elf.dir/F_/NXP/ref/SDK_2.6.0_EVKB-IMXRT1050/SDK_2.6.0_EVKB-IMXRT1050/devices/MIMXRT1052/drivers/fsl_clock.c.obj
                0x0001b95c                g_rtcXtalFreq
 .bss.s_debugConsoleState
                0x0001b960       0x1c CMakeFiles/hello_world.elf.dir/06b4f722f0096b8e831cef3a518bd843/devices/MIMXRT1052/utilities/debug_console/fsl_debug_console.c.obj
 .bss.g_serialHandle
                0x0001b97c        0x4 CMakeFiles/hello_world.elf.dir/06b4f722f0096b8e831cef3a518bd843/devices/MIMXRT1052/utilities/debug_console/fsl_debug_console.c.obj
                0x0001b97c                g_serialHandle
 *(COMMON)
                0x0001b980                . = ALIGN ((. != 0x0)?0x4:0x1)
                0x0001b980                _bss_end__ = .
                0x0001b980                __bss_end__ = .

.noinit         0x0001b980        0x0
                0x0001b980                . = ALIGN (0x4)
                [!provide]                PROVIDE (__noinit_start = .)
 *(.noinit .noinit.* .gnu.linkonce.n.*)
                0x0001b980                . = ALIGN (0x4)
                [!provide]                PROVIDE (__noinit_end = .)
                0x0001b980                . = ALIGN (0x4)
                0x0001b980                . = SEGMENT_START ("ldata-segment", .)
                0x0001b980                . = ALIGN (0x4)
                0x0001b980                __end__ = .
                0x0001b980                _end = .
                0x0001b980                PROVIDE (end = .)

.stack          0x00080000        0x0
                0x00080000                _stack = .
 *(.stack)

.stab
 *(.stab)

.stabstr
 *(.stabstr)

.stab.excl
 *(.stab.excl)

.stab.exclstr
 *(.stab.exclstr)

.stab.index
 *(.stab.index)

.stab.indexstr
 *(.stab.indexstr)

.comment        0x00000000       0x49
 *(.comment)
 .comment       0x00000000       0x49 CMakeFiles/hello_world.elf.dir/06b4f722f0096b8e831cef3a518bd843/boards/evkbimxrt1050/demo_apps/hello_world/board.c.obj
                                 0x4a (size before relaxing)
 .comment       0x00000049       0x4a CMakeFiles/hello_world.elf.dir/06b4f722f0096b8e831cef3a518bd843/boards/evkbimxrt1050/demo_apps/hello_world/clock_config.c.obj
 .comment       0x00000049       0x4a CMakeFiles/hello_world.elf.dir/F_/NXP/ref/SDK_2.6.0_EVKB-IMXRT1050/SDK_2.6.0_EVKB-IMXRT1050/devices/MIMXRT1052/utilities/fsl_assert.c.obj
 .comment       0x00000049       0x4a CMakeFiles/hello_world.elf.dir/F_/NXP/ref/SDK_2.6.0_EVKB-IMXRT1050/SDK_2.6.0_EVKB-IMXRT1050/devices/MIMXRT1052/drivers/fsl_clock.c.obj
 .comment       0x00000049       0x4a CMakeFiles/hello_world.elf.dir/06b4f722f0096b8e831cef3a518bd843/devices/MIMXRT1052/utilities/debug_console/fsl_debug_console.c.obj
 .comment       0x00000049       0x4a CMakeFiles/hello_world.elf.dir/F_/NXP/ref/SDK_2.6.0_EVKB-IMXRT1050/SDK_2.6.0_EVKB-IMXRT1050/devices/MIMXRT1052/drivers/fsl_lpuart.c.obj
 .comment       0x00000049       0x4a CMakeFiles/hello_world.elf.dir/e80b1e64208fade1e56dcc745157207a/SDK_2.6.0_EVKB-IMXRT1050/devices/MIMXRT1052/utilities/str/fsl_str.c.obj
 .comment       0x00000049       0x4a CMakeFiles/hello_world.elf.dir/06b4f722f0096b8e831cef3a518bd843/boards/evkbimxrt1050/demo_apps/hello_world/hello_world.c.obj
 .comment       0x00000049       0x4a CMakeFiles/hello_world.elf.dir/F_/NXP/ref/SDK_2.6.0_EVKB-IMXRT1050/SDK_2.6.0_EVKB-IMXRT1050/components/uart/lpuart_adapter.c.obj
 .comment       0x00000049       0x4a CMakeFiles/hello_world.elf.dir/06b4f722f0096b8e831cef3a518bd843/boards/evkbimxrt1050/demo_apps/hello_world/pin_mux.c.obj
 .comment       0x00000049       0x4a CMakeFiles/hello_world.elf.dir/e80b1e64208fade1e56dcc745157207a/SDK_2.6.0_EVKB-IMXRT1050/components/serial_manager/serial_manager.c.obj
 .comment       0x00000049       0x4a CMakeFiles/hello_world.elf.dir/e80b1e64208fade1e56dcc745157207a/SDK_2.6.0_EVKB-IMXRT1050/components/serial_manager/serial_port_uart.c.obj
 .comment       0x00000049       0x4a CMakeFiles/hello_world.elf.dir/F_/NXP/ref/SDK_2.6.0_EVKB-IMXRT1050/SDK_2.6.0_EVKB-IMXRT1050/devices/MIMXRT1052/system_MIMXRT1052.c.obj

.gnu.build.attributes
 *(.gnu.build.attributes .gnu.build.attributes.*)

.debug
 *(.debug)

.line
 *(.line)

.debug_srcinfo
 *(.debug_srcinfo)

.debug_sfnames
 *(.debug_sfnames)

.debug_aranges  0x00000000      0x670
 *(.debug_aranges)
 .debug_aranges
                0x00000000       0x90 CMakeFiles/hello_world.elf.dir/06b4f722f0096b8e831cef3a518bd843/boards/evkbimxrt1050/demo_apps/hello_world/board.c.obj
 .debug_aranges
                0x00000090       0x78 CMakeFiles/hello_world.elf.dir/06b4f722f0096b8e831cef3a518bd843/boards/evkbimxrt1050/demo_apps/hello_world/clock_config.c.obj
 .debug_aranges
                0x00000108       0x20 CMakeFiles/hello_world.elf.dir/F_/NXP/ref/SDK_2.6.0_EVKB-IMXRT1050/SDK_2.6.0_EVKB-IMXRT1050/devices/MIMXRT1052/utilities/fsl_assert.c.obj
 .debug_aranges
                0x00000128      0x178 CMakeFiles/hello_world.elf.dir/F_/NXP/ref/SDK_2.6.0_EVKB-IMXRT1050/SDK_2.6.0_EVKB-IMXRT1050/devices/MIMXRT1052/drivers/fsl_clock.c.obj
 .debug_aranges
                0x000002a0       0x90 CMakeFiles/hello_world.elf.dir/06b4f722f0096b8e831cef3a518bd843/devices/MIMXRT1052/utilities/debug_console/fsl_debug_console.c.obj
 .debug_aranges
                0x00000330      0x160 CMakeFiles/hello_world.elf.dir/F_/NXP/ref/SDK_2.6.0_EVKB-IMXRT1050/SDK_2.6.0_EVKB-IMXRT1050/devices/MIMXRT1052/drivers/fsl_lpuart.c.obj
 .debug_aranges
                0x00000490       0x38 CMakeFiles/hello_world.elf.dir/e80b1e64208fade1e56dcc745157207a/SDK_2.6.0_EVKB-IMXRT1050/devices/MIMXRT1052/utilities/str/fsl_str.c.obj
 .debug_aranges
                0x000004c8       0x20 CMakeFiles/hello_world.elf.dir/06b4f722f0096b8e831cef3a518bd843/boards/evkbimxrt1050/demo_apps/hello_world/hello_world.c.obj
 .debug_aranges
                0x000004e8       0x40 CMakeFiles/hello_world.elf.dir/F_/NXP/ref/SDK_2.6.0_EVKB-IMXRT1050/SDK_2.6.0_EVKB-IMXRT1050/components/uart/lpuart_adapter.c.obj
 .debug_aranges
                0x00000528       0x48 CMakeFiles/hello_world.elf.dir/06b4f722f0096b8e831cef3a518bd843/boards/evkbimxrt1050/demo_apps/hello_world/pin_mux.c.obj
 .debug_aranges
                0x00000570       0x88 CMakeFiles/hello_world.elf.dir/e80b1e64208fade1e56dcc745157207a/SDK_2.6.0_EVKB-IMXRT1050/components/serial_manager/serial_manager.c.obj
 .debug_aranges
                0x000005f8       0x38 CMakeFiles/hello_world.elf.dir/e80b1e64208fade1e56dcc745157207a/SDK_2.6.0_EVKB-IMXRT1050/components/serial_manager/serial_port_uart.c.obj
 .debug_aranges
                0x00000630       0x40 CMakeFiles/hello_world.elf.dir/F_/NXP/ref/SDK_2.6.0_EVKB-IMXRT1050/SDK_2.6.0_EVKB-IMXRT1050/devices/MIMXRT1052/system_MIMXRT1052.c.obj

.debug_pubnames
 *(.debug_pubnames)

.debug_info     0x00000000     0xa80d
 *(.debug_info .gnu.linkonce.wi.*)
 .debug_info    0x00000000      0xf9a CMakeFiles/hello_world.elf.dir/06b4f722f0096b8e831cef3a518bd843/boards/evkbimxrt1050/demo_apps/hello_world/board.c.obj
 .debug_info    0x00000f9a     0x1809 CMakeFiles/hello_world.elf.dir/06b4f722f0096b8e831cef3a518bd843/boards/evkbimxrt1050/demo_apps/hello_world/clock_config.c.obj
 .debug_info    0x000027a3       0xd4 CMakeFiles/hello_world.elf.dir/F_/NXP/ref/SDK_2.6.0_EVKB-IMXRT1050/SDK_2.6.0_EVKB-IMXRT1050/devices/MIMXRT1052/utilities/fsl_assert.c.obj
 .debug_info    0x00002877     0x2046 CMakeFiles/hello_world.elf.dir/F_/NXP/ref/SDK_2.6.0_EVKB-IMXRT1050/SDK_2.6.0_EVKB-IMXRT1050/devices/MIMXRT1052/drivers/fsl_clock.c.obj
 .debug_info    0x000048bd      0xb03 CMakeFiles/hello_world.elf.dir/06b4f722f0096b8e831cef3a518bd843/devices/MIMXRT1052/utilities/debug_console/fsl_debug_console.c.obj
 .debug_info    0x000053c0     0x22f0 CMakeFiles/hello_world.elf.dir/F_/NXP/ref/SDK_2.6.0_EVKB-IMXRT1050/SDK_2.6.0_EVKB-IMXRT1050/devices/MIMXRT1052/drivers/fsl_lpuart.c.obj
 .debug_info    0x000076b0      0x4fa CMakeFiles/hello_world.elf.dir/e80b1e64208fade1e56dcc745157207a/SDK_2.6.0_EVKB-IMXRT1050/devices/MIMXRT1052/utilities/str/fsl_str.c.obj
 .debug_info    0x00007baa       0x9f CMakeFiles/hello_world.elf.dir/06b4f722f0096b8e831cef3a518bd843/boards/evkbimxrt1050/demo_apps/hello_world/hello_world.c.obj
 .debug_info    0x00007c49      0xa0e CMakeFiles/hello_world.elf.dir/F_/NXP/ref/SDK_2.6.0_EVKB-IMXRT1050/SDK_2.6.0_EVKB-IMXRT1050/components/uart/lpuart_adapter.c.obj
 .debug_info    0x00008657      0x7c8 CMakeFiles/hello_world.elf.dir/06b4f722f0096b8e831cef3a518bd843/boards/evkbimxrt1050/demo_apps/hello_world/pin_mux.c.obj
 .debug_info    0x00008e1f      0x833 CMakeFiles/hello_world.elf.dir/e80b1e64208fade1e56dcc745157207a/SDK_2.6.0_EVKB-IMXRT1050/components/serial_manager/serial_manager.c.obj
 .debug_info    0x00009652      0x507 CMakeFiles/hello_world.elf.dir/e80b1e64208fade1e56dcc745157207a/SDK_2.6.0_EVKB-IMXRT1050/components/serial_manager/serial_port_uart.c.obj
 .debug_info    0x00009b59      0xcb4 CMakeFiles/hello_world.elf.dir/F_/NXP/ref/SDK_2.6.0_EVKB-IMXRT1050/SDK_2.6.0_EVKB-IMXRT1050/devices/MIMXRT1052/system_MIMXRT1052.c.obj

.debug_abbrev   0x00000000     0x166b
 *(.debug_abbrev)
 .debug_abbrev  0x00000000      0x285 CMakeFiles/hello_world.elf.dir/06b4f722f0096b8e831cef3a518bd843/boards/evkbimxrt1050/demo_apps/hello_world/board.c.obj
 .debug_abbrev  0x00000285      0x203 CMakeFiles/hello_world.elf.dir/06b4f722f0096b8e831cef3a518bd843/boards/evkbimxrt1050/demo_apps/hello_world/clock_config.c.obj
 .debug_abbrev  0x00000488       0x68 CMakeFiles/hello_world.elf.dir/F_/NXP/ref/SDK_2.6.0_EVKB-IMXRT1050/SDK_2.6.0_EVKB-IMXRT1050/devices/MIMXRT1052/utilities/fsl_assert.c.obj
 .debug_abbrev  0x000004f0      0x3ac CMakeFiles/hello_world.elf.dir/F_/NXP/ref/SDK_2.6.0_EVKB-IMXRT1050/SDK_2.6.0_EVKB-IMXRT1050/devices/MIMXRT1052/drivers/fsl_clock.c.obj
 .debug_abbrev  0x0000089c      0x1e3 CMakeFiles/hello_world.elf.dir/06b4f722f0096b8e831cef3a518bd843/devices/MIMXRT1052/utilities/debug_console/fsl_debug_console.c.obj
 .debug_abbrev  0x00000a7f      0x320 CMakeFiles/hello_world.elf.dir/F_/NXP/ref/SDK_2.6.0_EVKB-IMXRT1050/SDK_2.6.0_EVKB-IMXRT1050/devices/MIMXRT1052/drivers/fsl_lpuart.c.obj
 .debug_abbrev  0x00000d9f      0x177 CMakeFiles/hello_world.elf.dir/e80b1e64208fade1e56dcc745157207a/SDK_2.6.0_EVKB-IMXRT1050/devices/MIMXRT1052/utilities/str/fsl_str.c.obj
 .debug_abbrev  0x00000f16       0x57 CMakeFiles/hello_world.elf.dir/06b4f722f0096b8e831cef3a518bd843/boards/evkbimxrt1050/demo_apps/hello_world/hello_world.c.obj
 .debug_abbrev  0x00000f6d      0x188 CMakeFiles/hello_world.elf.dir/F_/NXP/ref/SDK_2.6.0_EVKB-IMXRT1050/SDK_2.6.0_EVKB-IMXRT1050/components/uart/lpuart_adapter.c.obj
 .debug_abbrev  0x000010f5      0x160 CMakeFiles/hello_world.elf.dir/06b4f722f0096b8e831cef3a518bd843/boards/evkbimxrt1050/demo_apps/hello_world/pin_mux.c.obj
 .debug_abbrev  0x00001255      0x155 CMakeFiles/hello_world.elf.dir/e80b1e64208fade1e56dcc745157207a/SDK_2.6.0_EVKB-IMXRT1050/components/serial_manager/serial_manager.c.obj
 .debug_abbrev  0x000013aa      0x138 CMakeFiles/hello_world.elf.dir/e80b1e64208fade1e56dcc745157207a/SDK_2.6.0_EVKB-IMXRT1050/components/serial_manager/serial_port_uart.c.obj
 .debug_abbrev  0x000014e2      0x189 CMakeFiles/hello_world.elf.dir/F_/NXP/ref/SDK_2.6.0_EVKB-IMXRT1050/SDK_2.6.0_EVKB-IMXRT1050/devices/MIMXRT1052/system_MIMXRT1052.c.obj

.debug_line     0x00000000     0x4b05
 *(.debug_line .debug_line.* .debug_line_end)
 .debug_line    0x00000000      0x794 CMakeFiles/hello_world.elf.dir/06b4f722f0096b8e831cef3a518bd843/boards/evkbimxrt1050/demo_apps/hello_world/board.c.obj
 .debug_line    0x00000794      0x5b1 CMakeFiles/hello_world.elf.dir/06b4f722f0096b8e831cef3a518bd843/boards/evkbimxrt1050/demo_apps/hello_world/clock_config.c.obj
 .debug_line    0x00000d45       0xed CMakeFiles/hello_world.elf.dir/F_/NXP/ref/SDK_2.6.0_EVKB-IMXRT1050/SDK_2.6.0_EVKB-IMXRT1050/devices/MIMXRT1052/utilities/fsl_assert.c.obj
 .debug_line    0x00000e32      0xe05 CMakeFiles/hello_world.elf.dir/F_/NXP/ref/SDK_2.6.0_EVKB-IMXRT1050/SDK_2.6.0_EVKB-IMXRT1050/devices/MIMXRT1052/drivers/fsl_clock.c.obj
 .debug_line    0x00001c37      0x5cc CMakeFiles/hello_world.elf.dir/06b4f722f0096b8e831cef3a518bd843/devices/MIMXRT1052/utilities/debug_console/fsl_debug_console.c.obj
 .debug_line    0x00002203     0x1007 CMakeFiles/hello_world.elf.dir/F_/NXP/ref/SDK_2.6.0_EVKB-IMXRT1050/SDK_2.6.0_EVKB-IMXRT1050/devices/MIMXRT1052/drivers/fsl_lpuart.c.obj
 .debug_line    0x0000320a      0x797 CMakeFiles/hello_world.elf.dir/e80b1e64208fade1e56dcc745157207a/SDK_2.6.0_EVKB-IMXRT1050/devices/MIMXRT1052/utilities/str/fsl_str.c.obj
 .debug_line    0x000039a1       0xca CMakeFiles/hello_world.elf.dir/06b4f722f0096b8e831cef3a518bd843/boards/evkbimxrt1050/demo_apps/hello_world/hello_world.c.obj
 .debug_line    0x00003a6b      0x318 CMakeFiles/hello_world.elf.dir/F_/NXP/ref/SDK_2.6.0_EVKB-IMXRT1050/SDK_2.6.0_EVKB-IMXRT1050/components/uart/lpuart_adapter.c.obj
 .debug_line    0x00003d83      0x2b1 CMakeFiles/hello_world.elf.dir/06b4f722f0096b8e831cef3a518bd843/boards/evkbimxrt1050/demo_apps/hello_world/pin_mux.c.obj
 .debug_line    0x00004034      0x3e8 CMakeFiles/hello_world.elf.dir/e80b1e64208fade1e56dcc745157207a/SDK_2.6.0_EVKB-IMXRT1050/components/serial_manager/serial_manager.c.obj
 .debug_line    0x0000441c      0x272 CMakeFiles/hello_world.elf.dir/e80b1e64208fade1e56dcc745157207a/SDK_2.6.0_EVKB-IMXRT1050/components/serial_manager/serial_port_uart.c.obj
 .debug_line    0x0000468e      0x477 CMakeFiles/hello_world.elf.dir/F_/NXP/ref/SDK_2.6.0_EVKB-IMXRT1050/SDK_2.6.0_EVKB-IMXRT1050/devices/MIMXRT1052/system_MIMXRT1052.c.obj

.debug_frame    0x00000000     0x1918
 *(.debug_frame)
 .debug_frame   0x00000000      0x238 CMakeFiles/hello_world.elf.dir/06b4f722f0096b8e831cef3a518bd843/boards/evkbimxrt1050/demo_apps/hello_world/board.c.obj
 .debug_frame   0x00000238      0x1c8 CMakeFiles/hello_world.elf.dir/06b4f722f0096b8e831cef3a518bd843/boards/evkbimxrt1050/demo_apps/hello_world/clock_config.c.obj
 .debug_frame   0x00000400       0x30 CMakeFiles/hello_world.elf.dir/F_/NXP/ref/SDK_2.6.0_EVKB-IMXRT1050/SDK_2.6.0_EVKB-IMXRT1050/devices/MIMXRT1052/utilities/fsl_assert.c.obj
 .debug_frame   0x00000430      0x648 CMakeFiles/hello_world.elf.dir/F_/NXP/ref/SDK_2.6.0_EVKB-IMXRT1050/SDK_2.6.0_EVKB-IMXRT1050/devices/MIMXRT1052/drivers/fsl_clock.c.obj
 .debug_frame   0x00000a78      0x250 CMakeFiles/hello_world.elf.dir/06b4f722f0096b8e831cef3a518bd843/devices/MIMXRT1052/utilities/debug_console/fsl_debug_console.c.obj
 .debug_frame   0x00000cc8      0x5bc CMakeFiles/hello_world.elf.dir/F_/NXP/ref/SDK_2.6.0_EVKB-IMXRT1050/SDK_2.6.0_EVKB-IMXRT1050/devices/MIMXRT1052/drivers/fsl_lpuart.c.obj
 .debug_frame   0x00001284       0xb4 CMakeFiles/hello_world.elf.dir/e80b1e64208fade1e56dcc745157207a/SDK_2.6.0_EVKB-IMXRT1050/devices/MIMXRT1052/utilities/str/fsl_str.c.obj
 .debug_frame   0x00001338       0x30 CMakeFiles/hello_world.elf.dir/06b4f722f0096b8e831cef3a518bd843/boards/evkbimxrt1050/demo_apps/hello_world/hello_world.c.obj
 .debug_frame   0x00001368       0xc8 CMakeFiles/hello_world.elf.dir/F_/NXP/ref/SDK_2.6.0_EVKB-IMXRT1050/SDK_2.6.0_EVKB-IMXRT1050/components/uart/lpuart_adapter.c.obj
 .debug_frame   0x00001430       0xe8 CMakeFiles/hello_world.elf.dir/06b4f722f0096b8e831cef3a518bd843/boards/evkbimxrt1050/demo_apps/hello_world/pin_mux.c.obj
 .debug_frame   0x00001518      0x208 CMakeFiles/hello_world.elf.dir/e80b1e64208fade1e56dcc745157207a/SDK_2.6.0_EVKB-IMXRT1050/components/serial_manager/serial_manager.c.obj
 .debug_frame   0x00001720       0xa0 CMakeFiles/hello_world.elf.dir/e80b1e64208fade1e56dcc745157207a/SDK_2.6.0_EVKB-IMXRT1050/components/serial_manager/serial_port_uart.c.obj
 .debug_frame   0x000017c0       0xc4 CMakeFiles/hello_world.elf.dir/F_/NXP/ref/SDK_2.6.0_EVKB-IMXRT1050/SDK_2.6.0_EVKB-IMXRT1050/devices/MIMXRT1052/system_MIMXRT1052.c.obj
 .debug_frame   0x00001884       0x28 d:/gnu arm embedded toolchain/10 2021.10/bin/../lib/gcc/arm-none-eabi/10.3.1/../../../../arm-none-eabi/lib/thumb/v7e-m+dp/hard\libc_nano.a(lib_a-exit.o)
 .debug_frame   0x000018ac       0x2c d:/gnu arm embedded toolchain/10 2021.10/bin/../lib/gcc/arm-none-eabi/10.3.1/../../../../arm-none-eabi/lib/thumb/v7e-m+dp/hard\libc_nano.a(lib_a-init.o)
 .debug_frame   0x000018d8       0x20 d:/gnu arm embedded toolchain/10 2021.10/bin/../lib/gcc/arm-none-eabi/10.3.1/../../../../arm-none-eabi/lib/thumb/v7e-m+dp/hard\libc_nano.a(lib_a-memset.o)
 .debug_frame   0x000018f8       0x20 d:/gnu arm embedded toolchain/10 2021.10/bin/../lib/gcc/arm-none-eabi/10.3.1/../../../../arm-none-eabi/lib/thumb/v7e-m+dp/hard\libnosys.a(_exit.o)

.debug_str      0x00000000     0x5af1
 *(.debug_str)
 .debug_str     0x00000000      0xc25 CMakeFiles/hello_world.elf.dir/06b4f722f0096b8e831cef3a518bd843/boards/evkbimxrt1050/demo_apps/hello_world/board.c.obj
                                0xc63 (size before relaxing)
 .debug_str     0x00000c25     0x16ec CMakeFiles/hello_world.elf.dir/06b4f722f0096b8e831cef3a518bd843/boards/evkbimxrt1050/demo_apps/hello_world/clock_config.c.obj
                               0x1f7a (size before relaxing)
 .debug_str     0x00002311       0x8a CMakeFiles/hello_world.elf.dir/F_/NXP/ref/SDK_2.6.0_EVKB-IMXRT1050/SDK_2.6.0_EVKB-IMXRT1050/devices/MIMXRT1052/utilities/fsl_assert.c.obj
                                0x2a1 (size before relaxing)
 .debug_str     0x0000239b      0xbae CMakeFiles/hello_world.elf.dir/F_/NXP/ref/SDK_2.6.0_EVKB-IMXRT1050/SDK_2.6.0_EVKB-IMXRT1050/devices/MIMXRT1052/drivers/fsl_clock.c.obj
                               0x1c4c (size before relaxing)
 .debug_str     0x00002f49      0x6c1 CMakeFiles/hello_world.elf.dir/06b4f722f0096b8e831cef3a518bd843/devices/MIMXRT1052/utilities/debug_console/fsl_debug_console.c.obj
                               0x1134 (size before relaxing)
 .debug_str     0x0000360a     0x19dc CMakeFiles/hello_world.elf.dir/F_/NXP/ref/SDK_2.6.0_EVKB-IMXRT1050/SDK_2.6.0_EVKB-IMXRT1050/devices/MIMXRT1052/drivers/fsl_lpuart.c.obj
                               0x2cb2 (size before relaxing)
 .debug_str     0x00004fe6      0x208 CMakeFiles/hello_world.elf.dir/e80b1e64208fade1e56dcc745157207a/SDK_2.6.0_EVKB-IMXRT1050/devices/MIMXRT1052/utilities/str/fsl_str.c.obj
                                0x47c (size before relaxing)
 .debug_str     0x000051ee       0x7b CMakeFiles/hello_world.elf.dir/06b4f722f0096b8e831cef3a518bd843/boards/evkbimxrt1050/demo_apps/hello_world/hello_world.c.obj
                                0x28d (size before relaxing)
 .debug_str     0x00005269      0x2e5 CMakeFiles/hello_world.elf.dir/F_/NXP/ref/SDK_2.6.0_EVKB-IMXRT1050/SDK_2.6.0_EVKB-IMXRT1050/components/uart/lpuart_adapter.c.obj
                               0x11f0 (size before relaxing)
 .debug_str     0x0000554e       0xb2 CMakeFiles/hello_world.elf.dir/06b4f722f0096b8e831cef3a518bd843/boards/evkbimxrt1050/demo_apps/hello_world/pin_mux.c.obj
                                0xac7 (size before relaxing)
 .debug_str     0x00005600      0x311 CMakeFiles/hello_world.elf.dir/e80b1e64208fade1e56dcc745157207a/SDK_2.6.0_EVKB-IMXRT1050/components/serial_manager/serial_manager.c.obj
                                0x76a (size before relaxing)
 .debug_str     0x00005911       0xf7 CMakeFiles/hello_world.elf.dir/e80b1e64208fade1e56dcc745157207a/SDK_2.6.0_EVKB-IMXRT1050/components/serial_manager/serial_port_uart.c.obj
                                0x7fe (size before relaxing)
 .debug_str     0x00005a08       0xe9 CMakeFiles/hello_world.elf.dir/F_/NXP/ref/SDK_2.6.0_EVKB-IMXRT1050/SDK_2.6.0_EVKB-IMXRT1050/devices/MIMXRT1052/system_MIMXRT1052.c.obj
                                0x84b (size before relaxing)

.debug_loc
 *(.debug_loc)

.debug_macinfo
 *(.debug_macinfo)

.debug_weaknames
 *(.debug_weaknames)

.debug_funcnames
 *(.debug_funcnames)

.debug_typenames
 *(.debug_typenames)

.debug_varnames
 *(.debug_varnames)

.debug_pubtypes
 *(.debug_pubtypes)

.debug_ranges   0x00000000      0x5a0
 *(.debug_ranges)
 .debug_ranges  0x00000000       0x80 CMakeFiles/hello_world.elf.dir/06b4f722f0096b8e831cef3a518bd843/boards/evkbimxrt1050/demo_apps/hello_world/board.c.obj
 .debug_ranges  0x00000080       0x68 CMakeFiles/hello_world.elf.dir/06b4f722f0096b8e831cef3a518bd843/boards/evkbimxrt1050/demo_apps/hello_world/clock_config.c.obj
 .debug_ranges  0x000000e8       0x10 CMakeFiles/hello_world.elf.dir/F_/NXP/ref/SDK_2.6.0_EVKB-IMXRT1050/SDK_2.6.0_EVKB-IMXRT1050/devices/MIMXRT1052/utilities/fsl_assert.c.obj
 .debug_ranges  0x000000f8      0x168 CMakeFiles/hello_world.elf.dir/F_/NXP/ref/SDK_2.6.0_EVKB-IMXRT1050/SDK_2.6.0_EVKB-IMXRT1050/devices/MIMXRT1052/drivers/fsl_clock.c.obj
 .debug_ranges  0x00000260       0x80 CMakeFiles/hello_world.elf.dir/06b4f722f0096b8e831cef3a518bd843/devices/MIMXRT1052/utilities/debug_console/fsl_debug_console.c.obj
 .debug_ranges  0x000002e0      0x150 CMakeFiles/hello_world.elf.dir/F_/NXP/ref/SDK_2.6.0_EVKB-IMXRT1050/SDK_2.6.0_EVKB-IMXRT1050/devices/MIMXRT1052/drivers/fsl_lpuart.c.obj
 .debug_ranges  0x00000430       0x28 CMakeFiles/hello_world.elf.dir/e80b1e64208fade1e56dcc745157207a/SDK_2.6.0_EVKB-IMXRT1050/devices/MIMXRT1052/utilities/str/fsl_str.c.obj
 .debug_ranges  0x00000458       0x10 CMakeFiles/hello_world.elf.dir/06b4f722f0096b8e831cef3a518bd843/boards/evkbimxrt1050/demo_apps/hello_world/hello_world.c.obj
 .debug_ranges  0x00000468       0x30 CMakeFiles/hello_world.elf.dir/F_/NXP/ref/SDK_2.6.0_EVKB-IMXRT1050/SDK_2.6.0_EVKB-IMXRT1050/components/uart/lpuart_adapter.c.obj
 .debug_ranges  0x00000498       0x38 CMakeFiles/hello_world.elf.dir/06b4f722f0096b8e831cef3a518bd843/boards/evkbimxrt1050/demo_apps/hello_world/pin_mux.c.obj
 .debug_ranges  0x000004d0       0x78 CMakeFiles/hello_world.elf.dir/e80b1e64208fade1e56dcc745157207a/SDK_2.6.0_EVKB-IMXRT1050/components/serial_manager/serial_manager.c.obj
 .debug_ranges  0x00000548       0x28 CMakeFiles/hello_world.elf.dir/e80b1e64208fade1e56dcc745157207a/SDK_2.6.0_EVKB-IMXRT1050/components/serial_manager/serial_port_uart.c.obj
 .debug_ranges  0x00000570       0x30 CMakeFiles/hello_world.elf.dir/F_/NXP/ref/SDK_2.6.0_EVKB-IMXRT1050/SDK_2.6.0_EVKB-IMXRT1050/devices/MIMXRT1052/system_MIMXRT1052.c.obj

.debug_addr
 *(.debug_addr)

.debug_line_str
 *(.debug_line_str)

.debug_loclists
 *(.debug_loclists)

.debug_macro
 *(.debug_macro)

.debug_names
 *(.debug_names)

.debug_rnglists
 *(.debug_rnglists)

.debug_str_offsets
 *(.debug_str_offsets)

.debug_sup
 *(.debug_sup)

.ARM.attributes
                0x00000000       0x2e
 *(.ARM.attributes)
 .ARM.attributes
                0x00000000       0x1e d:/gnu arm embedded toolchain/10 2021.10/bin/../lib/gcc/arm-none-eabi/10.3.1/thumb/v7e-m+dp/hard/crti.o
 .ARM.attributes
                0x0000001e       0x32 d:/gnu arm embedded toolchain/10 2021.10/bin/../lib/gcc/arm-none-eabi/10.3.1/thumb/v7e-m+dp/hard/crtbegin.o
 .ARM.attributes
                0x00000050       0x1c d:/gnu arm embedded toolchain/10 2021.10/bin/../lib/gcc/arm-none-eabi/10.3.1/../../../../arm-none-eabi/lib/thumb/v7e-m+dp/hard/crt0.o
 .ARM.attributes
                0x0000006c       0x1d CMakeFiles/hello_world.elf.dir/e80b1e64208fade1e56dcc745157207a/SDK_2.6.0_EVKB-IMXRT1050/devices/MIMXRT1052/gcc/startup_MIMXRT1052.S.obj
 .ARM.attributes
                0x00000089       0x32 CMakeFiles/hello_world.elf.dir/06b4f722f0096b8e831cef3a518bd843/boards/evkbimxrt1050/demo_apps/hello_world/board.c.obj
 .ARM.attributes
                0x000000bb       0x32 CMakeFiles/hello_world.elf.dir/06b4f722f0096b8e831cef3a518bd843/boards/evkbimxrt1050/demo_apps/hello_world/clock_config.c.obj
 .ARM.attributes
                0x000000ed       0x32 CMakeFiles/hello_world.elf.dir/06b4f722f0096b8e831cef3a518bd843/boards/evkbimxrt1050/xip/evkbimxrt1050_flexspi_nor_config.c.obj
 .ARM.attributes
                0x0000011f       0x32 CMakeFiles/hello_world.elf.dir/06b4f722f0096b8e831cef3a518bd843/boards/evkbimxrt1050/xip/evkbimxrt1050_sdram_ini_dcd.c.obj
 .ARM.attributes
                0x00000151       0x32 CMakeFiles/hello_world.elf.dir/F_/NXP/ref/SDK_2.6.0_EVKB-IMXRT1050/SDK_2.6.0_EVKB-IMXRT1050/devices/MIMXRT1052/utilities/fsl_assert.c.obj
 .ARM.attributes
                0x00000183       0x32 CMakeFiles/hello_world.elf.dir/F_/NXP/ref/SDK_2.6.0_EVKB-IMXRT1050/SDK_2.6.0_EVKB-IMXRT1050/devices/MIMXRT1052/drivers/fsl_clock.c.obj
 .ARM.attributes
                0x000001b5       0x32 CMakeFiles/hello_world.elf.dir/F_/NXP/ref/SDK_2.6.0_EVKB-IMXRT1050/SDK_2.6.0_EVKB-IMXRT1050/devices/MIMXRT1052/drivers/fsl_common.c.obj
 .ARM.attributes
                0x000001e7       0x32 CMakeFiles/hello_world.elf.dir/06b4f722f0096b8e831cef3a518bd843/devices/MIMXRT1052/utilities/debug_console/fsl_debug_console.c.obj
 .ARM.attributes
                0x00000219       0x32 CMakeFiles/hello_world.elf.dir/06b4f722f0096b8e831cef3a518bd843/devices/MIMXRT1052/xip/fsl_flexspi_nor_boot.c.obj
 .ARM.attributes
                0x0000024b       0x32 CMakeFiles/hello_world.elf.dir/F_/NXP/ref/SDK_2.6.0_EVKB-IMXRT1050/SDK_2.6.0_EVKB-IMXRT1050/devices/MIMXRT1052/drivers/fsl_gpio.c.obj
 .ARM.attributes
                0x0000027d       0x32 CMakeFiles/hello_world.elf.dir/F_/NXP/ref/SDK_2.6.0_EVKB-IMXRT1050/SDK_2.6.0_EVKB-IMXRT1050/devices/MIMXRT1052/drivers/fsl_lpuart.c.obj
 .ARM.attributes
                0x000002af       0x32 CMakeFiles/hello_world.elf.dir/e80b1e64208fade1e56dcc745157207a/SDK_2.6.0_EVKB-IMXRT1050/devices/MIMXRT1052/utilities/str/fsl_str.c.obj
 .ARM.attributes
                0x000002e1       0x32 CMakeFiles/hello_world.elf.dir/F_/NXP/ref/SDK_2.6.0_EVKB-IMXRT1050/SDK_2.6.0_EVKB-IMXRT1050/components/lists/generic_list.c.obj
 .ARM.attributes
                0x00000313       0x32 CMakeFiles/hello_world.elf.dir/06b4f722f0096b8e831cef3a518bd843/boards/evkbimxrt1050/demo_apps/hello_world/hello_world.c.obj
 .ARM.attributes
                0x00000345       0x32 CMakeFiles/hello_world.elf.dir/F_/NXP/ref/SDK_2.6.0_EVKB-IMXRT1050/SDK_2.6.0_EVKB-IMXRT1050/components/uart/lpuart_adapter.c.obj
 .ARM.attributes
                0x00000377       0x32 CMakeFiles/hello_world.elf.dir/06b4f722f0096b8e831cef3a518bd843/boards/evkbimxrt1050/demo_apps/hello_world/pin_mux.c.obj
 .ARM.attributes
                0x000003a9       0x32 CMakeFiles/hello_world.elf.dir/e80b1e64208fade1e56dcc745157207a/SDK_2.6.0_EVKB-IMXRT1050/components/serial_manager/serial_manager.c.obj
 .ARM.attributes
                0x000003db       0x32 CMakeFiles/hello_world.elf.dir/e80b1e64208fade1e56dcc745157207a/SDK_2.6.0_EVKB-IMXRT1050/components/serial_manager/serial_port_uart.c.obj
 .ARM.attributes
                0x0000040d       0x32 CMakeFiles/hello_world.elf.dir/F_/NXP/ref/SDK_2.6.0_EVKB-IMXRT1050/SDK_2.6.0_EVKB-IMXRT1050/devices/MIMXRT1052/system_MIMXRT1052.c.obj
 .ARM.attributes
                0x0000043f       0x32 d:/gnu arm embedded toolchain/10 2021.10/bin/../lib/gcc/arm-none-eabi/10.3.1/../../../../arm-none-eabi/lib/thumb/v7e-m+dp/hard\libc_nano.a(lib_a-exit.o)
 .ARM.attributes
                0x00000471       0x32 d:/gnu arm embedded toolchain/10 2021.10/bin/../lib/gcc/arm-none-eabi/10.3.1/../../../../arm-none-eabi/lib/thumb/v7e-m+dp/hard\libc_nano.a(lib_a-impure.o)
 .ARM.attributes
                0x000004a3       0x32 d:/gnu arm embedded toolchain/10 2021.10/bin/../lib/gcc/arm-none-eabi/10.3.1/../../../../arm-none-eabi/lib/thumb/v7e-m+dp/hard\libc_nano.a(lib_a-init.o)
 .ARM.attributes
                0x000004d5       0x32 d:/gnu arm embedded toolchain/10 2021.10/bin/../lib/gcc/arm-none-eabi/10.3.1/../../../../arm-none-eabi/lib/thumb/v7e-m+dp/hard\libc_nano.a(lib_a-malloc.o)
 .ARM.attributes
                0x00000507       0x32 d:/gnu arm embedded toolchain/10 2021.10/bin/../lib/gcc/arm-none-eabi/10.3.1/../../../../arm-none-eabi/lib/thumb/v7e-m+dp/hard\libc_nano.a(lib_a-memset.o)
 .ARM.attributes
                0x00000539       0x32 d:/gnu arm embedded toolchain/10 2021.10/bin/../lib/gcc/arm-none-eabi/10.3.1/../../../../arm-none-eabi/lib/thumb/v7e-m+dp/hard\libc_nano.a(lib_a-nano-freer.o)
 .ARM.attributes
                0x0000056b       0x32 d:/gnu arm embedded toolchain/10 2021.10/bin/../lib/gcc/arm-none-eabi/10.3.1/../../../../arm-none-eabi/lib/thumb/v7e-m+dp/hard\libc_nano.a(lib_a-nano-mallocr.o)
 .ARM.attributes
                0x0000059d       0x32 d:/gnu arm embedded toolchain/10 2021.10/bin/../lib/gcc/arm-none-eabi/10.3.1/../../../../arm-none-eabi/lib/thumb/v7e-m+dp/hard\libc_nano.a(lib_a-sbrkr.o)
 .ARM.attributes
                0x000005cf       0x17 d:/gnu arm embedded toolchain/10 2021.10/bin/../lib/gcc/arm-none-eabi/10.3.1/../../../../arm-none-eabi/lib/thumb/v7e-m+dp/hard\libc_nano.a(lib_a-strlen.o)
 .ARM.attributes
                0x000005e6       0x32 d:/gnu arm embedded toolchain/10 2021.10/bin/../lib/gcc/arm-none-eabi/10.3.1/../../../../arm-none-eabi/lib/thumb/v7e-m+dp/hard\libc_nano.a(lib_a-mlock.o)
 .ARM.attributes
                0x00000618       0x32 d:/gnu arm embedded toolchain/10 2021.10/bin/../lib/gcc/arm-none-eabi/10.3.1/../../../../arm-none-eabi/lib/thumb/v7e-m+dp/hard\libc_nano.a(lib_a-reent.o)
 .ARM.attributes
                0x0000064a       0x32 d:/gnu arm embedded toolchain/10 2021.10/bin/../lib/gcc/arm-none-eabi/10.3.1/../../../../arm-none-eabi/lib/thumb/v7e-m+dp/hard\libc_nano.a(lib_a-lock.o)
 .ARM.attributes
                0x0000067c       0x1e d:/gnu arm embedded toolchain/10 2021.10/bin/../lib/gcc/arm-none-eabi/10.3.1/thumb/v7e-m+dp/hard\libgcc.a(_aeabi_uldivmod.o)
 .ARM.attributes
                0x0000069a       0x32 d:/gnu arm embedded toolchain/10 2021.10/bin/../lib/gcc/arm-none-eabi/10.3.1/thumb/v7e-m+dp/hard\libgcc.a(_udivmoddi4.o)
 .ARM.attributes
                0x000006cc       0x1e d:/gnu arm embedded toolchain/10 2021.10/bin/../lib/gcc/arm-none-eabi/10.3.1/thumb/v7e-m+dp/hard\libgcc.a(_dvmd_tls.o)
 .ARM.attributes
                0x000006ea       0x32 d:/gnu arm embedded toolchain/10 2021.10/bin/../lib/gcc/arm-none-eabi/10.3.1/../../../../arm-none-eabi/lib/thumb/v7e-m+dp/hard\libnosys.a(sbrk.o)
 .ARM.attributes
                0x0000071c       0x32 d:/gnu arm embedded toolchain/10 2021.10/bin/../lib/gcc/arm-none-eabi/10.3.1/../../../../arm-none-eabi/lib/thumb/v7e-m+dp/hard\libnosys.a(_exit.o)
 .ARM.attributes
                0x0000074e       0x32 d:/gnu arm embedded toolchain/10 2021.10/bin/../lib/gcc/arm-none-eabi/10.3.1/thumb/v7e-m+dp/hard/crtend.o
 .ARM.attributes
                0x00000780       0x1e d:/gnu arm embedded toolchain/10 2021.10/bin/../lib/gcc/arm-none-eabi/10.3.1/thumb/v7e-m+dp/hard/crtn.o
 *(.gnu.attributes)

.note.gnu.arm.ident
 *(.note.gnu.arm.ident)

/DISCARD/
 *(.note.GNU-stack)
 *(.gnu_debuglink)
 *(.gnu.lto_*)
OUTPUT(debug/hello_world.elf elf32-littlearm)
LOAD linker stubs
